02-21 16:41:06.599   344  3116 D AudioMTKGainController: setNormalVolume(), mSceneIndex = 0, stream 1, devices 0x2, index 8, mode 0x0
02-21 16:41:06.599   344  3116 D AudioMTKGainController: setSpeakerGain(), gain = 18, spkAnaType = 3, spkLMixerName = Lineout_PGAL_GAIN, spkRMixerName = Lineout_PGAR_GAIN
02-21 16:41:06.599   344  3116 D AudioALSAStreamOut: open(), flags 6
02-21 16:41:06.599   344  3116 D AudioALSAStreamManager: +createPlaybackHandler(), mAudioMode = 0, output_devices = 0x2, isMixerOut = 0x0, flag = 6
02-21 16:41:06.599   344  3116 D AudioALSAPlaybackHandlerNormal: +open(), flag 6, mDevice = 0x2
02-21 16:41:06.599   344  3116 D AudioALSADeviceParser: compare pcm success = 7, stringpair = I2S0DL1_PLayback
02-21 16:41:06.599   344  3116 D AudioALSAPlaybackHandlerBase: transferAudioFormatToPcmFormat(), audio_format(0x4) => pcm_format(0x1)
02-21 16:41:06.600   344  3116 D AudioALSAPlaybackHandlerNormal: open(), mConfig: channels = 2, rate = 48000, period_size = 256, period_count = 2, format = 1, avail_min = 256, start_threshold = 512
02-21 16:41:06.600   344  3116 D AudioALSAPlaybackHandlerNormal: SetLowJitterMode(), bypass low jitter mode, bEnable = 1, device = 0x2, SampleRate = 48000
02-21 16:41:06.601   344  3116 D AudioALSAPlaybackHandlerBase: openPcmDriverWithFlag(), pcm device = 7 flag = 0x8 mPcm = 0xb59a87e0
02-21 16:41:06.601   344  3116 D AudioALSAPlaybackHandlerBase: CreateAurisysLibManager, voip: 0, mAurisysScenario: 1
02-21 16:41:06.601   344  3116 D aurisys_utility: input dev: 0x0, fmt = 0x3, fs: 48000, max fs: 48000, ch: 2, max ch: 1, ch maks: 0x3, hw_info_mask: 0x0; output dev: 0x2, fmt = 0x3, fs: 48000, max fs: 48000, ch: 2, max ch: 2, ch maks: 0x3, hw_info_mask: 0x0; task_scene: 2, audio_mode: 0, output_flags: 0x6, input_source: 0, input_flags: 0x0, enhancement_feature_mask: 0x0
02-21 16:41:06.601   344  3116 D aurisys_utility: lib, working fs: 48000, fmt: 0x3, frame = 0, b_interleave = 1, num_ul_ref_buf_array = 0, num_dl_ref_buf_array = 0
02-21 16:41:06.601   344  3116 D aurisys_utility: dl in[type:2], ch: 2, ch_mask: 0x0, buf fs: 48000, buf content fs: 48000, fmt: 0x3; dl out[type:3], ch: 2, ch_mask: 0x0, buf fs: 48000, buf content fs: 48000, fmt: 0x3
02-21 16:41:06.601   344  3116 D AudioCompFltCustParam: getPlaybackPostProcessParameterFromXML Type/Name [5]/[PlaybackDRC]
02-21 16:41:06.601   344  3116 D AudioCompFltCustParam: getPlaybackPostProcessParameterFromXML Type/Name [0]/[PlaybackACF]
02-21 16:41:06.601   344  3116 D aurisys_lib_handler: aurisys_arsi_parsing_param_file(), gProductInfo "platform=invalid,device=SP_B08,model=O1", file_path "/vendor/etc/audio_param", enhancement_mode 0, param_buf_size 2528, data_size 2528
02-21 16:41:06.602   344  3116 D aurisys_lib_handler: aurisys_arsi_create_handler(), lib_name mtk_bessound, 0xb4842380, memory_size 72532, arsi_handler 0xb47cfc00, retval 0
02-21 16:41:06.602   344  3116 D aurisys_lib_handler: aurisys_arsi_create_handler(), arsi_query_process_unit_bytes, ul 0, dl 512, retval 0
02-21 16:41:06.602   344  3116 D aurisys_lib_manager: DL Lib, lib_name mtk_bessound, 0xb4842380, sample_rate: 48000 => 48000, num_channels: 2 => 2, audio_format: 0x3 => 0x3, interleave: 1 => 1, frame: 0 => 0
02-21 16:41:06.602   344  3116 D aurisys_lib_manager: DL out, sample_rate: 48000 => 48000, num_channels: 2 => 2, audio_format: 0x3 => 0x4, interleave: 1 => 1, frame: 0 => 0
02-21 16:41:06.602   344  3116 D AudioALSAHardwareResourceManager: +startOutputDevice(), new_devices = 0x2, mOutputDevices = 0x0, mStartOutputDevicesCount = 0 SampleRate = 48000
02-21 16:41:06.602   344  3116 D AudioALSADeviceConfigManager: ApplyDeviceTurnonSequenceByName() DeviceName = speaker_output descriptor->DeviceStatusCounte = 0
02-21 16:41:06.603   344  3116 D AudioALSADeviceConfigManager: ApplyDeviceTurnonSequenceByName() DeviceName = ext_speaker_output descriptor->DeviceStatusCounte = 0
02-21 16:41:06.614   344  3116 D AudioALSAStreamManager: speakerStatusChangeCb(), status = 0
02-21 16:41:06.614   344  3116 D AudioVoiceUIDL: [GetSRCInputParameter] mOutputSampleRate 16000,  mInputSampleRate 48000, mInChannel 2, mOutChannel, 0 format 4
02-21 16:41:06.614   344  3116 D AudioVoiceUIDL: [GetSRCInputParameter] create SRC handle fail
02-21 16:41:06.614   344  3116 D AudioALSAPlaybackHandlerNormal: -open()
02-21 16:41:06.615   344  3116 E AudioALSAPlaybackHandlerBase: -getHardwareBufferInfo(), pcm_get_htimestamp fail, ret = -1, pcm_get_error = 
02-21 16:41:06.707   822  1005 D AudioTrack: setVolume(): 0x9b4f8780, left = 0.000000, right = 0.000000
02-21 16:41:06.707   822  1005 D AudioTrack: stop(): 0x9b4f8780, mState = 0
02-21 16:41:06.707   822  1005 D AudioTrack: audiotrack 0x9b4f8780 stop done
02-21 16:41:06.800   361   413 D APM_AudioPolicyManager: stopOutput() output 13, stream 1, session 145
02-21 16:41:06.800   361   413 V APM::AudioOutputDescriptor: changeRefCount() stream 1, count 0
02-21 16:41:06.853   366   366 I SurfaceFlinger: [Built-in Screen (type:0)] fps:35.756863,dur:1006.80,max:421.94,min:14.40
02-21 16:41:06.887   366  1278 I BufferQueue: [com.android.systemui/com.android.systemui.recents.RecentsActivity#0](this:0xae90b000,id:781,api:1,p:-1,c:-1) ~BufferQueueCore
02-21 16:41:06.895   366   386 I BufferQueueProducer: [StatusBar#0](this:0xae1f3000,id:4,api:1,p:1009,c:366) queueBuffer: fps=0.53 dur=1899.96 max=1899.96 min=1899.96
02-21 16:41:06.899   366   386 I BufferQueueProducer: [NavigationBar#0](this:0xae905000,id:706,api:1,p:1009,c:366) queueBuffer: fps=13.04 dur=2070.48 max=1603.59 min=5.97
02-21 16:41:07.310   344   344 D AudioALSAStreamOut: standby(), flag 6
02-21 16:41:07.310   344   344 D AudioALSAStreamOut: standbyStreamOut(), flag 6
02-21 16:41:07.310   344   344 D AudioALSAStreamOut: close(), flags 6
02-21 16:41:07.310   344   344 D AudioALSAPlaybackHandlerNormal: +close(), flag 6, mDevice = 0x2
02-21 16:41:07.310   344   344 D AudioVoiceUIDL: [SetInputStandBy] ReadRefFromRing to exit? (0) 
02-21 16:41:07.310   344   344 D AudioALSAHardwareResourceManager: +stopOutputDevice(), mOutputDevices = 0x2, mStartOutputDevicesCount = 1
02-21 16:41:07.311   344   344 D AudioALSADeviceConfigManager: ApplyDeviceTurnoffSequenceByName(), DeviceName = ext_speaker_output descriptor->DeviceStatusCounter = 1
02-21 16:41:07.311   344   344 D AudioALSADeviceConfigManager: ApplyDeviceTurnoffSequenceByName(), DeviceName = speaker_output descriptor->DeviceStatusCounter = 1
02-21 16:41:07.312   344   344 D AudioALSAStreamManager: speakerStatusChangeCb(), status = 1
02-21 16:41:07.312   344   344 D AudioALSAPlaybackHandlerBase: -closePcmDriver(), mPcm = 0x0
02-21 16:41:07.312   344   344 D AudioALSAPlaybackHandlerNormal: SetLowJitterMode(), bypass low jitter mode, bEnable = 0, device = 0x2, SampleRate = 48000
02-21 16:41:07.313   344   344 D AudioALSAPlaybackHandlerBase: DestroyAurisysLibManager()
02-21 16:41:07.313   344   344 D aurisys_lib_handler: aurisys_arsi_destroy_handler(), lib_name mtk_bessound, 0xb4842380, arsi_destroy_handler, arsi_handler = 0xb47cfc00, retval = 0
02-21 16:41:07.313   344   344 D aurisys_lib_manager: delete_aurisys_lib_manager(), manager 0xb59ed420
02-21 16:41:07.313   344   344 D AudioALSAPlaybackHandlerNormal: -close()
02-21 16:41:07.338   822   822 I PowerWrap: PowerHal_TouchBoost
02-21 16:41:07.356   822  1643 I ActivityManager: START u0 {act=android.intent.action.MAIN cat=[android.intent.category.LAUNCHER] flg=0x10200000 cmp=com.anonymous.innobet/.MainActivity bnds=[360,422][526,672]} from uid 1000
02-21 16:41:07.339   822   822 I PowerWrap: PowerHal_TouchBoost
02-21 16:41:07.360   822   980 D AudioTrack: setVolume(): 0x9b4f8780, left = 0.501187, right = 0.501187
02-21 16:41:07.360   822   980 E AudioTrack: start(): 0x9b4f8780, mState = 1
02-21 16:41:07.360   361  2359 D APM_AudioPolicyManager: startOutput() output 13, stream 1, session 145
02-21 16:41:07.360   361  2359 V APM::AudioOutputDescriptor: changeRefCount() stream 1, count 1
02-21 16:41:07.363   344  3116 D AudioALSAStreamManager: +syncSharedOutDevice(), routingSharedOutDevice: 2
02-21 16:41:07.363   366   386 I BufferQueueProducer: [com.android.launcher3/com.android.launcher3.Launcher#0](this:0xae249000,id:783,api:1,p:1620,c:366) queueBuffer: fps=17.73 dur=1353.79 max=592.78 min=9.54
02-21 16:41:07.363   344  3116 D AudioALSAStreamManager: -syncSharedOutDevice()
02-21 16:41:07.363   344  3116 D AudioALSAStreamManager: setMasterVolume(), volume = 1.000000
02-21 16:41:07.363   344  3116 D AudioMTKGainController: setNormalVolume(), mSceneIndex = 0, stream 1, devices 0x2, index 8, mode 0x0
02-21 16:41:07.363   344  3116 D AudioMTKGainController: setSpeakerGain(), gain = 18, spkAnaType = 3, spkLMixerName = Lineout_PGAL_GAIN, spkRMixerName = Lineout_PGAR_GAIN
02-21 16:41:07.363   344  3116 D AudioALSAStreamOut: open(), flags 6
02-21 16:41:07.363   344  3116 D AudioALSAStreamManager: +createPlaybackHandler(), mAudioMode = 0, output_devices = 0x2, isMixerOut = 0x0, flag = 6
02-21 16:41:07.363   344  3116 D AudioALSAPlaybackHandlerNormal: +open(), flag 6, mDevice = 0x2
02-21 16:41:07.363   344  3116 D AudioALSADeviceParser: compare pcm success = 7, stringpair = I2S0DL1_PLayback
02-21 16:41:07.364   344  3116 D AudioALSAPlaybackHandlerBase: transferAudioFormatToPcmFormat(), audio_format(0x4) => pcm_format(0x1)
02-21 16:41:07.364   344  3116 D AudioALSAPlaybackHandlerNormal: open(), mConfig: channels = 2, rate = 48000, period_size = 256, period_count = 2, format = 1, avail_min = 256, start_threshold = 512
02-21 16:41:07.364   344  3116 D AudioALSAPlaybackHandlerNormal: SetLowJitterMode(), bypass low jitter mode, bEnable = 1, device = 0x2, SampleRate = 48000
02-21 16:41:07.365   344  3116 D AudioALSAPlaybackHandlerBase: openPcmDriverWithFlag(), pcm device = 7 flag = 0x8 mPcm = 0xb59a87e0
02-21 16:41:07.365   344  3116 D AudioALSAPlaybackHandlerBase: CreateAurisysLibManager, voip: 0, mAurisysScenario: 1
02-21 16:41:07.365   344  3116 D aurisys_utility: input dev: 0x0, fmt = 0x3, fs: 48000, max fs: 48000, ch: 2, max ch: 1, ch maks: 0x3, hw_info_mask: 0x0; output dev: 0x2, fmt = 0x3, fs: 48000, max fs: 48000, ch: 2, max ch: 2, ch maks: 0x3, hw_info_mask: 0x0; task_scene: 2, audio_mode: 0, output_flags: 0x6, input_source: 0, input_flags: 0x0, enhancement_feature_mask: 0x0
02-21 16:41:07.365   344  3116 D aurisys_utility: lib, working fs: 48000, fmt: 0x3, frame = 0, b_interleave = 1, num_ul_ref_buf_array = 0, num_dl_ref_buf_array = 0
02-21 16:41:07.365   344  3116 D aurisys_utility: dl in[type:2], ch: 2, ch_mask: 0x0, buf fs: 48000, buf content fs: 48000, fmt: 0x3; dl out[type:3], ch: 2, ch_mask: 0x0, buf fs: 48000, buf content fs: 48000, fmt: 0x3
02-21 16:41:07.366   344  3116 D AudioCompFltCustParam: getPlaybackPostProcessParameterFromXML Type/Name [5]/[PlaybackDRC]
02-21 16:41:07.366   344  3116 D AudioCompFltCustParam: getPlaybackPostProcessParameterFromXML Type/Name [0]/[PlaybackACF]
02-21 16:41:07.366   344  3116 D aurisys_lib_handler: aurisys_arsi_parsing_param_file(), gProductInfo "platform=invalid,device=SP_B08,model=O1", file_path "/vendor/etc/audio_param", enhancement_mode 0, param_buf_size 2528, data_size 2528
02-21 16:41:07.366   344  3116 D aurisys_lib_handler: aurisys_arsi_create_handler(), lib_name mtk_bessound, 0xb4842380, memory_size 72532, arsi_handler 0xb47cf3c0, retval 0
02-21 16:41:07.366   344  3116 D aurisys_lib_handler: aurisys_arsi_create_handler(), arsi_query_process_unit_bytes, ul 0, dl 512, retval 0
02-21 16:41:07.366   344  3116 D aurisys_lib_manager: DL Lib, lib_name mtk_bessound, 0xb4842380, sample_rate: 48000 => 48000, num_channels: 2 => 2, audio_format: 0x3 => 0x3, interleave: 1 => 1, frame: 0 => 0
02-21 16:41:07.366   344  3116 D aurisys_lib_manager: DL out, sample_rate: 48000 => 48000, num_channels: 2 => 2, audio_format: 0x3 => 0x4, interleave: 1 => 1, frame: 0 => 0
02-21 16:41:07.366   344  3116 D AudioALSAHardwareResourceManager: +startOutputDevice(), new_devices = 0x2, mOutputDevices = 0x0, mStartOutputDevicesCount = 0 SampleRate = 48000
02-21 16:41:07.366   357  1276 I vendor.mediatek.hardware.power@2.0-impl: powerHintAsync hint:8, data:1
02-21 16:41:07.366   344  3116 D AudioALSADeviceConfigManager: ApplyDeviceTurnonSequenceByName() DeviceName = speaker_output descriptor->DeviceStatusCounte = 0
02-21 16:41:07.367   344  3116 D AudioALSADeviceConfigManager: ApplyDeviceTurnonSequenceByName() DeviceName = ext_speaker_output descriptor->DeviceStatusCounte = 0
02-21 16:41:07.368   357   382 I libPowerHal: 8: cpu_ctrl set freq: 2001000 -1
02-21 16:41:07.370   822  1643 I PowerWrap: PowerHal_Wrap_mtkPowerHint
02-21 16:41:07.370   822  1643 I PowerWrap: PowerHal_Wrap_mtkPowerHint
02-21 16:41:07.374   822   938 D ViewRootImpl[innobet]: hardware acceleration = false , fakeHwAccelerated = true, sRendererDisabled = false, forceHwAccelerated = false, sSystemRendererDisabled = false
02-21 16:41:07.378   344  3116 D AudioALSAStreamManager: speakerStatusChangeCb(), status = 0
02-21 16:41:07.378   344  3116 D AudioVoiceUIDL: [GetSRCInputParameter] mOutputSampleRate 16000,  mInputSampleRate 48000, mInChannel 2, mOutChannel, 0 format 4
02-21 16:41:07.378   344  3116 D AudioVoiceUIDL: [GetSRCInputParameter] create SRC handle fail
02-21 16:41:07.378   344  3116 D AudioALSAPlaybackHandlerNormal: -open()
02-21 16:41:07.378   344  3116 E AudioALSAPlaybackHandlerBase: -getHardwareBufferInfo(), pcm_get_htimestamp fail, ret = -1, pcm_get_error = 
02-21 16:41:07.379   822  3074 I PowerWrap: PowerHal_Wrap_mtkPowerHint
02-21 16:41:07.380   822  3074 I chatty  : uid=1000(system) Binder:822_14 identical 2 lines
02-21 16:41:07.380   822  3074 I PowerWrap: PowerHal_Wrap_mtkPowerHint
02-21 16:41:07.394   366   386 I BufferQueue: [unnamed-366-784](this:0xae973000,id:784,api:0,p:-1,c:-1) BufferQueue core=(366:/system/bin/surfaceflinger)
02-21 16:41:07.395   366   386 I BufferQueueConsumer: [unnamed-366-784](this:0xae973000,id:784,api:0,p:-1,c:366) connect(C): consumer=(366:/system/bin/surfaceflinger) controlledByApp=false
02-21 16:41:07.395   366   386 I BufferQueueConsumer: [unnamed-366-784](this:0xae973000,id:784,api:0,p:-1,c:366) setConsumerName: unnamed-366-784
02-21 16:41:07.396   366   386 I BufferQueueConsumer: [Splash Screen com.anonymous.innobet#0](this:0xae973000,id:784,api:0,p:-1,c:366) setConsumerName: Splash Screen com.anonymous.innobet#0
02-21 16:41:07.396   366   386 I BufferQueueConsumer: [Splash Screen com.anonymous.innobet#0](this:0xae973000,id:784,api:0,p:-1,c:366) setDefaultBufferSize: width=720 height=1440
02-21 16:41:07.397   822   938 V WindowManager: Changing focus from Window{8e39278 u0 com.android.launcher3/com.android.launcher3.Launcher} to null Callers=com.android.server.wm.WindowManagerService.relayoutWindow:2134 com.android.server.wm.Session.relayout:244 android.view.ViewRootImpl.relayoutWindow:6751 android.view.ViewRootImpl.performTraversals:2091 
02-21 16:41:07.397   822   938 D WindowManager: Input focus has changed to null
02-21 16:41:07.398   822   901 I WindowManager: Focus moving from Window{8e39278 u0 com.android.launcher3/com.android.launcher3.Launcher} to null
02-21 16:41:07.404   822   938 D Surface : lockCanvas
02-21 16:41:07.404   822   938 D Surface : Surface::connect(this=0x88e92800,api=2)
02-21 16:41:07.404   366  1289 I BufferQueueProducer: [Splash Screen com.anonymous.innobet#0](this:0xae973000,id:784,api:2,p:822,c:366) connect(P): api=2 producer=(822:system_server) producerControlledByApp=false
02-21 16:41:07.424   822   894 I ActivityManager: Start proc 32024:com.anonymous.innobet/u0a64 for activity com.anonymous.innobet/.MainActivity
02-21 16:41:07.440 32024 32024 E onymous.innobe: Not starting debugger since process cannot load the jdwp agent.
02-21 16:41:07.450 32024 32024 E libc    : Access denied finding property "persist.vendor.sys.activitylog"
02-21 16:41:07.447 32024 32024 W re-initialized>: type=1400 audit(0.0:1688): avc: denied { read } for name="u:object_r:mtk_amslog_prop:s0" dev="tmpfs" ino=10053 scontext=u:r:untrusted_app:s0:c64,c256,c512,c768 tcontext=u:object_r:mtk_amslog_prop:s0 tclass=file permissive=0
02-21 16:41:07.462   822  3074 V WindowManager: Set focused app to: AppWindowToken{3c87eed token=Token{65a4904 ActivityRecord{b012117 u0 com.anonymous.innobet/.MainActivity t119}}} old focus=AppWindowToken{5c2ba5d token=Token{6938c34 ActivityRecord{ff5b307 u0 com.android.launcher3/.Launcher t2}}} moveFocusNow=true
02-21 16:41:07.464   822  1005 D AudioTrack: setVolume(): 0x9b4f8780, left = 0.000000, right = 0.000000
02-21 16:41:07.464   822  1005 D AudioTrack: stop(): 0x9b4f8780, mState = 0
02-21 16:41:07.464   822  1005 D AudioTrack: audiotrack 0x9b4f8780 stop done
02-21 16:41:07.466   357   383 I vendor.mediatek.hardware.power@2.0-impl: notifyAppState pack:com.anonymous.innobet, act:com.anonymous.innobet.MainActivity, pid:32024, state:1
02-21 16:41:07.469   357   382 I libPowerHal: [perfNotifyAppState] foreground:com.anonymous.innobet, pid:32024
02-21 16:41:07.474   361  2359 D APM_AudioPolicyManager: AudioPolicyManager:setRecordSilenced(uid:10064, silenced:0)
02-21 16:41:07.475   361  2359 D AudioFlinger: AudioFlinger::setRecordSilenced(uid:10064, silenced:0)
02-21 16:41:07.561   361   413 D APM_AudioPolicyManager: stopOutput() output 13, stream 1, session 145
02-21 16:41:07.562   361   413 V APM::AudioOutputDescriptor: changeRefCount() stream 1, count 0
02-21 16:41:07.579 32024 32024 W FirebaseApp: Default FirebaseApp failed to initialize because no default options were found. This usually means that com.google.gms:google-services was not applied to your gradle project.
02-21 16:41:07.579 32024 32024 I FirebaseInitProvider: FirebaseApp initialization unsuccessful
02-21 16:41:07.627 32024 32024 W SoLoader: Initializing SoLoader: 0
02-21 16:41:07.628 32024 32024 W SoLoader: Recording new base apk path: /data/app/com.anonymous.innobet-UvydEps8ymsKxRvRnT0UMg==/base.apk
02-21 16:41:07.628 32024 32024 W SoLoader: Previously recorded 0 base apk paths.
02-21 16:41:07.631 32024 32024 I SoLoader: Preparing SO source: DirectorySoSource[root = /system/lib flags = 2]
02-21 16:41:07.631 32024 32024 I SoLoader: Preparing SO source: DirectorySoSource[root = /vendor/lib flags = 2]
02-21 16:41:07.631 32024 32024 I SoLoader: Preparing SO source: DirectApkSoSource[root = [/data/app/com.anonymous.innobet-UvydEps8ymsKxRvRnT0UMg==/base.apk!/lib/armeabi-v7a]]
02-21 16:41:07.673 32024 32024 I SoLoader: Preparing SO source: ApplicationSoSource[DirectorySoSource[root = /data/app/com.anonymous.innobet-UvydEps8ymsKxRvRnT0UMg==/lib/arm flags = 0]]
02-21 16:41:07.674 32024 32024 I SoLoader: init finish: 4 SO sources prepared
02-21 16:41:07.674 32024 32024 W SoLoader: SoLoader initialized: 8
02-21 16:41:07.684  1582  2367 D ACCS_TEST: handleControlMsg
02-21 16:41:07.684  1582  2367 D ACCS_TEST: handleControlMsg configTagAliyunPush, dataId: 8320570a-b8e5-49ce-99f2-a301c63d0c95, serviceId: null, command:100, errorCode: ÚöÖÞ»»þáü´╝Ü200, ÚöÖÞ»»´╝ÜµêÉÕèƒ
02-21 16:41:07.724 32024 32024 D AppCompatDelegate: Checking for metadata for AppLocalesMetadataHolderService : Service not found
02-21 16:41:07.736   822  1643 V SettingsProvider: packageValueForCallResult, name = null, value : Bundle[{_track_generation=android.util.MemoryIntArray@68, value=null, _generation_index=0, _generation=15}]
02-21 16:41:07.840 32024 32024 I SurfaceFactory: [static] sSurfaceFactory = com.mediatek.view.impl.SurfaceFactoryImpl@51b670d
02-21 16:41:07.841 32024 32024 D OpenGLRenderer: Skia GL Pipeline
02-21 16:41:07.849  1620  1846 D Surface : Surface::disconnect(this=0x9b4c5000,api=1)
02-21 16:41:07.854   366  1289 I BufferQueueProducer: [com.android.launcher3/com.android.launcher3.Launcher#0](this:0xae249000,id:783,api:1,p:1620,c:366) disconnect(P): api 1
02-21 16:41:07.854   366  1289 D BufferQueueConsumer: [com.android.launcher3/com.android.launcher3.Launcher#0](this:0xae249000,id:783,api:1,p:-1,c:366) getReleasedBuffers: returning mask 0xffffffffffffffff
02-21 16:41:07.859   366   366 I SurfaceFlinger: [Built-in Screen (type:0)] fps:42.739262,dur:1006.10,max:326.41,min:14.23
02-21 16:41:07.868 32024 32024 D ViewRootImpl[MainActivity]: hardware acceleration = true , fakeHwAccelerated = false, sRendererDisabled = false, forceHwAccelerated = false, sSystemRendererDisabled = false
02-21 16:41:07.870   366  1289 I SurfaceFlinger: [SF client] NEW(0xae946fa0) for (822:system_server)
02-21 16:41:07.874 32024 32024 V PhoneWindow: DecorView setVisiblity: visibility = 0, Parent = android.view.ViewRootImpl@5a46709, this = DecorView@85acd0e[MainActivity]
02-21 16:41:07.891   822  1643 I WindowManager: Relayout Window{b81341b u0 com.anonymous.innobet/com.anonymous.innobet.MainActivity}: oldVis=4 newVis=0 focusMayChange = true
02-21 16:41:07.895   366  1289 I BufferQueue: [unnamed-366-785](this:0xae248000,id:785,api:0,p:-1,c:-1) BufferQueue core=(366:/system/bin/surfaceflinger)
02-21 16:41:07.895   366  1289 I BufferQueueConsumer: [unnamed-366-785](this:0xae248000,id:785,api:0,p:-1,c:366) connect(C): consumer=(366:/system/bin/surfaceflinger) controlledByApp=false
02-21 16:41:07.895   366  1289 I BufferQueueConsumer: [unnamed-366-785](this:0xae248000,id:785,api:0,p:-1,c:366) setConsumerName: unnamed-366-785
02-21 16:41:07.896   366  1289 I BufferQueueConsumer: [com.anonymous.innobet/com.anonymous.innobet.MainActivity#0](this:0xae248000,id:785,api:0,p:-1,c:366) setConsumerName: com.anonymous.innobet/com.anonymous.innobet.MainActivity#0
02-21 16:41:07.896   366  1289 I BufferQueueConsumer: [com.anonymous.innobet/com.anonymous.innobet.MainActivity#0](this:0xae248000,id:785,api:0,p:-1,c:366) setDefaultBufferSize: width=720 height=1440
02-21 16:41:07.897   822  1643 V WindowManager: Changing focus from null to Window{b81341b u0 com.anonymous.innobet/com.anonymous.innobet.MainActivity} Callers=com.android.server.wm.WindowManagerService.relayoutWindow:2134 com.android.server.wm.Session.relayout:244 android.view.IWindowSession$Stub.onTransact:309 com.android.server.wm.Session.onTransact:164 
02-21 16:41:07.897   822  1643 D WindowManager: Input focus has changed to Window{b81341b u0 com.anonymous.innobet/com.anonymous.innobet.MainActivity}
02-21 16:41:07.898   822   901 I WindowManager: Focus moving from null to Window{b81341b u0 com.anonymous.innobet/com.anonymous.innobet.MainActivity}
02-21 16:41:07.899 32024 32024 D Surface : Surface::allocateBuffers(this=0x9b4c5000)
02-21 16:41:07.906 32024 32042 E GED     : Failed to get GED Log Buf, err(0)
02-21 16:41:07.913 32024 32042 I ConfigStore: android::hardware::configstore::V1_0::ISurfaceFlingerConfigs::hasWideColorDisplay retrieved: 0
02-21 16:41:07.913 32024 32042 I ConfigStore: android::hardware::configstore::V1_0::ISurfaceFlingerConfigs::hasHDRDisplay retrieved: 0
02-21 16:41:07.913 32024 32042 I OpenGLRenderer: Initialized EGL, version 1.4
02-21 16:41:07.914 32024 32042 D OpenGLRenderer: Swap behavior 2
02-21 16:41:07.924 32024 32039 D NetworkSecurityConfig: No Network Security Config specified, using platform default
02-21 16:41:07.936 32024 32042 D Surface : Surface::connect(this=0x9b4c5000,api=1)
02-21 16:41:07.937   366   386 I BufferQueueProducer: [com.anonymous.innobet/com.anonymous.innobet.MainActivity#0](this:0xae248000,id:785,api:1,p:32024,c:366) connect(P): api=1 producer=(32024:com.anonymous.innobet) producerControlledByApp=true
02-21 16:41:08.029 32024 32046 I dev.expo.updates: {"timestamp":1771702868028,"message":"embeddedAssetFileMap: embeddedAssets count = 79","code":"None","level":"info"}
02-21 16:41:08.032 32024 32046 I dev.expo.updates: {"timestamp":1771702868032,"message":"embeddedAssetFileMap: 778ffc9fe8773a878e9c30a6304784de,png => file:\/\/\/data\/user\/0\/com.anonymous.innobet\/files\/.expo-internal\/778ffc9fe8773a878e9c30a6304784de.png","code":"None","level":"info"}
02-21 16:41:08.034 32024 32046 I dev.expo.updates: {"timestamp":1771702868033,"message":"embeddedAssetFileMap: c79c3606a1cf168006ad3979763c7e0c,png => file:\/\/\/data\/user\/0\/com.anonymous.innobet\/files\/.expo-internal\/c79c3606a1cf168006ad3979763c7e0c.png","code":"None","level":"info"}
02-21 16:41:08.035 32024 32046 I dev.expo.updates: {"timestamp":1771702868035,"message":"embeddedAssetFileMap: 02bc1fa7c0313217bde2d65ccbff40c9,png => file:\/\/\/data\/user\/0\/com.anonymous.innobet\/files\/.expo-internal\/02bc1fa7c0313217bde2d65ccbff40c9.png","code":"None","level":"info"}
02-21 16:41:08.037 32024 32046 I dev.expo.updates: {"timestamp":1771702868037,"message":"embeddedAssetFileMap: 35ba0eaec5a4f5ed12ca16fabeae451d,png => file:\/\/\/data\/user\/0\/com.anonymous.innobet\/files\/.expo-internal\/35ba0eaec5a4f5ed12ca16fabeae451d.png","code":"None","level":"info"}
02-21 16:41:08.039 32024 32046 I dev.expo.updates: {"timestamp":1771702868039,"message":"embeddedAssetFileMap: 0a328cd9c1afd0afe8e3b1ec5165b1b4,png => file:\/\/\/data\/user\/0\/com.anonymous.innobet\/files\/.expo-internal\/0a328cd9c1afd0afe8e3b1ec5165b1b4.png","code":"None","level":"info"}
02-21 16:41:08.041 32024 32046 I dev.expo.updates: {"timestamp":1771702868041,"message":"embeddedAssetFileMap: 3cd68ccdb8938e3711da2e8831b85493,png => file:\/\/\/data\/user\/0\/com.anonymous.innobet\/files\/.expo-internal\/3cd68ccdb8938e3711da2e8831b85493.png","code":"None","level":"info"}
02-21 16:41:08.043 32024 32046 I dev.expo.updates: {"timestamp":1771702868043,"message":"embeddedAssetFileMap: 61ca7e64b7d605716c57706cef640b9a,png => file:\/\/\/data\/user\/0\/com.anonymous.innobet\/files\/.expo-internal\/61ca7e64b7d605716c57706cef640b9a.png","code":"None","level":"info"}
02-21 16:41:08.046 32024 32046 I dev.expo.updates: {"timestamp":1771702868046,"message":"embeddedAssetFileMap: aff2c65b39a296d4f7e96d0f58169170,png => file:\/\/\/data\/user\/0\/com.anonymous.innobet\/files\/.expo-internal\/aff2c65b39a296d4f7e96d0f58169170.png","code":"None","level":"info"}
02-21 16:41:08.048 32024 32046 I dev.expo.updates: {"timestamp":1771702868048,"message":"embeddedAssetFileMap: d8e7601e3df962f83c62371ac14964d8,png => file:\/\/\/data\/user\/0\/com.anonymous.innobet\/files\/.expo-internal\/d8e7601e3df962f83c62371ac14964d8.png","code":"None","level":"info"}
02-21 16:41:08.049 32024 32046 I dev.expo.updates: {"timestamp":1771702868049,"message":"embeddedAssetFileMap: 3cd68ccdb8938e3711da2e8831b85493,png => file:\/\/\/data\/user\/0\/com.anonymous.innobet\/files\/.expo-internal\/3cd68ccdb8938e3711da2e8831b85493.png","code":"None","level":"info"}
02-21 16:41:08.051 32024 32046 I dev.expo.updates: {"timestamp":1771702868051,"message":"embeddedAssetFileMap: 0747a1317bbe9c6fc340b889ef8ab3ae,png => file:\/\/\/data\/user\/0\/com.anonymous.innobet\/files\/.expo-internal\/0747a1317bbe9c6fc340b889ef8ab3ae.png","code":"None","level":"info"}
02-21 16:41:08.052 32024 32046 I dev.expo.updates: {"timestamp":1771702868052,"message":"embeddedAssetFileMap: d84e297c3b3e49a614248143d53e40ca,png => file:\/\/\/data\/user\/0\/com.anonymous.innobet\/files\/.expo-internal\/d84e297c3b3e49a614248143d53e40ca.png","code":"None","level":"info"}
02-21 16:41:08.054 32024 32046 I dev.expo.updates: {"timestamp":1771702868054,"message":"embeddedAssetFileMap: 1190ab078c57159f4245a328118fcd9a,png => file:\/\/\/data\/user\/0\/com.anonymous.innobet\/files\/.expo-internal\/1190ab078c57159f4245a328118fcd9a.png","code":"None","level":"info"}
02-21 16:41:08.056 32024 32046 I dev.expo.updates: {"timestamp":1771702868055,"message":"embeddedAssetFileMap: 78c625386b4d0690b421eb0fc78f7b9c,png => file:\/\/\/data\/user\/0\/com.anonymous.innobet\/files\/.expo-internal\/78c625386b4d0690b421eb0fc78f7b9c.png","code":"None","level":"info"}
02-21 16:41:08.058 32024 32046 I dev.expo.updates: {"timestamp":1771702868057,"message":"embeddedAssetFileMap: 0747a1317bbe9c6fc340b889ef8ab3ae,png => file:\/\/\/data\/user\/0\/com.anonymous.innobet\/files\/.expo-internal\/0747a1317bbe9c6fc340b889ef8ab3ae.png","code":"None","level":"info"}
02-21 16:41:08.059 32024 32046 I dev.expo.updates: {"timestamp":1771702868059,"message":"embeddedAssetFileMap: 4403c6117ec30c859bc95d70ce4a71d3,png => file:\/\/\/data\/user\/0\/com.anonymous.innobet\/files\/.expo-internal\/4403c6117ec30c859bc95d70ce4a71d3.png","code":"None","level":"info"}
02-21 16:41:08.061 32024 32046 I dev.expo.updates: {"timestamp":1771702868060,"message":"embeddedAssetFileMap: 069d99eb1fa6712c0b9034a58c6b57dd,png => file:\/\/\/data\/user\/0\/com.anonymous.innobet\/files\/.expo-internal\/069d99eb1fa6712c0b9034a58c6b57dd.png","code":"None","level":"info"}
02-21 16:41:08.062 32024 32046 I dev.expo.updates: {"timestamp":1771702868062,"message":"embeddedAssetFileMap: c3273c9e5321f20d1e42c2efae2578c4,png => file:\/\/\/data\/user\/0\/com.anonymous.innobet\/files\/.expo-internal\/c3273c9e5321f20d1e42c2efae2578c4.png","code":"None","level":"info"}
02-21 16:41:08.063   344   670 D AudioALSAStreamOut: standby(), flag 6
02-21 16:41:08.063   344   670 D AudioALSAStreamOut: standbyStreamOut(), flag 6
02-21 16:41:08.063   344   670 D AudioALSAStreamOut: close(), flags 6
02-21 16:41:08.063   344   670 D AudioALSAPlaybackHandlerNormal: +close(), flag 6, mDevice = 0x2
02-21 16:41:08.063   344   670 D AudioVoiceUIDL: [SetInputStandBy] ReadRefFromRing to exit? (0) 
02-21 16:41:08.063   344   670 D AudioALSAHardwareResourceManager: +stopOutputDevice(), mOutputDevices = 0x2, mStartOutputDevicesCount = 1
02-21 16:41:08.063   344   670 D AudioALSADeviceConfigManager: ApplyDeviceTurnoffSequenceByName(), DeviceName = ext_speaker_output descriptor->DeviceStatusCounter = 1
02-21 16:41:08.063   344   670 D AudioALSADeviceConfigManager: ApplyDeviceTurnoffSequenceByName(), DeviceName = speaker_output descriptor->DeviceStatusCounter = 1
02-21 16:41:08.063 32024 32046 I dev.expo.updates: {"timestamp":1771702868063,"message":"embeddedAssetFileMap: 286d67d3f74808a60a78d3ebf1a5fb57,png => file:\/\/\/data\/user\/0\/com.anonymous.innobet\/files\/.expo-internal\/286d67d3f74808a60a78d3ebf1a5fb57.png","code":"None","level":"info"}
02-21 16:41:08.064   344   670 D AudioALSAStreamManager: speakerStatusChangeCb(), status = 1
02-21 16:41:08.064   344   670 D AudioALSAPlaybackHandlerBase: -closePcmDriver(), mPcm = 0x0
02-21 16:41:08.064   344   670 D AudioALSAPlaybackHandlerNormal: SetLowJitterMode(), bypass low jitter mode, bEnable = 0, device = 0x2, SampleRate = 48000
02-21 16:41:08.064   344   670 D AudioALSAPlaybackHandlerBase: DestroyAurisysLibManager()
02-21 16:41:08.064   344   670 D aurisys_lib_handler: aurisys_arsi_destroy_handler(), lib_name mtk_bessound, 0xb4842380, arsi_destroy_handler, arsi_handler = 0xb47cf3c0, retval = 0
02-21 16:41:08.065   344   670 D aurisys_lib_manager: delete_aurisys_lib_manager(), manager 0xb59ed420
02-21 16:41:08.065   344   670 D AudioALSAPlaybackHandlerNormal: -close()
02-21 16:41:08.065 32024 32046 I dev.expo.updates: {"timestamp":1771702868065,"message":"embeddedAssetFileMap: d1ea1496f9057eb392d5bbf3732a61b7,png => file:\/\/\/data\/user\/0\/com.anonymous.innobet\/files\/.expo-internal\/d1ea1496f9057eb392d5bbf3732a61b7.png","code":"None","level":"info"}
02-21 16:41:08.067 32024 32046 I dev.expo.updates: {"timestamp":1771702868066,"message":"embeddedAssetFileMap: 19eeb73b9593a38f8e9f418337fc7d10,png => file:\/\/\/data\/user\/0\/com.anonymous.innobet\/files\/.expo-internal\/19eeb73b9593a38f8e9f418337fc7d10.png","code":"None","level":"info"}
02-21 16:41:08.068 32024 32046 I dev.expo.updates: {"timestamp":1771702868068,"message":"embeddedAssetFileMap: ab19f4cbc543357183a20571f68380a3,png => file:\/\/\/data\/user\/0\/com.anonymous.innobet\/files\/.expo-internal\/ab19f4cbc543357183a20571f68380a3.png","code":"None","level":"info"}
02-21 16:41:08.070 32024 32046 I dev.expo.updates: {"timestamp":1771702868069,"message":"embeddedAssetFileMap: d8b800c443b8972542883e0b9de2bdc6,png => file:\/\/\/data\/user\/0\/com.anonymous.innobet\/files\/.expo-internal\/d8b800c443b8972542883e0b9de2bdc6.png","code":"None","level":"info"}
02-21 16:41:08.071 32024 32046 I dev.expo.updates: {"timestamp":1771702868071,"message":"embeddedAssetFileMap: 412dd9275b6b48ad28f5e3d81bb1f626,png => file:\/\/\/data\/user\/0\/com.anonymous.innobet\/files\/.expo-internal\/412dd9275b6b48ad28f5e3d81bb1f626.png","code":"None","level":"info"}
02-21 16:41:08.073 32024 32046 I dev.expo.updates: {"timestamp":1771702868072,"message":"embeddedAssetFileMap: 20e71bdf79e3a97bf55fd9e164041578,png => file:\/\/\/data\/user\/0\/com.anonymous.innobet\/files\/.expo-internal\/20e71bdf79e3a97bf55fd9e164041578.png","code":"None","level":"info"}
02-21 16:41:08.074 32024 32046 I dev.expo.updates: {"timestamp":1771702868074,"message":"embeddedAssetFileMap: 3a2ba31570920eeb9b1d217cabe58315,ttf => file:\/\/\/data\/user\/0\/com.anonymous.innobet\/files\/.expo-internal\/3a2ba31570920eeb9b1d217cabe58315.ttf","code":"None","level":"info"}
02-21 16:41:08.076 32024 32046 I dev.expo.updates: {"timestamp":1771702868075,"message":"embeddedAssetFileMap: 31b5ffea3daddc69dd01a1f3d6cf63c5,ttf => file:\/\/\/data\/user\/0\/com.anonymous.innobet\/files\/.expo-internal\/31b5ffea3daddc69dd01a1f3d6cf63c5.ttf","code":"None","level":"info"}
02-21 16:41:08.077 32024 32046 I dev.expo.updates: {"timestamp":1771702868077,"message":"embeddedAssetFileMap: 140c53a7643ea949007aa9a282153849,ttf => file:\/\/\/data\/user\/0\/com.anonymous.innobet\/files\/.expo-internal\/140c53a7643ea949007aa9a282153849.ttf","code":"None","level":"info"}
02-21 16:41:08.079 32024 32046 I dev.expo.updates: {"timestamp":1771702868079,"message":"embeddedAssetFileMap: a76d309774d33d9856f650bed4292a23,ttf => file:\/\/\/data\/user\/0\/com.anonymous.innobet\/files\/.expo-internal\/a76d309774d33d9856f650bed4292a23.ttf","code":"None","level":"info"}
02-21 16:41:08.080 32024 32046 I dev.expo.updates: {"timestamp":1771702868080,"message":"embeddedAssetFileMap: b49ae8ab2dbccb02c4d11caaacf09eab,ttf => file:\/\/\/data\/user\/0\/com.anonymous.innobet\/files\/.expo-internal\/b49ae8ab2dbccb02c4d11caaacf09eab.ttf","code":"None","level":"info"}
02-21 16:41:08.082 32024 32046 I dev.expo.updates: {"timestamp":1771702868082,"message":"embeddedAssetFileMap: b06871f281fee6b241d60582ae9369b9,ttf => file:\/\/\/data\/user\/0\/com.anonymous.innobet\/files\/.expo-internal\/b06871f281fee6b241d60582ae9369b9.ttf","code":"None","level":"info"}
02-21 16:41:08.085 32024 32046 I dev.expo.updates: {"timestamp":1771702868085,"message":"embeddedAssetFileMap: 1f77739ca9ff2188b539c36f30ffa2be,ttf => file:\/\/\/data\/user\/0\/com.anonymous.innobet\/files\/.expo-internal\/1f77739ca9ff2188b539c36f30ffa2be.ttf","code":"None","level":"info"}
02-21 16:41:08.087 32024 32046 I dev.expo.updates: {"timestamp":1771702868087,"message":"embeddedAssetFileMap: 605ed7926cf39a2ad5ec2d1f9d391d3d,ttf => file:\/\/\/data\/user\/0\/com.anonymous.innobet\/files\/.expo-internal\/605ed7926cf39a2ad5ec2d1f9d391d3d.ttf","code":"None","level":"info"}
02-21 16:41:08.089 32024 32046 I dev.expo.updates: {"timestamp":1771702868089,"message":"embeddedAssetFileMap: 3b89dd103490708d19a95adcae52210e,ttf => file:\/\/\/data\/user\/0\/com.anonymous.innobet\/files\/.expo-internal\/3b89dd103490708d19a95adcae52210e.ttf","code":"None","level":"info"}
02-21 16:41:08.090 32024 32046 I dev.expo.updates: {"timestamp":1771702868090,"message":"embeddedAssetFileMap: 370dd5af19f8364907b6e2c41f45dbbf,ttf => file:\/\/\/data\/user\/0\/com.anonymous.innobet\/files\/.expo-internal\/370dd5af19f8364907b6e2c41f45dbbf.ttf","code":"None","level":"info"}
02-21 16:41:08.092 32024 32046 I dev.expo.updates: {"timestamp":1771702868092,"message":"embeddedAssetFileMap: adec7d6f310bc577f05e8fe06a5daccf,ttf => file:\/\/\/data\/user\/0\/com.anonymous.innobet\/files\/.expo-internal\/adec7d6f310bc577f05e8fe06a5daccf.ttf","code":"None","level":"info"}
02-21 16:41:08.093 32024 32046 I dev.expo.updates: {"timestamp":1771702868093,"message":"embeddedAssetFileMap: 56c8d80832e37783f12c05db7c8849e2,ttf => file:\/\/\/data\/user\/0\/com.anonymous.innobet\/files\/.expo-internal\/56c8d80832e37783f12c05db7c8849e2.ttf","code":"None","level":"info"}
02-21 16:41:08.095 32024 32046 I dev.expo.updates: {"timestamp":1771702868094,"message":"embeddedAssetFileMap: e20945d7c929279ef7a6f1db184a4470,ttf => file:\/\/\/data\/user\/0\/com.anonymous.innobet\/files\/.expo-internal\/e20945d7c929279ef7a6f1db184a4470.ttf","code":"None","level":"info"}
02-21 16:41:08.096 32024 32046 I dev.expo.updates: {"timestamp":1771702868096,"message":"embeddedAssetFileMap: 6148e7019854f3bde85b633cb88f3c25,ttf => file:\/\/\/data\/user\/0\/com.anonymous.innobet\/files\/.expo-internal\/6148e7019854f3bde85b633cb88f3c25.ttf","code":"None","level":"info"}
02-21 16:41:08.097 32024 32046 I dev.expo.updates: {"timestamp":1771702868097,"message":"embeddedAssetFileMap: b62641afc9ab487008e996a5c5865e56,ttf => file:\/\/\/data\/user\/0\/com.anonymous.innobet\/files\/.expo-internal\/b62641afc9ab487008e996a5c5865e56.ttf","code":"None","level":"info"}
02-21 16:41:08.099 32024 32046 I dev.expo.updates: {"timestamp":1771702868098,"message":"embeddedAssetFileMap: 4e85bc9ebe07e0340c9c4fc2f6c38908,ttf => file:\/\/\/data\/user\/0\/com.anonymous.innobet\/files\/.expo-internal\/4e85bc9ebe07e0340c9c4fc2f6c38908.ttf","code":"None","level":"info"}
02-21 16:41:08.100 32024 32046 I dev.expo.updates: {"timestamp":1771702868100,"message":"embeddedAssetFileMap: f7c53c47a66934504fcbc7cc164895a7,ttf => file:\/\/\/data\/user\/0\/com.anonymous.innobet\/files\/.expo-internal\/f7c53c47a66934504fcbc7cc164895a7.ttf","code":"None","level":"info"}
02-21 16:41:08.101 32024 32046 I dev.expo.updates: {"timestamp":1771702868101,"message":"embeddedAssetFileMap: d2285965fe34b05465047401b8595dd0,ttf => file:\/\/\/data\/user\/0\/com.anonymous.innobet\/files\/.expo-internal\/d2285965fe34b05465047401b8595dd0.ttf","code":"None","level":"info"}
02-21 16:41:08.103 32024 32046 I dev.expo.updates: {"timestamp":1771702868103,"message":"embeddedAssetFileMap: 1681f34aaca71b8dfb70756bca331eb2,ttf => file:\/\/\/data\/user\/0\/com.anonymous.innobet\/files\/.expo-internal\/1681f34aaca71b8dfb70756bca331eb2.ttf","code":"None","level":"info"}
02-21 16:41:08.106 32024 32046 I dev.expo.updates: {"timestamp":1771702868105,"message":"embeddedAssetFileMap: cbe63ed69fbc743029eb4102c26d8cb0,png => file:\/\/\/data\/user\/0\/com.anonymous.innobet\/files\/.expo-internal\/cbe63ed69fbc743029eb4102c26d8cb0.png","code":"None","level":"info"}
02-21 16:41:08.107 32024 32046 I dev.expo.updates: {"timestamp":1771702868107,"message":"embeddedAssetFileMap: 05906502f18d236fd53cd20e87ace52e,png => file:\/\/\/data\/user\/0\/com.anonymous.innobet\/files\/.expo-internal\/05906502f18d236fd53cd20e87ace52e.png","code":"None","level":"info"}
02-21 16:41:08.109 32024 32046 I dev.expo.updates: {"timestamp":1771702868108,"message":"embeddedAssetFileMap: 1e6f2d32ab9876b49936181f9c0b8725,ttf => file:\/\/\/data\/user\/0\/com.anonymous.innobet\/files\/.expo-internal\/1e6f2d32ab9876b49936181f9c0b8725.ttf","code":"None","level":"info"}
02-21 16:41:08.111 32024 32046 I dev.expo.updates: {"timestamp":1771702868110,"message":"embeddedAssetFileMap: 83e5ab4249b88f89ccf80e15a98b92f0,ttf => file:\/\/\/data\/user\/0\/com.anonymous.innobet\/files\/.expo-internal\/83e5ab4249b88f89ccf80e15a98b92f0.ttf","code":"None","level":"info"}
02-21 16:41:08.112 32024 32046 I dev.expo.updates: {"timestamp":1771702868112,"message":"embeddedAssetFileMap: 25e374a16a818685911e36bee59a6ee4,ttf => file:\/\/\/data\/user\/0\/com.anonymous.innobet\/files\/.expo-internal\/25e374a16a818685911e36bee59a6ee4.ttf","code":"None","level":"info"}
02-21 16:41:08.114 32024 32046 I dev.expo.updates: {"timestamp":1771702868113,"message":"embeddedAssetFileMap: 303c6d9e16168364d3bc5b7f766cfff4,ttf => file:\/\/\/data\/user\/0\/com.anonymous.innobet\/files\/.expo-internal\/303c6d9e16168364d3bc5b7f766cfff4.ttf","code":"None","level":"info"}
02-21 16:41:08.116 32024 32046 I dev.expo.updates: {"timestamp":1771702868116,"message":"embeddedAssetFileMap: 7d752fb726f5ece291e2e522fcecf86d,ttf => file:\/\/\/data\/user\/0\/com.anonymous.innobet\/files\/.expo-internal\/7d752fb726f5ece291e2e522fcecf86d.ttf","code":"None","level":"info"}
02-21 16:41:08.118 32024 32046 I dev.expo.updates: {"timestamp":1771702868118,"message":"embeddedAssetFileMap: dae3c6eddbf79c41f922e4809ca9d09c,ttf => file:\/\/\/data\/user\/0\/com.anonymous.innobet\/files\/.expo-internal\/dae3c6eddbf79c41f922e4809ca9d09c.ttf","code":"None","level":"info"}
02-21 16:41:08.120 32024 32046 I dev.expo.updates: {"timestamp":1771702868120,"message":"embeddedAssetFileMap: dd5415b95e675853c6ccdceba7324ce7,ttf => file:\/\/\/data\/user\/0\/com.anonymous.innobet\/files\/.expo-internal\/dd5415b95e675853c6ccdceba7324ce7.ttf","code":"None","level":"info"}
02-21 16:41:08.121 32024 32046 I dev.expo.updates: {"timestamp":1771702868121,"message":"embeddedAssetFileMap: 27fd63e58793434ce14a41e30176a4de,ttf => file:\/\/\/data\/user\/0\/com.anonymous.innobet\/files\/.expo-internal\/27fd63e58793434ce14a41e30176a4de.ttf","code":"None","level":"info"}
02-21 16:41:08.123 32024 32046 I dev.expo.updates: {"timestamp":1771702868123,"message":"embeddedAssetFileMap: dc44e38f98466ebcd6c013be9016fa1f,ttf => file:\/\/\/data\/user\/0\/com.anonymous.innobet\/files\/.expo-internal\/dc44e38f98466ebcd6c013be9016fa1f.ttf","code":"None","level":"info"}
02-21 16:41:08.124 32024 32046 I dev.expo.updates: {"timestamp":1771702868124,"message":"embeddedAssetFileMap: dca165220aefe216510c6de8ae9578ff,ttf => file:\/\/\/data\/user\/0\/com.anonymous.innobet\/files\/.expo-internal\/dca165220aefe216510c6de8ae9578ff.ttf","code":"None","level":"info"}
02-21 16:41:08.127 32024 32046 I dev.expo.updates: {"timestamp":1771702868126,"message":"embeddedAssetFileMap: 41c80845424f35477f8ecadfb646a67d,ttf => file:\/\/\/data\/user\/0\/com.anonymous.innobet\/files\/.expo-internal\/41c80845424f35477f8ecadfb646a67d.ttf","code":"None","level":"info"}
02-21 16:41:08.129 32024 32046 I dev.expo.updates: {"timestamp":1771702868129,"message":"embeddedAssetFileMap: 00b6f1f0c053c61b8048a6dbbabecaa2,ttf => file:\/\/\/data\/user\/0\/com.anonymous.innobet\/files\/.expo-internal\/00b6f1f0c053c61b8048a6dbbabecaa2.ttf","code":"None","level":"info"}
02-21 16:41:08.131 32024 32046 I dev.expo.updates: {"timestamp":1771702868131,"message":"embeddedAssetFileMap: 1fc3ee9d387437d060344e57a179e3dc,ttf => file:\/\/\/data\/user\/0\/com.anonymous.innobet\/files\/.expo-internal\/1fc3ee9d387437d060344e57a179e3dc.ttf","code":"None","level":"info"}
02-21 16:41:08.133 32024 32046 I dev.expo.updates: {"timestamp":1771702868133,"message":"embeddedAssetFileMap: 918982b4cec9e30df58aca1e12cf6445,ttf => file:\/\/\/data\/user\/0\/com.anonymous.innobet\/files\/.expo-internal\/918982b4cec9e30df58aca1e12cf6445.ttf","code":"None","level":"info"}
02-21 16:41:08.136 32024 32046 I dev.expo.updates: {"timestamp":1771702868136,"message":"embeddedAssetFileMap: 2d365b1721b9ba2ff4771393a0ce2e46,ttf => file:\/\/\/data\/user\/0\/com.anonymous.innobet\/files\/.expo-internal\/2d365b1721b9ba2ff4771393a0ce2e46.ttf","code":"None","level":"info"}
02-21 16:41:08.138 32024 32046 I dev.expo.updates: {"timestamp":1771702868138,"message":"embeddedAssetFileMap: dc10ada6fd67b557d811d9a6d031c4de,ttf => file:\/\/\/data\/user\/0\/com.anonymous.innobet\/files\/.expo-internal\/dc10ada6fd67b557d811d9a6d031c4de.ttf","code":"None","level":"info"}
02-21 16:41:08.139 32024 32046 I dev.expo.updates: {"timestamp":1771702868139,"message":"embeddedAssetFileMap: 80b61563f9e8f51aa379816e1c6016ef,ttf => file:\/\/\/data\/user\/0\/com.anonymous.innobet\/files\/.expo-internal\/80b61563f9e8f51aa379816e1c6016ef.ttf","code":"None","level":"info"}
02-21 16:41:08.141 32024 32046 I dev.expo.updates: {"timestamp":1771702868141,"message":"embeddedAssetFileMap: 792016eae54d22079ccf6f0760938b0a,ttf => file:\/\/\/data\/user\/0\/com.anonymous.innobet\/files\/.expo-internal\/792016eae54d22079ccf6f0760938b0a.ttf","code":"None","level":"info"}
02-21 16:41:08.145 32024 32046 I dev.expo.updates: {"timestamp":1771702868144,"message":"embeddedAssetFileMap: 33ee4a7a2a00f4a23de896dc720a167f,ttf => file:\/\/\/data\/user\/0\/com.anonymous.innobet\/files\/.expo-internal\/33ee4a7a2a00f4a23de896dc720a167f.ttf","code":"None","level":"info"}
02-21 16:41:08.147 32024 32046 I dev.expo.updates: {"timestamp":1771702868147,"message":"embeddedAssetFileMap: f7f923044efb7a3d9cf90eaaa5c07b00,ttf => file:\/\/\/data\/user\/0\/com.anonymous.innobet\/files\/.expo-internal\/f7f923044efb7a3d9cf90eaaa5c07b00.ttf","code":"None","level":"info"}
02-21 16:41:08.149 32024 32046 I dev.expo.updates: {"timestamp":1771702868149,"message":"embeddedAssetFileMap: f21ea2ee1c7372ae821e3ab4f21dceb3,ttf => file:\/\/\/data\/user\/0\/com.anonymous.innobet\/files\/.expo-internal\/f21ea2ee1c7372ae821e3ab4f21dceb3.ttf","code":"None","level":"info"}
02-21 16:41:08.151 32024 32046 I dev.expo.updates: {"timestamp":1771702868150,"message":"embeddedAssetFileMap: 139479e8be03b8933573510aeed5036c,ttf => file:\/\/\/data\/user\/0\/com.anonymous.innobet\/files\/.expo-internal\/139479e8be03b8933573510aeed5036c.ttf","code":"None","level":"info"}
02-21 16:41:08.153 32024 32046 I dev.expo.updates: {"timestamp":1771702868152,"message":"embeddedAssetFileMap: 3ee049c7379fa0111fa60753076ed13e,ttf => file:\/\/\/data\/user\/0\/com.anonymous.innobet\/files\/.expo-internal\/3ee049c7379fa0111fa60753076ed13e.ttf","code":"None","level":"info"}
02-21 16:41:08.156 32024 32046 I dev.expo.updates: {"timestamp":1771702868156,"message":"embeddedAssetFileMap: 0df3ca88b5cc69095fa6960be024b6b0,ttf => file:\/\/\/data\/user\/0\/com.anonymous.innobet\/files\/.expo-internal\/0df3ca88b5cc69095fa6960be024b6b0.ttf","code":"None","level":"info"}
02-21 16:41:08.158 32024 32046 I dev.expo.updates: {"timestamp":1771702868157,"message":"embeddedAssetFileMap: 4ad1f8bd28473f905ff5d8d9ee6e46c4,ttf => file:\/\/\/data\/user\/0\/com.anonymous.innobet\/files\/.expo-internal\/4ad1f8bd28473f905ff5d8d9ee6e46c4.ttf","code":"None","level":"info"}
02-21 16:41:08.159 32024 32046 I dev.expo.updates: {"timestamp":1771702868159,"message":"embeddedAssetFileMap: 5ac3cfb8bb385319e5dc90e310fc6217,ttf => file:\/\/\/data\/user\/0\/com.anonymous.innobet\/files\/.expo-internal\/5ac3cfb8bb385319e5dc90e310fc6217.ttf","code":"None","level":"info"}
02-21 16:41:08.161 32024 32046 I dev.expo.updates: {"timestamp":1771702868160,"message":"embeddedAssetFileMap: b2b51c1f3126dac9b0d8f9cf477e30aa,ttf => file:\/\/\/data\/user\/0\/com.anonymous.innobet\/files\/.expo-internal\/b2b51c1f3126dac9b0d8f9cf477e30aa.ttf","code":"None","level":"info"}
02-21 16:41:08.162 32024 32046 I dev.expo.updates: {"timestamp":1771702868162,"message":"embeddedAssetFileMap: b94d9cb13b877df529f7d8f1f7daa04a,ttf => file:\/\/\/data\/user\/0\/com.anonymous.innobet\/files\/.expo-internal\/b94d9cb13b877df529f7d8f1f7daa04a.ttf","code":"None","level":"info"}
02-21 16:41:08.164 32024 32046 I dev.expo.updates: {"timestamp":1771702868163,"message":"embeddedAssetFileMap: 57520555569bc37741929ffbd1d51655,ttf => file:\/\/\/data\/user\/0\/com.anonymous.innobet\/files\/.expo-internal\/57520555569bc37741929ffbd1d51655.ttf","code":"None","level":"info"}
02-21 16:41:08.165 32024 32046 I dev.expo.updates: {"timestamp":1771702868165,"message":"embeddedAssetFileMap: b87eacd35ccf0ae12482a98c4b4e550a,ttf => file:\/\/\/data\/user\/0\/com.anonymous.innobet\/files\/.expo-internal\/b87eacd35ccf0ae12482a98c4b4e550a.ttf","code":"None","level":"info"}
02-21 16:41:08.167 32024 32046 I dev.expo.updates: {"timestamp":1771702868167,"message":"embeddedAssetFileMap: fe14a3918950e2ecebdff85d6acd99ec,ttf => file:\/\/\/data\/user\/0\/com.anonymous.innobet\/files\/.expo-internal\/fe14a3918950e2ecebdff85d6acd99ec.ttf","code":"None","level":"info"}
02-21 16:41:08.169 32024 32046 I dev.expo.updates: {"timestamp":1771702868169,"message":"embeddedAssetFileMap: 2492a2590b69b466c0980862dd01bf5b,ttf => file:\/\/\/data\/user\/0\/com.anonymous.innobet\/files\/.expo-internal\/2492a2590b69b466c0980862dd01bf5b.ttf","code":"None","level":"info"}
02-21 16:41:08.189 32024 32024 W SoLoader: SoLoader already initialized
02-21 16:41:08.254 32024 32024 D jni_lib_merge: Entering merged library JNI_OnLoad.
02-21 16:41:08.255 32024 32024 D jni_lib_merge: Preparing 12 pre-merged libs (including stub)
02-21 16:41:08.255 32024 32024 D jni_lib_merge: Preparing to register libfabricjni_so.  onload_func: 0x8482ced9
02-21 16:41:08.255 32024 32024 D jni_lib_merge: Preparing to register libmapbufferjni_so.  onload_func: 0x8485fed1
02-21 16:41:08.255 32024 32024 D jni_lib_merge: Preparing to register libreact_devsupportjni_so.  onload_func: 0x848b6995
02-21 16:41:08.255 32024 32024 D jni_lib_merge: Preparing to register libreact_featureflagsjni_so.  onload_func: 0x848bb665
02-21 16:41:08.255 32024 32024 D jni_lib_merge: Preparing to register libreact_newarchdefaults_so.  onload_func: 0x848d35d1
02-21 16:41:08.255 32024 32024 D jni_lib_merge: Preparing to register libreactnativeblob_so.  onload_func: 0x84939055
02-21 16:41:08.255 32024 32024 D jni_lib_merge: Preparing to register libreactnativejni_so.  onload_func: 0x8494daf5
02-21 16:41:08.255 32024 32024 D jni_lib_merge: Preparing to register librninstance_so.  onload_func: 0x8495fd01
02-21 16:41:08.255 32024 32024 D jni_lib_merge: Preparing to register libturbomodulejsijni_so.  onload_func: 0x849a5831
02-21 16:41:08.255 32024 32024 D jni_lib_merge: Preparing to register libuimanagerjni_so.  onload_func: 0x849aad49
02-21 16:41:08.255 32024 32024 D jni_lib_merge: Preparing to register libyoga_so.  onload_func: 0x849ae591
02-21 16:41:08.255 32024 32024 D jni_lib_merge: About to register 11 actual methods.
02-21 16:41:08.258 32024 32024 D jni_lib_merge: Entering merged library JNI_OnLoad.
02-21 16:41:08.258 32024 32024 D jni_lib_merge: Preparing 4 pre-merged libs (including stub)
02-21 16:41:08.258 32024 32024 D jni_lib_merge: Preparing to register libhermes_executor_so.  onload_func: 0x84b95391
02-21 16:41:08.258 32024 32024 D jni_lib_merge: Preparing to register libhermesinstancejni_so.  onload_func: 0x84b99bdd
