02-21 16:41:08.258 32024 32024 D jni_lib_merge: Preparing to register libjsijniprofiler_so.  onload_func: 0x84b9a0ed
02-21 16:41:08.258 32024 32024 D jni_lib_merge: About to register 3 actual methods.
02-21 16:41:08.259 32024 32024 W SoLoader: SoLoader already initialized
02-21 16:41:08.356  1440  4181 I FontLog : (REDACTED) Received query %s, URI %s
02-21 16:41:08.357  1440  4181 I FontLog : (REDACTED) Query [%s] resolved to %s
02-21 16:41:08.361  1440  4181 I FontLog : (REDACTED) Fetch %s end status %s
02-21 16:41:08.378  1440  4181 I FontLog : (REDACTED) Pulling font file for id = %d, cache size = %d
02-21 16:41:08.387  1440  4181 I FontLog : (REDACTED) Pulling font file for id = %d, cache size = %d
02-21 16:41:08.923   822   968 E WifiVendorHal: getWifiLinkLayerStats(l.937) failed {.code = ERROR_NOT_SUPPORTED, .description = }
02-21 16:41:09.466  1440 31161 I .gms.persisten: Explicit concurrent copying GC freed 68473(3MB) AllocSpace objects, 3(168KB) LOS objects, 37% free, 9MB/15MB, paused 185us total 352.599ms
02-21 16:41:09.862 32024 32051 I ExpoModulesCore: Ô£à AppContext was initialized
02-21 16:41:09.950 32024 32059 W unknown:ViewManagerPropertyUpdater: Could not find generated setter for class com.facebook.react.views.drawer.ReactDrawerLayoutManager
02-21 16:41:09.961 32024 32059 W unknown:ViewManagerPropertyUpdater: Could not find generated setter for class com.facebook.react.uimanager.LayoutShadowNode
02-21 16:41:09.968 32024 32059 W unknown:ViewManagerPropertyUpdater: Could not find generated setter for class com.facebook.react.views.scroll.ReactHorizontalScrollViewManager
02-21 16:41:09.976 32024 32059 W unknown:ViewManagerPropertyUpdater: Could not find generated setter for class com.facebook.react.views.scroll.ReactHorizontalScrollContainerViewManager
02-21 16:41:09.982 32024 32059 W unknown:ViewManagerPropertyUpdater: Could not find generated setter for class com.facebook.react.views.progressbar.ReactProgressBarViewManager
02-21 16:41:09.985 32024 32059 W unknown:ViewManagerPropertyUpdater: Could not find generated setter for class com.facebook.react.views.progressbar.ProgressBarShadowNode
02-21 16:41:09.989 32024 32059 W unknown:ViewManagerPropertyUpdater: Could not find generated setter for class com.facebook.react.views.scroll.ReactScrollViewManager
02-21 16:41:09.996 32024 32059 W unknown:ViewManagerPropertyUpdater: Could not find generated setter for class com.facebook.react.views.switchview.ReactSwitchManager
02-21 16:41:10.002 32024 32059 W unknown:ViewManagerPropertyUpdater: Could not find generated setter for class com.facebook.react.views.switchview.ReactSwitchManager$ReactSwitchShadowNode
02-21 16:41:10.004 32024 32059 W unknown:ViewManagerPropertyUpdater: Could not find generated setter for class com.facebook.react.views.safeareaview.ReactSafeAreaViewManager
02-21 16:41:10.007 32024 32059 W unknown:ViewManagerPropertyUpdater: Could not find generated setter for class com.facebook.react.views.safeareaview.ReactSafeAreaViewShadowNode
02-21 16:41:10.008 32024 32059 W unknown:ViewManagerPropertyUpdater: Could not find generated setter for class com.facebook.react.views.swiperefresh.SwipeRefreshLayoutManager
02-21 16:41:10.014 32024 32059 W unknown:ViewManagerPropertyUpdater: Could not find generated setter for class com.facebook.react.views.text.frescosupport.FrescoBasedReactTextInlineImageViewManager
02-21 16:41:10.015 32024 32059 W unknown:ViewManagerPropertyUpdater: Could not find generated setter for class com.facebook.react.views.text.frescosupport.FrescoBasedReactTextInlineImageShadowNode
02-21 16:41:10.018 32024 32059 W unknown:ViewManagerPropertyUpdater: Could not find generated setter for class com.facebook.react.views.image.ReactImageManager
02-21 16:41:10.024 32024 32059 W unknown:ViewManagerPropertyUpdater: Could not find generated setter for class com.facebook.react.views.modal.ReactModalHostManager
02-21 16:41:10.028 32024 32059 W unknown:ViewManagerPropertyUpdater: Could not find generated setter for class com.facebook.react.views.text.ReactRawTextManager
02-21 16:41:10.031 32024 32059 W unknown:ViewManagerPropertyUpdater: Could not find generated setter for class com.facebook.react.views.text.ReactRawTextShadowNode
02-21 16:41:10.033 32024 32059 W unknown:ViewManagerPropertyUpdater: Could not find generated setter for class com.facebook.react.views.textinput.ReactTextInputManager
02-21 16:41:10.039 32024 32059 W unknown:ViewManagerPropertyUpdater: Could not find generated setter for class com.facebook.react.views.textinput.ReactTextInputShadowNode
02-21 16:41:10.044 32024 32059 W unknown:ViewManagerPropertyUpdater: Could not find generated setter for class com.facebook.react.views.text.ReactTextViewManager
02-21 16:41:10.048 32024 32059 W unknown:ViewManagerPropertyUpdater: Could not find generated setter for class com.facebook.react.views.text.ReactTextShadowNode
02-21 16:41:10.050 32024 32059 W unknown:ViewManagerPropertyUpdater: Could not find generated setter for class com.facebook.react.views.view.ReactViewManager
02-21 16:41:10.055 32024 32059 W unknown:ViewManagerPropertyUpdater: Could not find generated setter for class com.facebook.react.views.text.ReactVirtualTextViewManager
02-21 16:41:10.055 32024 32059 W unknown:ViewManagerPropertyUpdater: Could not find generated setter for class com.facebook.react.views.text.ReactVirtualTextShadowNode
02-21 16:41:10.057 32024 32059 W unknown:ViewManagerPropertyUpdater: Could not find generated setter for class com.facebook.react.views.unimplementedview.ReactUnimplementedViewManager
02-21 16:41:10.061 32024 32059 W unknown:ViewManagerPropertyUpdater: Could not find generated setter for class expo.modules.kotlin.views.GroupViewManagerWrapper
02-21 16:41:10.067 32024 32059 W unknown:ViewManagerPropertyUpdater: Could not find generated setter for class com.th3rdwave.safeareacontext.SafeAreaProviderManager
02-21 16:41:10.070 32024 32059 W unknown:ViewManagerPropertyUpdater: Could not find generated setter for class com.th3rdwave.safeareacontext.SafeAreaViewManager
02-21 16:41:10.072 32024 32059 W unknown:ViewManagerPropertyUpdater: Could not find generated setter for class com.th3rdwave.safeareacontext.SafeAreaViewShadowNode
02-21 16:41:10.075 32024 32059 W unknown:ViewManagerPropertyUpdater: Could not find generated setter for class com.swmansion.rnscreens.ScreenContainerViewManager
02-21 16:41:10.078 32024 32059 W unknown:ViewManagerPropertyUpdater: Could not find generated setter for class com.swmansion.rnscreens.ScreenViewManager
02-21 16:41:10.084 32024 32059 W unknown:ViewManagerPropertyUpdater: Could not find generated setter for class com.swmansion.rnscreens.ModalScreenViewManager
02-21 16:41:10.085 32024 32059 W unknown:ViewManagerPropertyUpdater: Could not find generated setter for class com.swmansion.rnscreens.ScreenStackViewManager
02-21 16:41:10.088 32024 32059 W unknown:ViewManagerPropertyUpdater: Could not find generated setter for class com.swmansion.rnscreens.ScreenStackHeaderConfigViewManager
02-21 16:41:10.093 32024 32059 W unknown:ViewManagerPropertyUpdater: Could not find generated setter for class com.swmansion.rnscreens.ScreenStackHeaderSubviewManager
02-21 16:41:10.096 32024 32059 W unknown:ViewManagerPropertyUpdater: Could not find generated setter for class com.swmansion.rnscreens.SearchBarManager
02-21 16:41:10.099 32024 32059 W unknown:ViewManagerPropertyUpdater: Could not find generated setter for class com.swmansion.rnscreens.ScreenFooterManager
02-21 16:41:10.102 32024 32059 W unknown:ViewManagerPropertyUpdater: Could not find generated setter for class com.swmansion.rnscreens.ScreenContentWrapperManager
02-21 16:41:10.105 32024 32059 W unknown:ViewManagerPropertyUpdater: Could not find generated setter for class com.horcrux.svg.RenderableViewManager$DefsViewManager
02-21 16:41:10.110 32024 32059 W unknown:ViewManagerPropertyUpdater: Could not find generated setter for class com.horcrux.svg.VirtualViewManager$RenderableShadowNode
02-21 16:41:10.113 32024 32059 W unknown:ViewManagerPropertyUpdater: Could not find generated setter for class com.horcrux.svg.RenderableViewManager$FeMergeManager
02-21 16:41:10.118 32024 32059 W unknown:ViewManagerPropertyUpdater: Could not find generated setter for class com.horcrux.svg.RenderableViewManager$LinearGradientManager
02-21 16:41:10.122 32024 32059 W unknown:ViewManagerPropertyUpdater: Could not find generated setter for class com.horcrux.svg.RenderableViewManager$FeGaussianBlurManager
02-21 16:41:10.125 32024 32059 W unknown:ViewManagerPropertyUpdater: Could not find generated setter for class com.horcrux.svg.RenderableViewManager$FeColorMatrixManager
02-21 16:41:10.129 32024 32059 W unknown:ViewManagerPropertyUpdater: Could not find generated setter for class com.horcrux.svg.RenderableViewManager$ClipPathViewManager
02-21 16:41:10.134 32024 32059 W unknown:ViewManagerPropertyUpdater: Could not find generated setter for class com.horcrux.svg.RenderableViewManager$SymbolManager
02-21 16:41:10.139 32024 32059 W unknown:ViewManagerPropertyUpdater: Could not find generated setter for class com.horcrux.svg.RenderableViewManager$PatternManager
02-21 16:41:10.145 32024 32059 W unknown:ViewManagerPropertyUpdater: Could not find generated setter for class com.horcrux.svg.RenderableViewManager$FeBlendManager
02-21 16:41:10.149 32024 32059 W unknown:ViewManagerPropertyUpdater: Could not find generated setter for class com.horcrux.svg.SvgViewManager
02-21 16:41:10.153 32024 32059 W unknown:ViewManagerPropertyUpdater: Could not find generated setter for class com.horcrux.svg.RenderableViewManager$UseViewManager
02-21 16:41:10.158 32024 32059 W unknown:ViewManagerPropertyUpdater: Could not find generated setter for class com.horcrux.svg.RenderableViewManager$CircleViewManager
02-21 16:41:10.163 32024 32059 W unknown:ViewManagerPropertyUpdater: Could not find generated setter for class com.horcrux.svg.RenderableViewManager$TSpanViewManager
02-21 16:41:10.170 32024 32059 W unknown:ViewManagerPropertyUpdater: Could not find generated setter for class com.horcrux.svg.RenderableViewManager$FilterManager
02-21 16:41:10.174 32024 32059 W unknown:ViewManagerPropertyUpdater: Could not find generated setter for class com.horcrux.svg.RenderableViewManager$MarkerManager
02-21 16:41:10.179 32024 32059 W unknown:ViewManagerPropertyUpdater: Could not find generated setter for class com.horcrux.svg.RenderableViewManager$ForeignObjectManager
02-21 16:41:10.184 32024 32059 W unknown:ViewManagerPropertyUpdater: Could not find generated setter for class com.horcrux.svg.RenderableViewManager$EllipseViewManager
02-21 16:41:10.189 32024 32059 W unknown:ViewManagerPropertyUpdater: Could not find generated setter for class com.horcrux.svg.RenderableViewManager$LineViewManager
02-21 16:41:10.198 32024 32059 W unknown:ViewManagerPropertyUpdater: Could not find generated setter for class com.horcrux.svg.RenderableViewManager$FeFloodManager
02-21 16:41:10.203 32024 32059 W unknown:ViewManagerPropertyUpdater: Could not find generated setter for class com.horcrux.svg.RenderableViewManager$GroupViewManager
02-21 16:41:10.207 32024 32059 W unknown:ViewManagerPropertyUpdater: Could not find generated setter for class com.horcrux.svg.RenderableViewManager$TextViewManager
02-21 16:41:10.211 32024 32059 W unknown:ViewManagerPropertyUpdater: Could not find generated setter for class com.horcrux.svg.RenderableViewManager$ImageViewManager
02-21 16:41:10.216 32024 32059 W unknown:ViewManagerPropertyUpdater: Could not find generated setter for class com.horcrux.svg.RenderableViewManager$RadialGradientManager
02-21 16:41:10.221 32024 32059 W unknown:ViewManagerPropertyUpdater: Could not find generated setter for class com.horcrux.svg.RenderableViewManager$MaskManager
02-21 16:41:10.226 32024 32059 W unknown:ViewManagerPropertyUpdater: Could not find generated setter for class com.horcrux.svg.RenderableViewManager$RectViewManager
02-21 16:41:10.231 32024 32059 W unknown:ViewManagerPropertyUpdater: Could not find generated setter for class com.horcrux.svg.RenderableViewManager$TextPathViewManager
02-21 16:41:10.237 32024 32059 W unknown:ViewManagerPropertyUpdater: Could not find generated setter for class com.horcrux.svg.RenderableViewManager$FeOffsetManager
02-21 16:41:10.240 32024 32059 W unknown:ViewManagerPropertyUpdater: Could not find generated setter for class com.horcrux.svg.RenderableViewManager$PathViewManager
02-21 16:41:10.302   822  1639 D MtkConnectivityService: requestNetwork for uid/pid:10064/32024 NetworkRequest [ TRACK_DEFAULT id=287, [ Capabilities: INTERNET&NOT_RESTRICTED&TRUSTED Unwanted:  Uid: 10064] ]
02-21 16:41:10.305   822   968 D WIFI_UT : got request NetworkRequest [ TRACK_DEFAULT id=287, [ Capabilities: INTERNET&NOT_RESTRICTED&TRUSTED Unwanted:  Uid: 10064] ] with score 60
02-21 16:41:10.305   822   968 D WIFI    : got request NetworkRequest [ TRACK_DEFAULT id=287, [ Capabilities: INTERNET&NOT_RESTRICTED&TRUSTED Unwanted:  Uid: 10064] ] with score 60
02-21 16:41:10.305   822   992 D Ethernet: got request NetworkRequest [ TRACK_DEFAULT id=287, [ Capabilities: INTERNET&NOT_RESTRICTED&TRUSTED Unwanted:  Uid: 10064] ] with score 60
02-21 16:41:10.306  1155  1155 D PhoneSwitcherNetworkRequstListener: got request NetworkRequest [ TRACK_DEFAULT id=287, [ Capabilities: INTERNET&NOT_RESTRICTED&TRUSTED Unwanted:  Uid: 10064] ] with score 60
02-21 16:41:10.310 32024 32034 I onymous.innobe: Background concurrent copying GC freed 70284(3MB) AllocSpace objects, 2(40KB) LOS objects, 46% free, 6MB/12MB, paused 110us total 128.097ms
02-21 16:41:10.546 32024 32058 I ExpoModulesCore: Ô£à JSI interop was installed
02-21 16:41:10.547 32024 32058 W ExpoModulesCore: ÔÜá´©Å JSI interop was already installed
02-21 16:41:10.561 32024 32058 I ExpoModulesCore: Ô£à Constants were exported
02-21 16:41:10.568 32024 32058 I dev.expo.updates: {"timestamp":1771702870568,"message":"UpdatesModule: getConstants called","code":"None","level":"info"}
02-21 16:41:10.692 32024 32058 I ReactNativeJS: Running "main"
02-21 16:41:10.777   822  3054 V SettingsProvider: packageValueForCallResult, name = bluetooth_name, value : Bundle[{_track_generation=android.util.MemoryIntArray@68, value=O1, _generation_index=1, _generation=6}]
02-21 16:41:11.076 32024 32042 E ion     : ioctl c0044901 failed with code -1: Invalid argument
02-21 16:41:11.076 32024 32042 E GED     : Failed to get GED Log Buf, err(0)
02-21 16:41:11.077   366   366 I SurfaceFlinger: [Built-in Screen (type:0)] fps:1.243242,dur:3217.39,max:3167.88,min:16.15
02-21 16:41:11.111   822   938 D View    : [Warning] assignParent to null: this = DecorView@c108021[innobet]
02-21 16:41:11.111   822   901 I ActivityManager: Displayed com.anonymous.innobet/.MainActivity: +3s729ms
02-21 16:41:11.123 32024 32058 W ReactNativeJS: `transition-transform` unknown or invalid utility
02-21 16:41:11.163 32024 32058 W ReactNativeJS: `placeholder-gray-600` unknown or invalid utility
02-21 16:41:11.176   357  1276 I vendor.mediatek.hardware.power@2.0-impl: powerHintAsync hint:8, data:0
02-21 16:41:11.192  1620  1620 V PhoneWindow: DecorView setVisiblity: visibility = 4, Parent = android.view.ViewRootImpl@6387714, this = DecorView@7cafbbd[Launcher]
02-21 16:41:11.195   822  1639 I PowerWrap: PowerHal_Wrap_mtkPowerHint
02-21 16:41:11.197   822  1639 I PowerWrap: PowerHal_Wrap_querySysInfo
02-21 16:41:11.198   822  1639 E PowerHalWrapper: <amsBoostStop> duration: 6000ms
02-21 16:41:11.198   822  1639 I PowerWrap: PowerHal_Wrap_mtkPowerHint
02-21 16:41:11.200   822  1639 I PowerWrap: PowerHal_Wrap_mtkPowerHint
02-21 16:41:11.219   366   366 I BufferQueueConsumer: [com.android.launcher3/com.android.launcher3.Launcher#0](this:0xae249000,id:783,api:1,p:-1,c:-1) disconnect(C)
02-21 16:41:11.219   366   366 I BufferQueue: [com.android.launcher3/com.android.launcher3.Launcher#0](this:0xae249000,id:783,api:1,p:-1,c:-1) ~BufferQueueCore
02-21 16:41:11.290   822   938 D Surface : Surface::disconnect(this=0x88e92800,api=2)
02-21 16:41:11.292   366  1289 I BufferQueueProducer: [Splash Screen com.anonymous.innobet#0](this:0xae973000,id:784,api:2,p:822,c:366) disconnect(P): api 2
02-21 16:41:11.292   366  1289 D BufferQueueConsumer: [Splash Screen com.anonymous.innobet#0](this:0xae973000,id:784,api:2,p:-1,c:366) getReleasedBuffers: returning mask 0xffffffffffffffff
02-21 16:41:11.294   366   386 W SurfaceFlinger: Attempting to set client state on removed layer: Splash Screen com.anonymous.innobet#0
02-21 16:41:11.294   366   386 W SurfaceFlinger: Attempting to destroy on removed layer: Splash Screen com.anonymous.innobet#0
02-21 16:41:11.301   366   366 I BufferQueueConsumer: [Splash Screen com.anonymous.innobet#0](this:0xae973000,id:784,api:2,p:-1,c:-1) disconnect(C)
02-21 16:41:11.302   366   366 I BufferQueue: [Splash Screen com.anonymous.innobet#0](this:0xae973000,id:784,api:2,p:-1,c:-1) ~BufferQueueCore
02-21 16:41:11.316   366   387 I BufferQueueProducer: [StatusBar#0](this:0xae1f3000,id:4,api:1,p:1009,c:366) queueBuffer: fps=4.30 dur=4420.22 max=3463.06 min=9.70
02-21 16:41:11.327 32024 32059 W unknown:ReactNative: Attempt to set local data for view with unknown tag: -1
02-21 16:41:11.335 32024 32059 W unknown:ReactNative: Attempt to set local data for view with unknown tag: -1
02-21 16:41:11.343 32024 32059 W unknown:ViewManagerPropertyUpdater: Could not find generated setter for class com.swmansion.rnscreens.ScreenStackHeaderConfigShadowNode
02-21 16:41:11.353 32024 32059 W unknown:ViewManagerPropertyUpdater: Could not find generated setter for class com.swmansion.rnscreens.ScreensShadowNode
02-21 16:41:11.360 32024 32059 W unknown:ReactNative: Attempt to set local data for view with unknown tag: -1
02-21 16:41:11.367 32024 32059 W unknown:ReactNative: Attempt to set local data for view with unknown tag: -1
02-21 16:41:11.482 32024 32058 E ReactNativeJS: 'Erro ao pegar token Expo:', { [Error: Make sure to complete the guide at https://docs.expo.dev/push-notifications/fcm-credentials/ : Default FirebaseApp is not initialized in this process com.anonymous.innobet. Make sure to call FirebaseApp.initializeApp(Context) first.] code: 'E_REGISTRATION_FAILED' }
02-21 16:41:11.489 32024 32058 I ReactNativeJS: '[Network] Connection changed:', { isConnected: true, isInternetReachable: true, type: 'wifi' }
02-21 16:41:11.490 32024 32058 I ReactNativeJS: '[Network] Connection changed:', { isConnected: true, isInternetReachable: true, type: 'wifi' }
02-21 16:41:11.494 32024 32058 I ReactNativeJS: [SettingsContext] No token found, using default settings
02-21 16:41:11.548 32024 32058 I ReactNativeJS: '[Network] Connection changed:', { isConnected: true, isInternetReachable: true, type: 'wifi' }
02-21 16:41:11.548 32024 32058 I ReactNativeJS: '[Network] Connection changed:', { isConnected: true, isInternetReachable: true, type: 'wifi' }
02-21 16:41:11.643 32024 32059 E unknown:ReactNative: console.error: Erro ao pegar token Expo: Error: Make sure to complete the guide at https://docs.expo.dev/push-notifications/fcm-credentials/ : Default FirebaseApp is not initialized in this process com.anonymous.innobet. Make sure to call FirebaseApp.initializeApp(Context) first., js engine: hermes, stack:
02-21 16:41:11.643 32024 32059 E unknown:ReactNative: _construct@1:99485
02-21 16:41:11.643 32024 32059 E unknown:ReactNative: Wrapper@1:99139
02-21 16:41:11.643 32024 32059 E unknown:ReactNative: _callSuper@1:97140
02-21 16:41:11.643 32024 32059 E unknown:ReactNative: SyntheticError@1:98626
02-21 16:41:11.643 32024 32059 E unknown:ReactNative: reactConsoleErrorHandler@1:98287
02-21 16:41:11.643 32024 32059 E unknown:ReactNative: ?anon_0_@1:1585719
02-21 16:41:11.643 32024 32059 E unknown:ReactNative: asyncGeneratorStep@1:565825
02-21 16:41:11.643 32024 32059 E unknown:ReactNative: _throw@1:566130
02-21 16:41:11.643 32024 32059 E unknown:ReactNative: anonymous@1:120943
02-21 16:41:11.643 32024 32059 E unknown:ReactNative: _callTimer@1:119942
02-21 16:41:11.643 32024 32059 E unknown:ReactNative: _callReactNativeMicrotasksPass@1:120086
02-21 16:41:11.643 32024 32059 E unknown:ReactNative: callReactNativeMicrotasks@1:122017
02-21 16:41:11.643 32024 32059 E unknown:ReactNative: __callReactNativeMicrotasks@1:91596
02-21 16:41:11.643 32024 32059 E unknown:ReactNative: anonymous@1:90731
02-21 16:41:11.643 32024 32059 E unknown:ReactNative: __guard@1:91470
02-21 16:41:11.643 32024 32059 E unknown:ReactNative: flushedQueue@1:90642
02-21 16:41:11.784 32024 32058 I ReactNativeJS: BLE Printer initialized
02-21 16:41:11.842 32024 32042 E GED     : Failed to get GED Log Buf, err(0)
02-21 16:41:11.937   822   968 E WifiVendorHal: getWifiLinkLayerStats(l.937) failed {.code = ERROR_NOT_SUPPORTED, .description = }
02-21 16:41:11.986 32024 32059 W unknown:ReactNative: Attempt to set local data for view with unknown tag: -1
02-21 16:41:11.986 32024 32059 W unknown:ReactNative: Attempt to set local data for view with unknown tag: -1
02-21 16:41:12.126   504   504 I thermal_repeater: [recvMdThermalInfo] ret=28, strLen=127,  2, 32767, -127, 0, 32767, 0
02-21 16:41:12.153   366   386 I BufferQueueProducer: [com.anonymous.innobet/com.anonymous.innobet.MainActivity#0](this:0xae248000,id:785,api:1,p:32024,c:366) queueBuffer: fps=6.65 dur=1052.15 max=435.63 min=11.91
02-21 16:41:12.164   366   366 I SurfaceFlinger: [Built-in Screen (type:0)] fps:32.196785,dur:1087.07,max:325.79,min:13.85
02-21 16:41:12.367 32024 32058 W ReactNativeJS: `transform` unknown or invalid utility
02-21 16:41:12.412 32024 32058 I ReactNativeJS: '[Updater] Checking for updates at:', 'https://www.inforcomputer.com/Atualizacoes/InnoBet/version.json?t=1771702872412'
02-21 16:41:12.437 32024 32073 W onymous.innobe: Unknown chunk type '200'.
02-21 16:41:12.442 32024 32073 I WebViewFactory: Loading com.google.android.webview version 138.0.7204.179 (code 720417900)
02-21 16:41:12.443 32024 32073 W onymous.innobe: Unknown chunk type '200'.
02-21 16:41:12.445 32024 32024 D ViewRootImpl[MainActivity]: hardware acceleration = true , fakeHwAccelerated = false, sRendererDisabled = false, forceHwAccelerated = false, sSystemRendererDisabled = false
02-21 16:41:12.492   366  1289 D SurfaceFlinger: duplicate layer name: changing com.anonymous.innobet/com.anonymous.innobet.MainActivity to com.anonymous.innobet/com.anonymous.innobet.MainActivity#1
02-21 16:41:12.492   366  1289 I BufferQueue: [unnamed-366-786](this:0xae90b000,id:786,api:0,p:-1,c:-1) BufferQueue core=(366:/system/bin/surfaceflinger)
02-21 16:41:12.492   366  1289 I BufferQueueConsumer: [unnamed-366-786](this:0xae90b000,id:786,api:0,p:-1,c:366) connect(C): consumer=(366:/system/bin/surfaceflinger) controlledByApp=false
02-21 16:41:12.493   366  1289 I BufferQueueConsumer: [unnamed-366-786](this:0xae90b000,id:786,api:0,p:-1,c:366) setConsumerName: unnamed-366-786
02-21 16:41:12.493   366  1289 I BufferQueueConsumer: [com.anonymous.innobet/com.anonymous.innobet.MainActivity#1](this:0xae90b000,id:786,api:0,p:-1,c:366) setConsumerName: com.anonymous.innobet/com.anonymous.innobet.MainActivity#1
02-21 16:41:12.493   366  1289 I BufferQueueConsumer: [com.anonymous.innobet/com.anonymous.innobet.MainActivity#1](this:0xae90b000,id:786,api:0,p:-1,c:366) setDefaultBufferSize: width=720 height=1440
02-21 16:41:12.494   822  6314 V WindowManager: Changing focus from Window{b81341b u0 com.anonymous.innobet/com.anonymous.innobet.MainActivity} to Window{a0aff83 u0 com.anonymous.innobet/com.anonymous.innobet.MainActivity} Callers=com.android.server.wm.WindowManagerService.relayoutWindow:2134 com.android.server.wm.Session.relayout:244 android.view.IWindowSession$Stub.onTransact:309 com.android.server.wm.Session.onTransact:164 
02-21 16:41:12.494   822  6314 D WindowManager: Input focus has changed to Window{a0aff83 u0 com.anonymous.innobet/com.anonymous.innobet.MainActivity}
02-21 16:41:12.495   822   901 I WindowManager: Focus moving from Window{b81341b u0 com.anonymous.innobet/com.anonymous.innobet.MainActivity} to Window{a0aff83 u0 com.anonymous.innobet/com.anonymous.innobet.MainActivity}
02-21 16:41:12.497 32024 32042 D Surface : Surface::connect(this=0x80896000,api=1)
02-21 16:41:12.497 32024 32024 D Surface : Surface::allocateBuffers(this=0x80896000)
02-21 16:41:12.497   366   386 I BufferQueueProducer: [com.anonymous.innobet/com.anonymous.innobet.MainActivity#1](this:0xae90b000,id:786,api:1,p:32024,c:366) connect(P): api=1 producer=(32024:com.anonymous.innobet) producerControlledByApp=true
02-21 16:41:12.498 32024 32073 I onymous.innobe: Rejecting re-init on previously-failed class java.lang.Class<WV.AM>: java.lang.NoClassDefFoundError: Failed resolution of: Landroid/webkit/PacProcessor;
02-21 16:41:12.498 32024 32073 I onymous.innobe:   at java.lang.Class java.lang.Class.classForName(java.lang.String, boolean, java.lang.ClassLoader) (Class.java:-2)
02-21 16:41:12.498 32024 32073 I onymous.innobe:   at java.lang.Class java.lang.Class.forName(java.lang.String, boolean, java.lang.ClassLoader) (Class.java:453)
02-21 16:41:12.498 32024 32073 I onymous.innobe:   at java.lang.Class android.webkit.WebViewFactory.getWebViewProviderClass(java.lang.ClassLoader) (WebViewFactory.java:176)
02-21 16:41:12.498 32024 32073 I onymous.innobe:   at java.lang.Class android.webkit.WebViewFactory.getProviderClass() (WebViewFactory.java:459)
02-21 16:41:12.498 32024 32073 I onymous.innobe:   at android.webkit.WebViewFactoryProvider android.webkit.WebViewFactory.getProvider() (WebViewFactory.java:251)
02-21 16:41:12.498 32024 32073 I onymous.innobe:   at android.webkit.CookieManager android.webkit.CookieManager.getInstance() (CookieManager.java:40)
02-21 16:41:12.498 32024 32073 I onymous.innobe:   at android.webkit.CookieManager com.facebook.react.modules.network.ForwardingCookieHandler.getCookieManager() (ForwardingCookieHandler.java:102)
02-21 16:41:12.498 32024 32073 I onymous.innobe:   at java.util.Map com.facebook.react.modules.network.ForwardingCookieHandler.get(java.net.URI, java.util.Map) (ForwardingCookieHandler.java:43)
02-21 16:41:12.498 32024 32073 I onymous.innobe:   at java.util.List okhttp3.JavaNetCookieJar.loadForRequest(okhttp3.HttpUrl) (JavaNetCookieJar.kt:47)
02-21 16:41:12.498 32024 32073 I onymous.innobe:   at java.util.List com.facebook.react.modules.network.ReactCookieJarContainer.loadForRequest(okhttp3.HttpUrl) (ReactCookieJarContainer.java:44)
02-21 16:41:12.498 32024 32073 I onymous.innobe:   at okhttp3.Response okhttp3.internal.http.BridgeInterceptor.intercept(okhttp3.Interceptor$Chain) (BridgeInterceptor.kt:74)
02-21 16:41:12.498 32024 32073 I onymous.innobe:   at okhttp3.Response okhttp3.internal.http.RealInterceptorChain.proceed(okhttp3.Request) (RealInterceptorChain.kt:109)
02-21 16:41:12.498 32024 32073 I onymous.innobe:   at okhttp3.Response okhttp3.internal.http.RetryAndFollowUpInterceptor.intercept(okhttp3.Interceptor$Chain) (RetryAndFollowUpInterceptor.kt:76)
02-21 16:41:12.498 32024 32073 I onymous.innobe:   at okhttp3.Response okhttp3.internal.http.RealInterceptorChain.proceed(okhttp3.Request) (RealInterceptorChain.kt:109)
02-21 16:41:12.498 32024 32073 I onymous.innobe:   at okhttp3.Response okhttp3.internal.connection.RealCall.getResponseWithInterceptorChain$okhttp() (RealCall.kt:201)
02-21 16:41:12.498 32024 32073 I onymous.innobe:   at void okhttp3.internal.connection.RealCall$AsyncCall.run() (RealCall.kt:517)
02-21 16:41:12.498 32024 32073 I onymous.innobe:   at void java.util.concurrent.ThreadPoolExecutor.runWorker(java.util.concurrent.ThreadPoolExecutor$Worker) (ThreadPoolExecutor.java:1167)
02-21 16:41:12.498 32024 32073 I onymous.innobe:   at void java.util.concurrent.ThreadPoolExecutor$Worker.run() (ThreadPoolExecutor.java:641)
02-21 16:41:12.498 32024 32073 I onymous.innobe:   at void java.lang.Thread.run() (Thread.java:764)
02-21 16:41:12.498 32024 32073 I onymous.innobe: Caused by: java.lang.ClassNotFoundException: Didn't find class "android.webkit.PacProcessor" on path: DexPathList[[zip file "/data/app/com.google.android.webview-5Qheia9dr00Xpw0tBcysAQ==/base.apk"],nativeLibraryDirectories=[/data/app/com.google.android.webview-5Qheia9dr00Xpw0tBcysAQ==/lib/arm, /data/app/com.google.android.webview-5Qheia9dr00Xpw0tBcysAQ==/base.apk!/lib/armeabi-v7a, /system/lib]]
02-21 16:41:12.498 32024 32073 I onymous.innobe:   at java.lang.Class dalvik.system.BaseDexClassLoader.findClass(java.lang.String) (BaseDexClassLoader.java:134)
02-21 16:41:12.498 32024 32073 I onymous.innobe:   at java.lang.Class java.lang.ClassLoader.loadClass(java.lang.String, boolean) (ClassLoader.java:379)
02-21 16:41:12.498 32024 32073 I onymous.innobe:   at java.lang.Class java.lang.ClassLoader.loadClass(java.lang.String) (ClassLoader.java:312)
02-21 16:41:12.498 32024 32073 I onymous.innobe:   at java.lang.Class java.lang.Class.classForName(java.lang.String, boolean, java.lang.ClassLoader) (Class.java:-2)
02-21 16:41:12.498 32024 32073 I onymous.innobe:   at java.lang.Class java.lang.Class.forName(java.lang.String, boolean, java.lang.ClassLoader) (Class.java:453)
02-21 16:41:12.498 32024 32073 I onymous.innobe:   at java.lang.Class android.webkit.WebViewFactory.getWebViewProviderClass(java.lang.ClassLoader) (WebViewFactory.java:176)
02-21 16:41:12.498 32024 32073 I onymous.innobe:   at java.lang.Class android.webkit.WebViewFactory.getProviderClass() (WebViewFactory.java:459)
02-21 16:41:12.498 32024 32073 I onymous.innobe:   at android.webkit.WebViewFactoryProvider android.webkit.WebViewFactory.getProvider() (WebViewFactory.java:251)
02-21 16:41:12.498 32024 32073 I onymous.innobe:   at android.webkit.CookieManager android.webkit.CookieManager.getInstance() (CookieManager.java:40)
02-21 16:41:12.498 32024 32073 I onymous.innobe:   at android.webkit.CookieManager com.facebook.react.modules.network.ForwardingCookieHandler.getCookieManager() (ForwardingCookieHandler.java:102)
02-21 16:41:12.498 32024 32073 I onymous.innobe:   at java.util.Map com.facebook.react.modules.network.ForwardingCookieHandler.get(java.net.URI, java.util.Map) (ForwardingCookieHandler.java:43)
02-21 16:41:12.498 32024 32073 I onymous.innobe:   at java.util.List okhttp3.JavaNetCookieJar.loadForRequest(okhttp3.HttpUrl) (JavaNetCookieJar.kt:47)
02-21 16:41:12.498 32024 32073 I onymous.innobe:   at java.util.List com.facebook.react.modules.network.ReactCookieJarContainer.loadForRequest(okhttp3.HttpUrl) (ReactCookieJarContainer.java:44)
02-21 16:41:12.498 32024 32073 I onymous.innobe:   at okhttp3.Response okhttp3.internal.http.BridgeInterceptor.intercept(okhttp3.Interceptor$Chain) (BridgeInterceptor.kt:74)
02-21 16:41:12.498 32024 32073 I onymous.innobe:   at okhttp3.Response okhttp3.internal.http.RealInterceptorChain.proceed(okhttp3.Request) (RealInterceptorChain.kt:109)
02-21 16:41:12.498 32024 32073 I onymous.innobe:   at okhttp3.Response okhttp3.internal.http.RetryAndFollowUpInterceptor.intercept(okhttp3.Interceptor$Chain) (RetryAndFollowUpInterceptor.kt:76)
02-21 16:41:12.498 32024 32073 I onymous.innobe:   at okhttp3.Response okhttp3.internal.http.RealInterceptorChain.proceed(okhttp3.Request) (RealInterceptorChain.kt:109)
02-21 16:41:12.498 32024 32073 I onymous.innobe:   at okhttp3.Response okhttp3.internal.connection.RealCall.getResponseWithInterceptorChain$okhttp() (RealCall.kt:201)
02-21 16:41:12.498 32024 32073 I onymous.innobe:   at void okhttp3.internal.connection.RealCall$AsyncCall.run() (RealCall.kt:517)
02-21 16:41:12.498 32024 32073 I onymous.innobe:   at void java.util.concurrent.ThreadPoolExecutor.runWorker(java.util.concurrent.ThreadPoolExecutor$Worker) (ThreadPoolExecutor.java:1167)
02-21 16:41:12.498 32024 32073 I onymous.innobe:   at void java.util.concurrent.ThreadPoolExecutor$Worker.run() (ThreadPoolExecutor.java:641)
02-21 16:41:12.499 32024 32073 I onymous.innobe:   at void java.lang.Thread.run() (Thread.java:764)
02-21 16:41:12.499 32024 32073 I onymous.innobe: 
02-21 16:41:12.499 32024 32073 I onymous.innobe: Rejecting re-init on previously-failed class java.lang.Class<WV.AM>: java.lang.NoClassDefFoundError: Failed resolution of: Landroid/webkit/PacProcessor;
02-21 16:41:12.499 32024 32073 I onymous.innobe:   at java.lang.Class java.lang.Class.classForName(java.lang.String, boolean, java.lang.ClassLoader) (Class.java:-2)
02-21 16:41:12.499 32024 32073 I onymous.innobe:   at java.lang.Class java.lang.Class.forName(java.lang.String, boolean, java.lang.ClassLoader) (Class.java:453)
02-21 16:41:12.500 32024 32073 I onymous.innobe:   at java.lang.Class android.webkit.WebViewFactory.getWebViewProviderClass(java.lang.ClassLoader) (WebViewFactory.java:176)
02-21 16:41:12.500 32024 32073 I onymous.innobe:   at java.lang.Class android.webkit.WebViewFactory.getProviderClass() (WebViewFactory.java:459)
02-21 16:41:12.500 32024 32073 I onymous.innobe:   at android.webkit.WebViewFactoryProvider android.webkit.WebViewFactory.getProvider() (WebViewFactory.java:251)
02-21 16:41:12.500 32024 32073 I onymous.innobe:   at android.webkit.CookieManager android.webkit.CookieManager.getInstance() (CookieManager.java:40)
02-21 16:41:12.500 32024 32073 I onymous.innobe:   at android.webkit.CookieManager com.facebook.react.modules.network.ForwardingCookieHandler.getCookieManager() (ForwardingCookieHandler.java:102)
02-21 16:41:12.500 32024 32073 I onymous.innobe:   at java.util.Map com.facebook.react.modules.network.ForwardingCookieHandler.get(java.net.URI, java.util.Map) (ForwardingCookieHandler.java:43)
02-21 16:41:12.500 32024 32073 I onymous.innobe:   at java.util.List okhttp3.JavaNetCookieJar.loadForRequest(okhttp3.HttpUrl) (JavaNetCookieJar.kt:47)
02-21 16:41:12.500 32024 32073 I onymous.innobe:   at java.util.List com.facebook.react.modules.network.ReactCookieJarContainer.loadForRequest(okhttp3.HttpUrl) (ReactCookieJarContainer.java:44)
02-21 16:41:12.500 32024 32073 I onymous.innobe:   at okhttp3.Response okhttp3.internal.http.BridgeInterceptor.intercept(okhttp3.Interceptor$Chain) (BridgeInterceptor.kt:74)
02-21 16:41:12.500 32024 32073 I onymous.innobe:   at okhttp3.Response okhttp3.internal.http.RealInterceptorChain.proceed(okhttp3.Request) (RealInterceptorChain.kt:109)
02-21 16:41:12.500 32024 32073 I onymous.innobe:   at okhttp3.Response okhttp3.internal.http.RetryAndFollowUpInterceptor.intercept(okhttp3.Interceptor$Chain) (RetryAndFollowUpInterceptor.kt:76)
02-21 16:41:12.500 32024 32073 I onymous.innobe:   at okhttp3.Response okhttp3.internal.http.RealInterceptorChain.proceed(okhttp3.Request) (RealInterceptorChain.kt:109)
02-21 16:41:12.500 32024 32073 I onymous.innobe:   at okhttp3.Response okhttp3.internal.connection.RealCall.getResponseWithInterceptorChain$okhttp() (RealCall.kt:201)
02-21 16:41:12.500 32024 32073 I onymous.innobe:   at void okhttp3.internal.connection.RealCall$AsyncCall.run() (RealCall.kt:517)
02-21 16:41:12.500 32024 32073 I onymous.innobe:   at void java.util.concurrent.ThreadPoolExecutor.runWorker(java.util.concurrent.ThreadPoolExecutor$Worker) (ThreadPoolExecutor.java:1167)
02-21 16:41:12.500 32024 32073 I onymous.innobe:   at void java.util.concurrent.ThreadPoolExecutor$Worker.run() (ThreadPoolExecutor.java:641)
02-21 16:41:12.500 32024 32073 I onymous.innobe:   at void java.lang.Thread.run() (Thread.java:764)
02-21 16:41:12.500 32024 32073 I onymous.innobe: Caused by: java.lang.ClassNotFoundException: Didn't find class "android.webkit.PacProcessor" on path: DexPathList[[zip file "/data/app/com.google.android.webview-5Qheia9dr00Xpw0tBcysAQ==/base.apk"],nativeLibraryDirectories=[/data/app/com.google.android.webview-5Qheia9dr00Xpw0tBcysAQ==/lib/arm, /data/app/com.google.android.webview-5Qheia9dr00Xpw0tBcysAQ==/base.apk!/lib/armeabi-v7a, /system/lib]]
02-21 16:41:12.500 32024 32073 I onymous.innobe:   at java.lang.Class dalvik.system.BaseDexClassLoader.findClass(java.lang.String) (BaseDexClassLoader.java:134)
02-21 16:41:12.500 32024 32073 I onymous.innobe:   at java.lang.Class java.lang.ClassLoader.loadClass(java.lang.String, boolean) (ClassLoader.java:379)
02-21 16:41:12.500 32024 32073 I onymous.innobe:   at java.lang.Class java.lang.ClassLoader.loadClass(java.lang.String) (ClassLoader.java:312)
02-21 16:41:12.500 32024 32073 I onymous.innobe:   at java.lang.Class java.lang.Class.classForName(java.lang.String, boolean, java.lang.ClassLoader) (Class.java:-2)
02-21 16:41:12.500 32024 32073 I onymous.innobe:   at java.lang.Class java.lang.Class.forName(java.lang.String, boolean, java.lang.ClassLoader) (Class.java:453)
02-21 16:41:12.500 32024 32073 I onymous.innobe:   at java.lang.Class android.webkit.WebViewFactory.getWebViewProviderClass(java.lang.ClassLoader) (WebViewFactory.java:176)
02-21 16:41:12.500 32024 32073 I onymous.innobe:   at java.lang.Class android.webkit.WebViewFactory.getProviderClass() (WebViewFactory.java:459)
02-21 16:41:12.500 32024 32073 I onymous.innobe:   at android.webkit.WebViewFactoryProvider android.webkit.WebViewFactory.getProvider() (WebViewFactory.java:251)
02-21 16:41:12.500 32024 32073 I onymous.innobe:   at android.webkit.CookieManager android.webkit.CookieManager.getInstance() (CookieManager.java:40)
02-21 16:41:12.500 32024 32073 I onymous.innobe:   at android.webkit.CookieManager com.facebook.react.modules.network.ForwardingCookieHandler.getCookieManager() (ForwardingCookieHandler.java:102)
02-21 16:41:12.500 32024 32073 I onymous.innobe:   at java.util.Map com.facebook.react.modules.network.ForwardingCookieHandler.get(java.net.URI, java.util.Map) (ForwardingCookieHandler.java:43)
02-21 16:41:12.500 32024 32073 I onymous.innobe:   at java.util.List okhttp3.JavaNetCookieJar.loadForRequest(okhttp3.HttpUrl) (JavaNetCookieJar.kt:47)
02-21 16:41:12.500 32024 32073 I onymous.innobe:   at java.util.List com.facebook.react.modules.network.ReactCookieJarContainer.loadForRequest(okhttp3.HttpUrl) (ReactCookieJarContainer.java:44)
02-21 16:41:12.500 32024 32073 I onymous.innobe:   at okhttp3.Response okhttp3.internal.http.BridgeInterceptor.intercept(okhttp3.Interceptor$Chain) (BridgeInterceptor.kt:74)
02-21 16:41:12.500 32024 32073 I onymous.innobe:   at okhttp3.Response okhttp3.internal.http.RealInterceptorChain.proceed(okhttp3.Request) (RealInterceptorChain.kt:109)
02-21 16:41:12.500 32024 32073 I onymous.innobe:   at okhttp3.Response okhttp3.internal.http.RetryAndFollowUpInterceptor.intercept(okhttp3.Interceptor$Chain) (RetryAndFollowUpInterceptor.kt:76)
02-21 16:41:12.500 32024 32073 I onymous.innobe:   at okhttp3.Response okhttp3.internal.http.RealInterceptorChain.proceed(okhttp3.Request) (RealInterceptorChain.kt:109)
02-21 16:41:12.500 32024 32073 I onymous.innobe:   at okhttp3.Response okhttp3.internal.connection.RealCall.getResponseWithInterceptorChain$okhttp() (RealCall.kt:201)
02-21 16:41:12.500 32024 32073 I onymous.innobe:   at void okhttp3.internal.connection.RealCall$AsyncCall.run() (RealCall.kt:517)
02-21 16:41:12.500 32024 32073 I onymous.innobe:   at void java.util.concurrent.ThreadPoolExecutor.runWorker(java.util.concurrent.ThreadPoolExecutor$Worker) (ThreadPoolExecutor.java:1167)
02-21 16:41:12.500 32024 32073 I onymous.innobe:   at void java.util.concurrent.ThreadPoolExecutor$Worker.run() (ThreadPoolExecutor.java:641)
02-21 16:41:12.500 32024 32073 I onymous.innobe:   at void java.lang.Thread.run() (Thread.java:764)
02-21 16:41:12.500 32024 32073 I onymous.innobe: 
02-21 16:41:12.511 32024 32073 I onymous.innobe: Rejecting re-init on previously-failed class java.lang.Class<WV.AM>: java.lang.NoClassDefFoundError: Failed resolution of: Landroid/webkit/PacProcessor;
02-21 16:41:12.511 32024 32073 I onymous.innobe:   at java.lang.Class java.lang.Class.classForName(java.lang.String, boolean, java.lang.ClassLoader) (Class.java:-2)
02-21 16:41:12.511 32024 32073 I onymous.innobe:   at java.lang.Class java.lang.Class.forName(java.lang.String, boolean, java.lang.ClassLoader) (Class.java:453)
02-21 16:41:12.511 32024 32073 I onymous.innobe:   at java.lang.Class android.webkit.WebViewFactory.getWebViewProviderClass(java.lang.ClassLoader) (WebViewFactory.java:176)
02-21 16:41:12.511 32024 32073 I onymous.innobe:   at java.lang.Class android.webkit.WebViewFactory.getProviderClass() (WebViewFactory.java:459)
02-21 16:41:12.511 32024 32073 I onymous.innobe:   at android.webkit.WebViewFactoryProvider android.webkit.WebViewFactory.getProvider() (WebViewFactory.java:251)
02-21 16:41:12.511 32024 32073 I onymous.innobe:   at android.webkit.CookieManager android.webkit.CookieManager.getInstance() (CookieManager.java:40)
02-21 16:41:12.511 32024 32073 I onymous.innobe:   at android.webkit.CookieManager com.facebook.react.modules.network.ForwardingCookieHandler.getCookieManager() (ForwardingCookieHandler.java:102)
02-21 16:41:12.511 32024 32073 I onymous.innobe:   at java.util.Map com.facebook.react.modules.network.ForwardingCookieHandler.get(java.net.URI, java.util.Map) (ForwardingCookieHandler.java:43)
02-21 16:41:12.511 32024 32073 I onymous.innobe:   at java.util.List okhttp3.JavaNetCookieJar.loadForRequest(okhttp3.HttpUrl) (JavaNetCookieJar.kt:47)
02-21 16:41:12.511 32024 32073 I onymous.innobe:   at java.util.List com.facebook.react.modules.network.ReactCookieJarContainer.loadForRequest(okhttp3.HttpUrl) (ReactCookieJarContainer.java:44)
02-21 16:41:12.511 32024 32073 I onymous.innobe:   at okhttp3.Response okhttp3.internal.http.BridgeInterceptor.intercept(okhttp3.Interceptor$Chain) (BridgeInterceptor.kt:74)
02-21 16:41:12.511 32024 32073 I onymous.innobe:   at okhttp3.Response okhttp3.internal.http.RealInterceptorChain.proceed(okhttp3.Request) (RealInterceptorChain.kt:109)
02-21 16:41:12.511 32024 32073 I onymous.innobe:   at okhttp3.Response okhttp3.internal.http.RetryAndFollowUpInterceptor.intercept(okhttp3.Interceptor$Chain) (RetryAndFollowUpInterceptor.kt:76)
02-21 16:41:12.511 32024 32073 I onymous.innobe:   at okhttp3.Response okhttp3.internal.http.RealInterceptorChain.proceed(okhttp3.Request) (RealInterceptorChain.kt:109)
02-21 16:41:12.511 32024 32073 I onymous.innobe:   at okhttp3.Response okhttp3.internal.connection.RealCall.getResponseWithInterceptorChain$okhttp() (RealCall.kt:201)
02-21 16:41:12.511 32024 32073 I onymous.innobe:   at void okhttp3.internal.connection.RealCall$AsyncCall.run() (RealCall.kt:517)
02-21 16:41:12.511 32024 32073 I onymous.innobe:   at void java.util.concurrent.ThreadPoolExecutor.runWorker(java.util.concurrent.ThreadPoolExecutor$Worker) (ThreadPoolExecutor.java:1167)
02-21 16:41:12.511 32024 32073 I onymous.innobe:   at void java.util.concurrent.ThreadPoolExecutor$Worker.run() (ThreadPoolExecutor.java:641)
02-21 16:41:12.511 32024 32073 I onymous.innobe:   at void java.lang.Thread.run() (Thread.java:764)
02-21 16:41:12.511 32024 32073 I onymous.innobe: Caused by: java.lang.ClassNotFoundException: Didn't find class "android.webkit.PacProcessor" on path: DexPathList[[zip file "/data/app/com.google.android.webview-5Qheia9dr00Xpw0tBcysAQ==/base.apk"],nativeLibraryDirectories=[/data/app/com.google.android.webview-5Qheia9dr00Xpw0tBcysAQ==/lib/arm, /data/app/com.google.android.webview-5Qheia9dr00Xpw0tBcysAQ==/base.apk!/lib/armeabi-v7a, /system/lib]]
02-21 16:41:12.511 32024 32073 I onymous.innobe:   at java.lang.Class dalvik.system.BaseDexClassLoader.findClass(java.lang.String) (BaseDexClassLoader.java:134)
02-21 16:41:12.511 32024 32073 I onymous.innobe:   at java.lang.Class java.lang.ClassLoader.loadClass(java.lang.String, boolean) (ClassLoader.java:379)
02-21 16:41:12.511 32024 32073 I onymous.innobe:   at java.lang.Class java.lang.ClassLoader.loadClass(java.lang.String) (ClassLoader.java:312)
02-21 16:41:12.511 32024 32073 I onymous.innobe:   at java.lang.Class java.lang.Class.classForName(java.lang.String, boolean, java.lang.ClassLoader) (Class.java:-2)
02-21 16:41:12.511 32024 32073 I onymous.innobe:   at java.lang.Class java.lang.Class.forName(java.lang.String, boolean, java.lang.ClassLoader) (Class.java:453)
02-21 16:41:12.511 32024 32073 I onymous.innobe:   at java.lang.Class android.webkit.WebViewFactory.getWebViewProviderClass(java.lang.ClassLoader) (WebViewFactory.java:176)
02-21 16:41:12.511 32024 32073 I onymous.innobe:   at java.lang.Class android.webkit.WebViewFactory.getProviderClass() (WebViewFactory.java:459)
02-21 16:41:12.511 32024 32073 I onymous.innobe:   at android.webkit.WebViewFactoryProvider android.webkit.WebViewFactory.getProvider() (WebViewFactory.java:251)
02-21 16:41:12.511 32024 32073 I onymous.innobe:   at android.webkit.CookieManager android.webkit.CookieManager.getInstance() (CookieManager.java:40)
02-21 16:41:12.511 32024 32073 I onymous.innobe:   at android.webkit.CookieManager com.facebook.react.modules.network.ForwardingCookieHandler.getCookieManager() (ForwardingCookieHandler.java:102)
02-21 16:41:12.511 32024 32073 I onymous.innobe:   at java.util.Map com.facebook.react.modules.network.ForwardingCookieHandler.get(java.net.URI, java.util.Map) (ForwardingCookieHandler.java:43)
02-21 16:41:12.511 32024 32073 I onymous.innobe:   at java.util.List okhttp3.JavaNetCookieJar.loadForRequest(okhttp3.HttpUrl) (JavaNetCookieJar.kt:47)
02-21 16:41:12.511 32024 32073 I onymous.innobe:   at java.util.List com.facebook.react.modules.network.ReactCookieJarContainer.loadForRequest(okhttp3.HttpUrl) (ReactCookieJarContainer.java:44)
02-21 16:41:12.511 32024 32073 I onymous.innobe:   at okhttp3.Response okhttp3.internal.http.BridgeInterceptor.intercept(okhttp3.Interceptor$Chain) (BridgeInterceptor.kt:74)
02-21 16:41:12.511 32024 32073 I onymous.innobe:   at okhttp3.Response okhttp3.internal.http.RealInterceptorChain.proceed(okhttp3.Request) (RealInterceptorChain.kt:109)
02-21 16:41:12.511 32024 32073 I onymous.innobe:   at okhttp3.Response okhttp3.internal.http.RetryAndFollowUpInterceptor.intercept(okhttp3.Interceptor$Chain) (RetryAndFollowUpInterceptor.kt:76)
02-21 16:41:12.511 32024 32073 I onymous.innobe:   at okhttp3.Response okhttp3.internal.http.RealInterceptorChain.proceed(okhttp3.Request) (RealInterceptorChain.kt:109)
02-21 16:41:12.511 32024 32073 I onymous.innobe:   at okhttp3.Response okhttp3.internal.connection.RealCall.getResponseWithInterceptorChain$okhttp() (RealCall.kt:201)
02-21 16:41:12.511 32024 32073 I onymous.innobe:   at void okhttp3.internal.connection.RealCall$AsyncCall.run() (RealCall.kt:517)
02-21 16:41:12.511 32024 32073 I onymous.innobe:   at void java.util.concurrent.ThreadPoolExecutor.runWorker(java.util.concurrent.ThreadPoolExecutor$Worker) (ThreadPoolExecutor.java:1167)
02-21 16:41:12.511 32024 32073 I onymous.innobe:   at void java.util.concurrent.ThreadPoolExecutor$Worker.run() (ThreadPoolExecutor.java:641)
02-21 16:41:12.511 32024 32073 I onymous.innobe:   at void java.lang.Thread.run() (Thread.java:764)
02-21 16:41:12.511 32024 32073 I onymous.innobe: 
02-21 16:41:12.512 32024 32073 I onymous.innobe: Rejecting re-init on previously-failed class java.lang.Class<WV.AM>: java.lang.NoClassDefFoundError: Failed resolution of: Landroid/webkit/PacProcessor;
02-21 16:41:12.512 32024 32073 I onymous.innobe:   at java.lang.Class java.lang.Class.classForName(java.lang.String, boolean, java.lang.ClassLoader) (Class.java:-2)
02-21 16:41:12.512 32024 32073 I onymous.innobe:   at java.lang.Class java.lang.Class.forName(java.lang.String, boolean, java.lang.ClassLoader) (Class.java:453)
02-21 16:41:12.512 32024 32073 I onymous.innobe:   at java.lang.Class android.webkit.WebViewFactory.getWebViewProviderClass(java.lang.ClassLoader) (WebViewFactory.java:176)
02-21 16:41:12.512 32024 32073 I onymous.innobe:   at java.lang.Class android.webkit.WebViewFactory.getProviderClass() (WebViewFactory.java:459)
02-21 16:41:12.512 32024 32073 I onymous.innobe:   at android.webkit.WebViewFactoryProvider android.webkit.WebViewFactory.getProvider() (WebViewFactory.java:251)
02-21 16:41:12.512 32024 32073 I onymous.innobe:   at android.webkit.CookieManager android.webkit.CookieManager.getInstance() (CookieManager.java:40)
02-21 16:41:12.512 32024 32073 I onymous.innobe:   at android.webkit.CookieManager com.facebook.react.modules.network.ForwardingCookieHandler.getCookieManager() (ForwardingCookieHandler.java:102)
02-21 16:41:12.512 32024 32073 I onymous.innobe:   at java.util.Map com.facebook.react.modules.network.ForwardingCookieHandler.get(java.net.URI, java.util.Map) (ForwardingCookieHandler.java:43)
02-21 16:41:12.512 32024 32073 I onymous.innobe:   at java.util.List okhttp3.JavaNetCookieJar.loadForRequest(okhttp3.HttpUrl) (JavaNetCookieJar.kt:47)
02-21 16:41:12.512 32024 32073 I onymous.innobe:   at java.util.List com.facebook.react.modules.network.ReactCookieJarContainer.loadForRequest(okhttp3.HttpUrl) (ReactCookieJarContainer.java:44)
02-21 16:41:12.512 32024 32073 I onymous.innobe:   at okhttp3.Response okhttp3.internal.http.BridgeInterceptor.intercept(okhttp3.Interceptor$Chain) (BridgeInterceptor.kt:74)
02-21 16:41:12.512 32024 32073 I onymous.innobe:   at okhttp3.Response okhttp3.internal.http.RealInterceptorChain.proceed(okhttp3.Request) (RealInterceptorChain.kt:109)
02-21 16:41:12.512 32024 32073 I onymous.innobe:   at okhttp3.Response okhttp3.internal.http.RetryAndFollowUpInterceptor.intercept(okhttp3.Interceptor$Chain) (RetryAndFollowUpInterceptor.kt:76)
02-21 16:41:12.512 32024 32073 I onymous.innobe:   at okhttp3.Response okhttp3.internal.http.RealInterceptorChain.proceed(okhttp3.Request) (RealInterceptorChain.kt:109)
02-21 16:41:12.512 32024 32073 I onymous.innobe:   at okhttp3.Response okhttp3.internal.connection.RealCall.getResponseWithInterceptorChain$okhttp() (RealCall.kt:201)
02-21 16:41:12.512 32024 32073 I onymous.innobe:   at void okhttp3.internal.connection.RealCall$AsyncCall.run() (RealCall.kt:517)
02-21 16:41:12.512 32024 32073 I onymous.innobe:   at void java.util.concurrent.ThreadPoolExecutor.runWorker(java.util.concurrent.ThreadPoolExecutor$Worker) (ThreadPoolExecutor.java:1167)
02-21 16:41:12.512 32024 32073 I onymous.innobe:   at void java.util.concurrent.ThreadPoolExecutor$Worker.run() (ThreadPoolExecutor.java:641)
