02-21 16:41:12.512 32024 32073 I onymous.innobe:   at void java.lang.Thread.run() (Thread.java:764)
02-21 16:41:12.512 32024 32073 I onymous.innobe: Caused by: java.lang.ClassNotFoundException: Didn't find class "android.webkit.PacProcessor" on path: DexPathList[[zip file "/data/app/com.google.android.webview-5Qheia9dr00Xpw0tBcysAQ==/base.apk"],nativeLibraryDirectories=[/data/app/com.google.android.webview-5Qheia9dr00Xpw0tBcysAQ==/lib/arm, /data/app/com.google.android.webview-5Qheia9dr00Xpw0tBcysAQ==/base.apk!/lib/armeabi-v7a, /system/lib]]
02-21 16:41:12.512 32024 32073 I onymous.innobe:   at java.lang.Class dalvik.system.BaseDexClassLoader.findClass(java.lang.String) (BaseDexClassLoader.java:134)
02-21 16:41:12.512 32024 32073 I onymous.innobe:   at java.lang.Class java.lang.ClassLoader.loadClass(java.lang.String, boolean) (ClassLoader.java:379)
02-21 16:41:12.512 32024 32073 I onymous.innobe:   at java.lang.Class java.lang.ClassLoader.loadClass(java.lang.String) (ClassLoader.java:312)
02-21 16:41:12.512 32024 32073 I onymous.innobe:   at java.lang.Class java.lang.Class.classForName(java.lang.String, boolean, java.lang.ClassLoader) (Class.java:-2)
02-21 16:41:12.512 32024 32073 I onymous.innobe:   at java.lang.Class java.lang.Class.forName(java.lang.String, boolean, java.lang.ClassLoader) (Class.java:453)
02-21 16:41:12.512 32024 32073 I onymous.innobe:   at java.lang.Class android.webkit.WebViewFactory.getWebViewProviderClass(java.lang.ClassLoader) (WebViewFactory.java:176)
02-21 16:41:12.512 32024 32073 I onymous.innobe:   at java.lang.Class android.webkit.WebViewFactory.getProviderClass() (WebViewFactory.java:459)
02-21 16:41:12.512 32024 32073 I onymous.innobe:   at android.webkit.WebViewFactoryProvider android.webkit.WebViewFactory.getProvider() (WebViewFactory.java:251)
02-21 16:41:12.512 32024 32073 I onymous.innobe:   at android.webkit.CookieManager android.webkit.CookieManager.getInstance() (CookieManager.java:40)
02-21 16:41:12.512 32024 32073 I onymous.innobe:   at android.webkit.CookieManager com.facebook.react.modules.network.ForwardingCookieHandler.getCookieManager() (ForwardingCookieHandler.java:102)
02-21 16:41:12.512 32024 32073 I onymous.innobe:   at java.util.Map com.facebook.react.modules.network.ForwardingCookieHandler.get(java.net.URI, java.util.Map) (ForwardingCookieHandler.java:43)
02-21 16:41:12.512 32024 32073 I onymous.innobe:   at java.util.List okhttp3.JavaNetCookieJar.loadForRequest(okhttp3.HttpUrl) (JavaNetCookieJar.kt:47)
02-21 16:41:12.512 32024 32073 I onymous.innobe:   at java.util.List com.facebook.react.modules.network.ReactCookieJarContainer.loadForRequest(okhttp3.HttpUrl) (ReactCookieJarContainer.java:44)
02-21 16:41:12.512 32024 32073 I onymous.innobe:   at okhttp3.Response okhttp3.internal.http.BridgeInterceptor.intercept(okhttp3.Interceptor$Chain) (BridgeInterceptor.kt:74)
02-21 16:41:12.512 32024 32073 I onymous.innobe:   at okhttp3.Response okhttp3.internal.http.RealInterceptorChain.proceed(okhttp3.Request) (RealInterceptorChain.kt:109)
02-21 16:41:12.512 32024 32073 I onymous.innobe:   at okhttp3.Response okhttp3.internal.http.RetryAndFollowUpInterceptor.intercept(okhttp3.Interceptor$Chain) (RetryAndFollowUpInterceptor.kt:76)
02-21 16:41:12.512 32024 32073 I onymous.innobe:   at okhttp3.Response okhttp3.internal.http.RealInterceptorChain.proceed(okhttp3.Request) (RealInterceptorChain.kt:109)
02-21 16:41:12.512 32024 32073 I onymous.innobe:   at okhttp3.Response okhttp3.internal.connection.RealCall.getResponseWithInterceptorChain$okhttp() (RealCall.kt:201)
02-21 16:41:12.512 32024 32073 I onymous.innobe:   at void okhttp3.internal.connection.RealCall$AsyncCall.run() (RealCall.kt:517)
02-21 16:41:12.512 32024 32073 I onymous.innobe:   at void java.util.concurrent.ThreadPoolExecutor.runWorker(java.util.concurrent.ThreadPoolExecutor$Worker) (ThreadPoolExecutor.java:1167)
02-21 16:41:12.513 32024 32073 I onymous.innobe:   at void java.util.concurrent.ThreadPoolExecutor$Worker.run() (ThreadPoolExecutor.java:641)
02-21 16:41:12.513 32024 32073 I onymous.innobe:   at void java.lang.Thread.run() (Thread.java:764)
02-21 16:41:12.513 32024 32073 I onymous.innobe: 
02-21 16:41:12.543 32024 32073 I cr_WVCFactoryProvider: version=138.0.7204.179 (720417900) minSdkVersion=26 isBundle=false multiprocess=true packageId=2
02-21 16:41:12.575   822   901 I WindowManager: Losing delayed focus: Window{b81341b u0 com.anonymous.innobet/com.anonymous.innobet.MainActivity}
02-21 16:41:12.579 32024 32080 I chromium: [0221/164112.579402:INFO:android_webview/browser/variations/variations_seed_loader.cc:67] Failed to open file for reading.: No such file or directory (2)
02-21 16:41:12.604 32024 32073 I cr_LibraryLoader: Successfully loaded native library
02-21 16:41:12.606 32024 32073 I cr_CachingUmaRecorder: Flushed 7 samples from 7 histograms, 0 samples were dropped.
02-21 16:41:12.637 32024 32073 I onymous.innobe: The ClassLoaderContext is a special shared library.
02-21 16:41:12.645 32024 32073 I System.out: port:443
02-21 16:41:12.777 32024 32073 D OpenSSLLib: OpensslErr:Module:12(177:); file:external/boringssl/src/crypto/asn1/asn1_lib.c ;Line:168;Function:ASN1_get_object
02-21 16:41:12.778 32024 32073 D OpenSSLLib: OpensslErr:Module:12(177:); file:external/boringssl/src/crypto/asn1/asn1_lib.c ;Line:168;Function:ASN1_get_object
02-21 16:41:12.790 32024 32034 I onymous.innobe: Background concurrent copying GC freed 106677(4MB) AllocSpace objects, 14(360KB) LOS objects, 43% free, 7MB/13MB, paused 204us total 155.469ms
02-21 16:41:12.938 32024 32058 I ReactNativeJS: [Updater] Current: 1.5.50 (269) | Remote: 1.5.51 (270)
02-21 16:41:12.941 32024 32058 W ReactNativeJS: [Updater] Skipping update 1.5.51 (270) because it previously failed.
02-21 16:41:12.971 32024 32042 D Surface : Surface::disconnect(this=0x80896000,api=1)
02-21 16:41:12.971   366  1278 I BufferQueueProducer: [com.anonymous.innobet/com.anonymous.innobet.MainActivity#1](this:0xae90b000,id:786,api:1,p:32024,c:366) disconnect(P): api 1
02-21 16:41:12.972   366  1278 D BufferQueueConsumer: [com.anonymous.innobet/com.anonymous.innobet.MainActivity#1](this:0xae90b000,id:786,api:1,p:-1,c:366) getReleasedBuffers: returning mask 0xffffffffffffffff
02-21 16:41:12.972 32024 32024 D View    : [Warning] assignParent to null: this = DecorView@1c15c5a[MainActivity]
02-21 16:41:12.974   822  6314 V WindowManager: Remove Window{a0aff83 u0 com.anonymous.innobet/com.anonymous.innobet.MainActivity} client=b06b632, surfaceController=Surface(name=com.anonymous.innobet/com.anonymous.innobet.MainActivity)/@0x13b27f5 Callers=com.android.server.wm.WindowState.removeIfPossible:1966 com.android.server.wm.WindowManagerService.removeWindow:1671 com.android.server.wm.Session.remove:226 android.view.IWindowSession$Stub.onTransact:261 com.android.server.wm.Session.onTransact:164 
02-21 16:41:12.977   822  6314 V WindowManager: Changing focus from Window{a0aff83 u0 com.anonymous.innobet/com.anonymous.innobet.MainActivity EXITING} to Window{b81341b u0 com.anonymous.innobet/com.anonymous.innobet.MainActivity} Callers=com.android.server.wm.WindowState.setupWindowForRemoveOnExit:2105 com.android.server.wm.WindowState.removeIfPossible:2076 com.android.server.wm.WindowState.removeIfPossible:1966 com.android.server.wm.WindowManagerService.removeWindow:1671 
02-21 16:41:12.977   822  6314 D WindowManager: Input focus has changed to Window{b81341b u0 com.anonymous.innobet/com.anonymous.innobet.MainActivity}
02-21 16:41:12.982   822   901 I WindowManager: Focus moving from Window{a0aff83 u0 com.anonymous.innobet/com.anonymous.innobet.MainActivity EXITING} to Window{b81341b u0 com.anonymous.innobet/com.anonymous.innobet.MainActivity}
02-21 16:41:13.170   366   366 I SurfaceFlinger: [Built-in Screen (type:0)] fps:47.701633,dur:1006.25,max:180.57,min:15.12
02-21 16:41:13.204   366   386 W SurfaceFlinger: Attempting to set client state on removed layer: com.anonymous.innobet/com.anonymous.innobet.MainActivity#1
02-21 16:41:13.205   366   386 W SurfaceFlinger: Attempting to destroy on removed layer: com.anonymous.innobet/com.anonymous.innobet.MainActivity#1
02-21 16:41:13.217   366   366 I BufferQueueConsumer: [com.anonymous.innobet/com.anonymous.innobet.MainActivity#1](this:0xae90b000,id:786,api:1,p:-1,c:-1) disconnect(C)
02-21 16:41:13.219   366   366 I BufferQueue: [com.anonymous.innobet/com.anonymous.innobet.MainActivity#1](this:0xae90b000,id:786,api:1,p:-1,c:-1) ~BufferQueueCore
02-21 16:41:13.658 32024 32091 D ProfileInstaller: Skipping profile installation for com.anonymous.innobet
02-21 16:41:14.807 31255 31255 D Log4jTimberTree: SimCardMonitorAlarmService - BaseMonitor - onStartCommand - Received a request...
02-21 16:41:14.808 31255 32092 D Log4jTimberTree: doActionInternal: interval - 60000 | start - false
02-21 16:41:14.809 30146 30146 I ADB_SERVICES: local_socket_flush_outgoing read_data=143606
02-21 16:41:14.821 31255 32092 D Log4jTimberTree: DeviceManager - monitorName: SimCardMonitorAlarmService = AppExecutionRestrictionsAlarmService
02-21 16:41:14.822 31255 32092 D Log4jTimberTree: scheduleNextAlarm: interval - 60000
02-21 16:41:14.826 31255 32092 D Log4jTimberTree: MonitorAlarmManager - SimCardMonitorAlarmService: Alarm canceled.
02-21 16:41:14.828 31255 32092 D Log4jTimberTree: SimCardMonitorAlarmService: Next alarm in 62 seconds (~1 minutes).
02-21 16:41:14.832  1009  1009 W NotificationEntryMgr: removeNotification for unknown key: 0|br.com.mobiltec.c4m.android.agent|999991|null|1000
02-21 16:41:14.952   822   968 E WifiVendorHal: getWifiLinkLayerStats(l.937) failed {.code = ERROR_NOT_SUPPORTED, .description = }
02-21 16:41:17.208   357   382 I libPowerHal: 15: cpu_ctrl set freq: -1 -1
02-21 16:41:17.963   822   968 E WifiVendorHal: getWifiLinkLayerStats(l.937) failed {.code = ERROR_NOT_SUPPORTED, .description = }
02-21 16:41:18.926   513   563 D ApmSession: Connect
02-21 16:41:18.927   318   318 W hwservicemanager: getTransport: Cannot find entry vendor.mediatek.hardware.apmonitor@1.0::IAPMonitorService/default in either framework or device manifest.
02-21 16:41:18.928   513   563 D ApmSession: Connect: false
02-21 16:41:18.928   513   563 D ApmNative: apmIsKpiEnabled2: type = 54, ret = 0
02-21 16:41:20.980   822   968 E WifiVendorHal: getWifiLinkLayerStats(l.937) failed {.code = ERROR_NOT_SUPPORTED, .description = }
02-21 16:41:22.145   504   504 I thermal_repeater: [recvMdThermalInfo] ret=28, strLen=127,  2, 32767, -127, 0, 32767, 0
02-21 16:41:23.836   822  1052 D AES     : AEEIOCTL_GET/SET_SF_STATE IOCTL,cmd= 1074294797, lParam=0. 
02-21 16:41:23.836   822  1052 D AES     : AEEIOCTL_RT_MON_Kick IOCTL,cmd= 2147774474, lParam=300. 
02-21 16:41:23.837 30146 30146 I ADB_SERVICES: fdevent_loop length=1
02-21 16:41:23.993   822   968 E WifiVendorHal: getWifiLinkLayerStats(l.937) failed {.code = ERROR_NOT_SUPPORTED, .description = }
02-21 16:41:27.010   822   968 I chatty  : uid=1000(system) WifiStateMachin identical 1 line
02-21 16:41:30.028   822   968 E WifiVendorHal: getWifiLinkLayerStats(l.937) failed {.code = ERROR_NOT_SUPPORTED, .description = }
02-21 16:41:32.164   504   504 I thermal_repeater: [recvMdThermalInfo] ret=28, strLen=127,  2, 32767, -127, 0, 32767, 0
02-21 16:41:33.046   822   968 E WifiVendorHal: getWifiLinkLayerStats(l.937) failed {.code = ERROR_NOT_SUPPORTED, .description = }
02-21 16:41:36.063   822   968 E WifiVendorHal: getWifiLinkLayerStats(l.937) failed {.code = ERROR_NOT_SUPPORTED, .description = }
02-21 16:41:38.558 30146 31991 I ADB_SERVICES: post waitpid (pid=31990) status=0001
02-21 16:41:39.075   822   968 E WifiVendorHal: getWifiLinkLayerStats(l.937) failed {.code = ERROR_NOT_SUPPORTED, .description = }
02-21 16:41:42.087   822   968 E WifiVendorHal: getWifiLinkLayerStats(l.937) failed {.code = ERROR_NOT_SUPPORTED, .description = }
02-21 16:41:42.184   504   504 I thermal_repeater: [recvMdThermalInfo] ret=28, strLen=127,  2, 32767, -127, 0, 32767, 0
02-21 16:41:45.104   822   968 E WifiVendorHal: getWifiLinkLayerStats(l.937) failed {.code = ERROR_NOT_SUPPORTED, .description = }
02-21 16:41:48.123   822   968 I chatty  : uid=1000(system) WifiStateMachin identical 1 line
02-21 16:41:51.139   822   968 E WifiVendorHal: getWifiLinkLayerStats(l.937) failed {.code = ERROR_NOT_SUPPORTED, .description = }
02-21 16:41:52.203   504   504 I thermal_repeater: [recvMdThermalInfo] ret=28, strLen=127,  2, 32767, -127, 0, 32767, 0
02-21 16:41:52.579   497   943 I StepRecognize: batch: handle:16, flag:0,samplingPeriodNs:1000000 maxBatchReportLatencyNs:0

02-21 16:41:52.579   497   943 E StepRecognize: no batch control attr

02-21 16:41:52.579   497   943 E SensorManager: batch failed 16 0 1000000 0 err = -1
02-21 16:41:52.579   822  6314 E SensorService: sensor batch failed 0x9c7a87a0 0x00000011 1000000 0 err=Operation not permitted
02-21 16:41:52.584   357  1276 E IMGMemtrackHAL: GetGLMemtrackRecords: Subtracting per-pid stats from global stats would wrap. Clamping global stats to zero.
02-21 16:41:52.584   357  1276 I chatty  : uid=1000(system) HwBinder:357_3 identical 3 lines
02-21 16:41:52.584   357  1276 E IMGMemtrackHAL: GetGLMemtrackRecords: Subtracting per-pid stats from global stats would wrap. Clamping global stats to zero.
02-21 16:41:52.584   357  1276 W IMGMemtrackHAL: hal_get_memory: memtrack cache rebuild was required
02-21 16:41:52.591   497   943 I Accelerometer: batch: handle:0, flag:0,samplingPeriodNs:20000000 maxBatchReportLatencyNs:0

02-21 16:41:52.593   497   943 I Accelerometer: flush, flushCnt:1
02-21 16:41:52.593   497   497 I Accelerometer: flush complete, flushCnt:0
02-21 16:41:53.106   497   943 I Accelerometer: batch: handle:0, flag:0,samplingPeriodNs:20000000 maxBatchReportLatencyNs:100000000

02-21 16:41:53.132  1440  1867 I ActivityScheduler: nextTriggerTime: 89883654, in 238099ms, detectorType: 39, FULL_TYPE alarmWindowMillis: 80000
02-21 16:41:54.154   822   968 E WifiVendorHal: getWifiLinkLayerStats(l.937) failed {.code = ERROR_NOT_SUPPORTED, .description = }
02-21 16:41:55.734   489   523 E storaged: getDiskStats failed with result NOT_SUPPORTED and size 0
02-21 16:41:56.265   695   723 I [BIP]   :  [BIP NL] event newlink match dev 0, interface index 31
02-21 16:41:56.265   695   723 I [BIP]   :  [BIP NL] the link status of interface(index:0) changes to 1
02-21 16:41:56.270   822   899 I EthernetTracker: interfaceLinkStateChanged, iface: wlan0, up: true
02-21 16:41:57.160   822   968 E WifiVendorHal: getWifiLinkLayerStats(l.937) failed {.code = ERROR_NOT_SUPPORTED, .description = }
02-21 16:42:00.028   366   386 I BufferQueueProducer: [StatusBar#0](this:0xae1f3000,id:4,api:1,p:1009,c:366) queueBuffer: fps=0.33 dur=48712.75 max=47973.64 min=9.37
02-21 16:42:00.041   366   366 I SurfaceFlinger: [Built-in Screen (type:0)] fps:0.085340,dur:46871.11,max:46819.90,min:16.29
02-21 16:42:00.166   822   968 E WifiVendorHal: getWifiLinkLayerStats(l.937) failed {.code = ERROR_NOT_SUPPORTED, .description = }
02-21 16:42:01.260 30146 30146 I ADB_SERVICES: fdevent_loop length=1
02-21 16:42:01.261 30146 30146 I ADB_SERVICES: service_to_fd shell,v2:export ANDROID_LOG_TAGS=''; exec logcat '-d'
02-21 16:42:01.313 30146 30146 I ADB_SERVICES: local_socket_flush_outgoing read_data=6622
02-21 16:42:01.401 30146 32113 I ADB_SERVICES: post waitpid (pid=32112) status=0000
02-21 16:42:01.401 30146 30146 I ADB_SERVICES: for fd 25, revents = 2010
02-21 16:42:01.401 30146 30146 I ADB_SERVICES: for fd 25, revents = 2010
02-21 16:42:01.403 30146 30146 I ADB_SERVICES: ref_cnt != 0 ref_cnt=-1, id=6, peer->id=22
02-21 16:42:02.222   504   504 I thermal_repeater: [recvMdThermalInfo] ret=28, strLen=127,  2, 32767, -127, 0, 32767, 0
02-21 16:42:03.179   822   968 E WifiVendorHal: getWifiLinkLayerStats(l.937) failed {.code = ERROR_NOT_SUPPORTED, .description = }
02-21 16:42:09.196   822   968 I chatty  : uid=1000(system) WifiStateMachin identical 2 lines
02-21 16:42:12.213   822   968 E WifiVendorHal: getWifiLinkLayerStats(l.937) failed {.code = ERROR_NOT_SUPPORTED, .description = }
02-21 16:42:12.242   504   504 I thermal_repeater: [recvMdThermalInfo] ret=28, strLen=127,  2, 32767, -127, 0, 32767, 0
02-21 16:42:15.231   822   968 E WifiVendorHal: getWifiLinkLayerStats(l.937) failed {.code = ERROR_NOT_SUPPORTED, .description = }
02-21 16:42:16.835   357  1276 E IMGMemtrackHAL: GetGLMemtrackRecords: Subtracting per-pid stats from global stats would wrap. Clamping global stats to zero.
02-21 16:42:16.835   357  1276 I chatty  : uid=1000(system) HwBinder:357_3 identical 3 lines
02-21 16:42:16.835   357  1276 E IMGMemtrackHAL: GetGLMemtrackRecords: Subtracting per-pid stats from global stats would wrap. Clamping global stats to zero.
02-21 16:42:16.835   357  1276 W IMGMemtrackHAL: hal_get_memory: memtrack cache rebuild was required
02-21 16:42:16.882  1009  1009 W NotificationEntryMgr: removeNotification for unknown key: 0|br.com.mobiltec.c4m.android.agent|999991|null|1000
02-21 16:42:18.249   822   968 E WifiVendorHal: getWifiLinkLayerStats(l.937) failed {.code = ERROR_NOT_SUPPORTED, .description = }
02-21 16:42:18.929   318   318 W hwservicemanager: getTransport: Cannot find entry vendor.mediatek.hardware.apmonitor@1.0::IAPMonitorService/default in either framework or device manifest.
02-21 16:42:21.266   822   968 E WifiVendorHal: getWifiLinkLayerStats(l.937) failed {.code = ERROR_NOT_SUPPORTED, .description = }
02-21 16:42:22.256   504   504 I thermal_repeater: [recvMdThermalInfo] ret=28, strLen=127,  2, 32767, -127, 0, 32767, 0
02-21 16:42:24.284   822   968 E WifiVendorHal: getWifiLinkLayerStats(l.937) failed {.code = ERROR_NOT_SUPPORTED, .description = }
02-21 16:42:27.296   822   968 I chatty  : uid=1000(system) WifiStateMachin identical 1 line
02-21 16:42:30.308   822   968 E WifiVendorHal: getWifiLinkLayerStats(l.937) failed {.code = ERROR_NOT_SUPPORTED, .description = }
02-21 16:42:32.275   504   504 I thermal_repeater: [recvMdThermalInfo] ret=28, strLen=127,  2, 32767, -127, 0, 32767, 0
02-21 16:42:33.320   822   968 E WifiVendorHal: getWifiLinkLayerStats(l.937) failed {.code = ERROR_NOT_SUPPORTED, .description = }
02-21 16:42:36.328   822   968 I chatty  : uid=1000(system) WifiStateMachin identical 1 line
02-21 16:42:39.346   822   968 E WifiVendorHal: getWifiLinkLayerStats(l.937) failed {.code = ERROR_NOT_SUPPORTED, .description = }
02-21 16:42:42.295   504   504 I thermal_repeater: [recvMdThermalInfo] ret=28, strLen=127,  2, 32767, -127, 0, 32767, 0
02-21 16:42:42.363   822   968 E WifiVendorHal: getWifiLinkLayerStats(l.937) failed {.code = ERROR_NOT_SUPPORTED, .description = }
02-21 16:42:48.391   822   968 I chatty  : uid=1000(system) WifiStateMachin identical 2 lines
02-21 16:42:51.403   822   968 E WifiVendorHal: getWifiLinkLayerStats(l.937) failed {.code = ERROR_NOT_SUPPORTED, .description = }
02-21 16:42:52.309   504   504 I thermal_repeater: [recvMdThermalInfo] ret=28, strLen=127,  2, 32767, -127, 0, 32767, 0
02-21 16:42:54.415   822   968 E WifiVendorHal: getWifiLinkLayerStats(l.937) failed {.code = ERROR_NOT_SUPPORTED, .description = }
02-21 16:42:55.735   489   523 E storaged: getDiskStats failed with result NOT_SUPPORTED and size 0
02-21 16:42:57.433   822   968 E WifiVendorHal: getWifiLinkLayerStats(l.937) failed {.code = ERROR_NOT_SUPPORTED, .description = }
02-21 16:43:00.006   357  1276 E IMGMemtrackHAL: GetGLMemtrackRecords: Subtracting per-pid stats from global stats would wrap. Clamping global stats to zero.
02-21 16:43:00.008   357  1276 I chatty  : uid=1000(system) HwBinder:357_3 identical 3 lines
02-21 16:43:00.008   357  1276 E IMGMemtrackHAL: GetGLMemtrackRecords: Subtracting per-pid stats from global stats would wrap. Clamping global stats to zero.
02-21 16:43:00.034   366   386 I BufferQueueProducer: [StatusBar#0](this:0xae1f3000,id:4,api:1,p:1009,c:366) queueBuffer: fps=0.05 dur=60005.24 max=59973.82 min=12.02
02-21 16:43:00.046   366   366 I SurfaceFlinger: [Built-in Screen (type:0)] fps:0.049996,dur:60004.87,max:59975.64,min:14.58
02-21 16:43:00.448   822   968 E WifiVendorHal: getWifiLinkLayerStats(l.937) failed {.code = ERROR_NOT_SUPPORTED, .description = }
02-21 16:43:02.328   504   504 I thermal_repeater: [recvMdThermalInfo] ret=28, strLen=127,  2, 32767, -127, 0, 32767, 0
02-21 16:43:03.466   822   968 E WifiVendorHal: getWifiLinkLayerStats(l.937) failed {.code = ERROR_NOT_SUPPORTED, .description = }
02-21 16:43:06.483   822   968 I chatty  : uid=1000(system) WifiStateMachin identical 1 line
02-21 16:43:09.500   822   968 E WifiVendorHal: getWifiLinkLayerStats(l.937) failed {.code = ERROR_NOT_SUPPORTED, .description = }
02-21 16:43:12.348   504   504 I thermal_repeater: [recvMdThermalInfo] ret=28, strLen=127,  2, 32767, -127, 0, 32767, 0
02-21 16:43:12.512   822   968 E WifiVendorHal: getWifiLinkLayerStats(l.937) failed {.code = ERROR_NOT_SUPPORTED, .description = }
02-21 16:43:15.524   822   968 I chatty  : uid=1000(system) WifiStateMachin identical 1 line
02-21 16:43:18.542   822   968 E WifiVendorHal: getWifiLinkLayerStats(l.937) failed {.code = ERROR_NOT_SUPPORTED, .description = }
02-21 16:43:18.931   318   318 W hwservicemanager: getTransport: Cannot find entry vendor.mediatek.hardware.apmonitor@1.0::IAPMonitorService/default in either framework or device manifest.
02-21 16:43:19.889   357  1276 E IMGMemtrackHAL: GetGLMemtrackRecords: Subtracting per-pid stats from global stats would wrap. Clamping global stats to zero.
02-21 16:43:19.889   357  1276 I chatty  : uid=1000(system) HwBinder:357_3 identical 3 lines
02-21 16:43:19.889   357  1276 E IMGMemtrackHAL: GetGLMemtrackRecords: Subtracting per-pid stats from global stats would wrap. Clamping global stats to zero.
02-21 16:43:19.889   357  1276 W IMGMemtrackHAL: hal_get_memory: memtrack cache rebuild was required
02-21 16:43:19.923  1009  1009 W NotificationEntryMgr: removeNotification for unknown key: 0|br.com.mobiltec.c4m.android.agent|999991|null|1000
02-21 16:43:20.032   357  1276 E IMGMemtrackHAL: GetGLMemtrackRecords: Subtracting per-pid stats from global stats would wrap. Clamping global stats to zero.
02-21 16:43:20.093   357  1276 I chatty  : uid=1000(system) HwBinder:357_3 identical 8 lines
02-21 16:43:20.093   357  1276 E IMGMemtrackHAL: GetGLMemtrackRecords: Subtracting per-pid stats from global stats would wrap. Clamping global stats to zero.
02-21 16:43:21.559   822   968 E WifiVendorHal: getWifiLinkLayerStats(l.937) failed {.code = ERROR_NOT_SUPPORTED, .description = }
02-21 16:43:22.368   504   504 I thermal_repeater: [recvMdThermalInfo] ret=28, strLen=127,  2, 32767, -127, 0, 32767, 0
02-21 16:43:24.578   822   968 E WifiVendorHal: getWifiLinkLayerStats(l.937) failed {.code = ERROR_NOT_SUPPORTED, .description = }
02-21 16:43:27.471   822   822 I PowerWrap: PowerHal_TouchBoost
02-21 16:43:27.487   822   822 I PowerWrap: PowerHal_TouchBoost
02-21 16:43:27.590   822   968 E WifiVendorHal: getWifiLinkLayerStats(l.937) failed {.code = ERROR_NOT_SUPPORTED, .description = }
02-21 16:43:30.605   822   968 E WifiVendorHal: getWifiLinkLayerStats(l.937) failed {.code = ERROR_NOT_SUPPORTED, .description = }
02-21 16:43:32.034 31274 31304 I Finsky:background: [1596] Stats for Executor: bgExecutor vax@32196a5[Running, pool size = 4, active threads = 0, queued tasks = 0, completed tasks = 36]
02-21 16:43:32.140 31274 31304 I Finsky:background: [1596] Stats for Executor: LightweightExecutor vax@9d19a7a[Running, pool size = 3, active threads = 0, queued tasks = 0, completed tasks = 143]
02-21 16:43:32.387   504   504 I thermal_repeater: [recvMdThermalInfo] ret=28, strLen=127,  2, 32767, -127, 0, 32767, 0
02-21 16:43:32.455 31274 31304 I Finsky:background: [1596] Stats for Executor: BlockingExecutor vax@fac222b[Running, pool size = 0, active threads = 0, queued tasks = 0, completed tasks = 6]
02-21 16:43:33.623   822   968 E WifiVendorHal: getWifiLinkLayerStats(l.937) failed {.code = ERROR_NOT_SUPPORTED, .description = }
02-21 16:43:34.454   822   822 I PowerWrap: PowerHal_TouchBoost
02-21 16:43:35.705   822   822 I chatty  : uid=1000 system_server identical 5 lines
02-21 16:43:35.980   822   822 I PowerWrap: PowerHal_TouchBoost
02-21 16:43:36.042   366   387 I BufferQueueProducer: [com.anonymous.innobet/com.anonymous.innobet.MainActivity#0](this:0xae248000,id:785,api:1,p:32024,c:366) queueBuffer: fps=0.06 dur=143889.32 max=143050.47 min=6.80
02-21 16:43:36.048   366   366 I SurfaceFlinger: [Built-in Screen (type:0)] fps:0.083329,dur:36001.74,max:35971.85,min:14.51
02-21 16:43:36.129   822   822 I PowerWrap: PowerHal_TouchBoost
02-21 16:43:36.635   822   968 E WifiVendorHal: getWifiLinkLayerStats(l.937) failed {.code = ERROR_NOT_SUPPORTED, .description = }
02-21 16:43:37.101   822   822 I PowerWrap: PowerHal_TouchBoost
02-21 16:43:37.177   366   386 I BufferQueueProducer: [com.anonymous.innobet/com.anonymous.innobet.MainActivity#0](this:0xae248000,id:785,api:1,p:32024,c:366) queueBuffer: fps=4.41 dur=1134.93 max=1023.80 min=9.84
02-21 16:43:37.184   366   366 I SurfaceFlinger: [Built-in Screen (type:0)] fps:4.399078,dur:1136.60,max:1023.36,min:16.40
02-21 16:43:37.972  1582 32160 I System.out: port:443
02-21 16:43:38.076   822   822 I PowerWrap: PowerHal_TouchBoost
02-21 16:43:38.245  1582 32160 I com.xcheng.mdm: The ClassLoaderContext is a special shared library.
02-21 16:43:38.246  1582 32160 I System.out: [OkHttp] sendRequest>>
02-21 16:43:38.246  1582 32160 I System.out: [OkHttp] sendRequest<<
02-21 16:43:39.645   822   968 E WifiVendorHal: getWifiLinkLayerStats(l.937) failed {.code = ERROR_NOT_SUPPORTED, .description = }
02-21 16:43:40.722   822   822 I PowerWrap: PowerHal_TouchBoost
02-21 16:43:40.780   366   387 I BufferQueueProducer: [com.anonymous.innobet/com.anonymous.innobet.MainActivity#0](this:0xae248000,id:785,api:1,p:32024,c:366) queueBuffer: fps=3.89 dur=3602.81 max=2789.41 min=15.06
02-21 16:43:40.789   366   366 I SurfaceFlinger: [Built-in Screen (type:0)] fps:3.883262,dur:3605.22,max:2793.90,min:14.73
02-21 16:43:40.901   822   822 I PowerWrap: PowerHal_TouchBoost
02-21 16:43:42.405   504   504 I thermal_repeater: [recvMdThermalInfo] ret=28, strLen=127,  2, 32767, -127, 0, 32767, 0
02-21 16:43:42.663   822   968 E WifiVendorHal: getWifiLinkLayerStats(l.937) failed {.code = ERROR_NOT_SUPPORTED, .description = }
02-21 16:43:45.681   822   968 E WifiVendorHal: getWifiLinkLayerStats(l.937) failed {.code = ERROR_NOT_SUPPORTED, .description = }
02-21 16:43:48.675 31512 31528 I Finsky  : [1611] Stats for Executor: BlockingExecutor vax@e0aee68[Running, pool size = 0, active threads = 0, queued tasks = 0, completed tasks = 22]
02-21 16:43:48.675 31512 31528 I Finsky  : [1611] Stats for Executor: LightweightExecutor vax@bbb6281[Running, pool size = 3, active threads = 0, queued tasks = 0, completed tasks = 1051]
02-21 16:43:48.699   822   968 E WifiVendorHal: getWifiLinkLayerStats(l.937) failed {.code = ERROR_NOT_SUPPORTED, .description = }
02-21 16:43:48.725 31512 31528 I Finsky  : [1611] Stats for Executor: bgExecutor vax@7926f26[Running, pool size = 4, active threads = 0, queued tasks = 0, completed tasks = 138]
02-21 16:43:51.717   822   968 E WifiVendorHal: getWifiLinkLayerStats(l.937) failed {.code = ERROR_NOT_SUPPORTED, .description = }
02-21 16:43:52.424   504   504 I thermal_repeater: [recvMdThermalInfo] ret=28, strLen=127,  2, 32767, -127, 0, 32767, 0
02-21 16:43:54.729   822   968 E WifiVendorHal: getWifiLinkLayerStats(l.937) failed {.code = ERROR_NOT_SUPPORTED, .description = }
02-21 16:43:55.736   489   523 E storaged: getDiskStats failed with result NOT_SUPPORTED and size 0
02-21 16:43:57.744   822   968 E WifiVendorHal: getWifiLinkLayerStats(l.937) failed {.code = ERROR_NOT_SUPPORTED, .description = }
02-21 16:44:00.012   357   383 E IMGMemtrackHAL: GetGLMemtrackRecords: Subtracting per-pid stats from global stats would wrap. Clamping global stats to zero.
02-21 16:44:00.013   357   383 I chatty  : uid=1000(system) merged_hal_serv identical 3 lines
02-21 16:44:00.013   357   383 E IMGMemtrackHAL: GetGLMemtrackRecords: Subtracting per-pid stats from global stats would wrap. Clamping global stats to zero.
02-21 16:44:00.023   366   386 I BufferQueueProducer: [StatusBar#0](this:0xae1f3000,id:4,api:1,p:1009,c:366) queueBuffer: fps=0.05 dur=59988.92 max=59956.32 min=13.23
02-21 16:44:00.035   366   366 I SurfaceFlinger: [Built-in Screen (type:0)] fps:0.207843,dur:19245.30,max:19148.01,min:31.53
02-21 16:44:00.153   357   383 E IMGMemtrackHAL: GetGLMemtrackRecords: Subtracting per-pid stats from global stats would wrap. Clamping global stats to zero.
02-21 16:44:00.154   357   383 I chatty  : uid=1000(system) merged_hal_serv identical 3 lines
02-21 16:44:00.154   357   383 E IMGMemtrackHAL: GetGLMemtrackRecords: Subtracting per-pid stats from global stats would wrap. Clamping global stats to zero.
02-21 16:44:00.755   822   968 E WifiVendorHal: getWifiLinkLayerStats(l.937) failed {.code = ERROR_NOT_SUPPORTED, .description = }
02-21 16:44:02.443   504   504 I thermal_repeater: [recvMdThermalInfo] ret=28, strLen=127,  2, 32767, -127, 0, 32767, 0
02-21 16:44:03.767   822   968 E WifiVendorHal: getWifiLinkLayerStats(l.937) failed {.code = ERROR_NOT_SUPPORTED, .description = }
02-21 16:44:06.779   822   968 I chatty  : uid=1000(system) WifiStateMachin identical 1 line
02-21 16:44:09.798   822   968 E WifiVendorHal: getWifiLinkLayerStats(l.937) failed {.code = ERROR_NOT_SUPPORTED, .description = }
02-21 16:44:12.462   504   504 I thermal_repeater: [recvMdThermalInfo] ret=28, strLen=127,  2, 32767, -127, 0, 32767, 0
02-21 16:44:12.815   822   968 E WifiVendorHal: getWifiLinkLayerStats(l.937) failed {.code = ERROR_NOT_SUPPORTED, .description = }
02-21 16:44:14.538 30146 30146 I ADB_SERVICES: fdevent_loop length=1
02-21 16:44:14.538 30146 30146 I ADB_SERVICES: service_to_fd shell,v2:export ANDROID_LOG_TAGS=''; exec logcat '-d'
02-21 16:44:14.590 30146 30146 I ADB_SERVICES: local_socket_flush_outgoing read_data=164733
