02-21 16:32:50.943 31512 31539 I Finsky  : [1622] Current account updated in PVS
02-21 16:32:50.946 31512 31538 I Finsky  : [1621] Current account updated in PVS
02-21 16:32:50.948 31512 31538 I chatty  : uid=10021(com.android.vending) ValueStore-1 identical 2 lines
02-21 16:32:50.950 31512 31538 I Finsky  : [1621] Current account updated in PVS
02-21 16:32:50.951 31512 31540 I Finsky  : [1623] Current account updated in PVS
02-21 16:32:50.953 31512 31540 I chatty  : uid=10021(com.android.vending) ValueStore-3 identical 1 line
02-21 16:32:50.954 31512 31540 I Finsky  : [1623] Current account updated in PVS
02-21 16:32:50.956 31512 31536 I Finsky  : [1619] Current account updated in PVS
02-21 16:32:50.957 31512 31538 I Finsky  : [1621] Current account updated in PVS
02-21 16:32:50.958 31512 31538 I chatty  : uid=10021(com.android.vending) ValueStore-1 identical 1 line
02-21 16:32:50.961 31512 31538 I Finsky  : [1621] Current account updated in PVS
02-21 16:32:50.962 31512 31536 I Finsky  : [1619] Current account updated in PVS
02-21 16:32:50.975 31512 31536 I chatty  : uid=10021(com.android.vending) ValueStore-0 identical 5 lines
02-21 16:32:50.978 31512 31536 I Finsky  : [1619] Current account updated in PVS
02-21 16:32:50.980 31512 31538 I Finsky  : [1621] Current account updated in PVS
02-21 16:32:50.983 31512 31538 I chatty  : uid=10021(com.android.vending) ValueStore-1 identical 2 lines
02-21 16:32:50.984 31512 31538 I Finsky  : [1621] Current account updated in PVS
02-21 16:32:50.987 31512 31540 I Finsky  : [1623] Current account updated in PVS
02-21 16:32:51.001 31512 31540 I chatty  : uid=10021(com.android.vending) ValueStore-3 identical 5 lines
02-21 16:32:51.002 31512 31540 I Finsky  : [1623] Current account updated in PVS
02-21 16:32:51.003 31512 31538 I Finsky  : [1621] Current account updated in PVS
02-21 16:32:51.004 31512 31536 I Finsky  : [1619] Current account updated in PVS
02-21 16:32:51.023 31512 31536 I chatty  : uid=10021(com.android.vending) ValueStore-0 identical 10 lines
02-21 16:32:51.024 31512 31536 I Finsky  : [1619] Current account updated in PVS
02-21 16:32:51.026 31512 31539 I Finsky  : [1622] Current account updated in PVS
02-21 16:32:51.027 31512 31539 I chatty  : uid=10021(com.android.vending) ValueStore-2 identical 1 line
02-21 16:32:51.031 31512 31539 I Finsky  : [1622] Current account updated in PVS
02-21 16:32:51.032 31512 31538 I Finsky  : [1621] Current account updated in PVS
02-21 16:32:51.033 31512 31540 I Finsky  : [1623] Current account updated in PVS
02-21 16:32:51.037 31512 31540 I chatty  : uid=10021(com.android.vending) ValueStore-3 identical 3 lines
02-21 16:32:51.041 31512 31540 I Finsky  : [1623] Current account updated in PVS
02-21 16:32:51.042 31512 31539 I Finsky  : [1622] Current account updated in PVS
02-21 16:32:51.044 31512 31538 I Finsky  : [1621] Current account updated in PVS
02-21 16:32:51.046 31512 31539 I Finsky  : [1622] Current account updated in PVS
02-21 16:32:51.050 31512 31539 I chatty  : uid=10021(com.android.vending) ValueStore-2 identical 3 lines
02-21 16:32:51.054 31512 31539 I Finsky  : [1622] Current account updated in PVS
02-21 16:32:51.056 31512 31536 I Finsky  : [1619] Current account updated in PVS
02-21 16:32:51.076 31512 31536 I chatty  : uid=10021(com.android.vending) ValueStore-0 identical 11 lines
02-21 16:32:51.077 31512 31536 I Finsky  : [1619] Current account updated in PVS
02-21 16:32:51.081 31512 31538 I Finsky  : [1621] Current account updated in PVS
02-21 16:32:51.084 31512 31538 I chatty  : uid=10021(com.android.vending) ValueStore-1 identical 2 lines
02-21 16:32:51.091 31512 31538 I Finsky  : [1621] Current account updated in PVS
02-21 16:32:51.092 31512 31540 I Finsky  : [1623] Current account updated in PVS
02-21 16:32:51.096 31512 31540 I chatty  : uid=10021(com.android.vending) ValueStore-3 identical 3 lines
02-21 16:32:51.105 31512 31540 I Finsky  : [1623] Current account updated in PVS
02-21 16:32:51.106 31512 31536 I Finsky  : [1619] Current account updated in PVS
02-21 16:32:51.109 31512 31536 I chatty  : uid=10021(com.android.vending) ValueStore-0 identical 2 lines
02-21 16:32:51.110 31512 31536 I Finsky  : [1619] Current account updated in PVS
02-21 16:32:51.112 31512 31538 I Finsky  : [1621] Current account updated in PVS
02-21 16:32:51.117 31512 31538 I chatty  : uid=10021(com.android.vending) ValueStore-1 identical 3 lines
02-21 16:32:51.122 31512 31538 I Finsky  : [1621] Current account updated in PVS
02-21 16:32:51.123 31512 31540 I Finsky  : [1623] Current account updated in PVS
02-21 16:32:51.134 31512 31540 I chatty  : uid=10021(com.android.vending) ValueStore-3 identical 5 lines
02-21 16:32:51.136 31512 31540 I Finsky  : [1623] Current account updated in PVS
02-21 16:32:51.136 31512 31536 I Finsky  : [1619] Current account updated in PVS
02-21 16:32:51.139 31512 31539 I Finsky  : [1622] Current account updated in PVS
02-21 16:32:51.141 31512 31538 I Finsky  : [1621] Current account updated in PVS
02-21 16:32:51.146 31512 31539 I Finsky  : [1622] Current account updated in PVS
02-21 16:32:51.155 31512 31539 I chatty  : uid=10021(com.android.vending) ValueStore-2 identical 5 lines
02-21 16:32:51.156 31512 31539 I Finsky  : [1622] Current account updated in PVS
02-21 16:32:51.157 31512 31600 I Finsky  : [1673] App states replicator found 6 unowned apps
02-21 16:32:51.157 31512 31539 I Finsky  : [1622] Current account updated in PVS
02-21 16:32:51.162 31512 31539 I Finsky  : [1622] Current account updated in PVS
02-21 16:32:51.164 31512 31538 I Finsky  : [1621] Current account updated in PVS
02-21 16:32:51.170 31512 31538 I chatty  : uid=10021(com.android.vending) ValueStore-1 identical 4 lines
02-21 16:32:51.175 31512 31538 I Finsky  : [1621] Current account updated in PVS
02-21 16:32:51.177 31512 31540 I Finsky  : [1623] Current account updated in PVS
02-21 16:32:51.177   504   504 I thermal_repeater: [recvMdThermalInfo] ret=28, strLen=127,  2, 32767, -127, 0, 32767, 0
02-21 16:32:51.178 31512 31540 I Finsky  : [1623] Current account updated in PVS
02-21 16:32:51.189 31512 31540 I chatty  : uid=10021(com.android.vending) ValueStore-3 identical 3 lines
02-21 16:32:51.191 31512 31540 I Finsky  : [1623] Current account updated in PVS
02-21 16:32:51.191 31512 31536 I Finsky  : [1619] Current account updated in PVS
02-21 16:32:51.193 31512 31536 I Finsky  : [1619] Current account updated in PVS
02-21 16:32:51.194 31512 31538 I Finsky  : [1621] Current account updated in PVS
02-21 16:32:51.197 31512 31538 I chatty  : uid=10021(com.android.vending) ValueStore-1 identical 2 lines
02-21 16:32:51.202 31512 31538 I Finsky  : [1621] Current account updated in PVS
02-21 16:32:51.202 31512 31536 I Finsky  : [1619] Current account updated in PVS
02-21 16:32:51.207 31512 31556 I Finsky  : [1641] Completed 0 account content syncs with 0 successful.
02-21 16:32:51.207 31512 31538 I Finsky  : [1621] Current account updated in PVS
02-21 16:32:51.210 31512 31512 I Finsky  : [2] [ContentSync] Installation state replication succeeded.
02-21 16:32:51.210 31512 31512 I Finsky  : [2] SCH: jobFinished: 12-1. TimeElapsed: 1564ms.
02-21 16:32:51.211 31512 31512 I Finsky  : [2] WM::SCH: Logging work end for 12-1
02-21 16:32:51.215 31512 31536 I Finsky  : [1619] Current account updated in PVS
02-21 16:32:51.216 31512 31536 I Finsky  : [1619] Current account updated in PVS
02-21 16:32:51.224 31512 31551 I Finsky  : [1634] Current account updated in PVS
02-21 16:32:51.236 31512 31538 I Finsky  : [1621] Current account updated in PVS
02-21 16:32:51.238 31512 31551 I Finsky  : [1634] Current account updated in PVS
02-21 16:32:51.240 31512 31538 I Finsky  : [1621] Current account updated in PVS
02-21 16:32:51.242 31512 31540 I Finsky  : [1623] Current account updated in PVS
02-21 16:32:51.247 31512 31556 I Finsky  : [1641] SCH: Scheduling phonesky job Id: 1-1337, CT: 1771662151183, Constraints: [{ L: 42817227, D: 86017227, C: CHARGING_NONE, I: IDLE_NONE, N: NET_ANY, B: BATTERY_ANY }]
02-21 16:32:51.253 31512 31549 I Finsky  : [1632] SCH: Scheduling 1 system job(s)
02-21 16:32:51.253 31512 31549 I Finsky  : [1632] SCH: Scheduling system job Id: 9082, L: 2597157, D: 45797157, C: false, I: false, N: 1
02-21 16:32:51.268 31512 31550 I Finsky  : [1633] SCH: job service finished with id 9079.
02-21 16:32:51.276 31274 31274 I Finsky:background: [2] Memory trim requested to level 80
02-21 16:32:51.278 31512 31512 I Finsky  : [2] Memory trim requested to level 80
02-21 16:32:51.278 31512 31512 I Finsky  : [2] Flushing in-memory image cache
02-21 16:32:51.279 31274 31308 I Finsky:background: [1599] Current account updated in PVS
02-21 16:32:51.288 31512 31538 I Finsky  : [1621] Current account updated in PVS
02-21 16:32:51.532   822   968 E WifiVendorHal: getWifiLinkLayerStats(l.937) failed {.code = ERROR_NOT_SUPPORTED, .description = }
02-21 16:32:52.205 31512 31536 I Finsky  : [1619] Current account updated in PVS
02-21 16:32:52.296 31512 31538 I Finsky  : [1621] Current account updated in PVS
02-21 16:32:54.348   357  1276 E IMGMemtrackHAL: GetGLMemtrackRecords: Subtracting per-pid stats from global stats would wrap. Clamping global stats to zero.
02-21 16:32:54.446   357  1276 I chatty  : uid=1000(system) HwBinder:357_3 identical 8 lines
02-21 16:32:54.446   357  1276 E IMGMemtrackHAL: GetGLMemtrackRecords: Subtracting per-pid stats from global stats would wrap. Clamping global stats to zero.
02-21 16:32:54.545   822   968 E WifiVendorHal: getWifiLinkLayerStats(l.937) failed {.code = ERROR_NOT_SUPPORTED, .description = }
02-21 16:32:55.705 31512 31540 I Finsky  : [1623] Current account updated in PVS
02-21 16:32:55.709 31512 31539 I Finsky  : [1622] Current account updated in PVS
02-21 16:32:55.712 31512 31536 I Finsky  : [1619] Current account updated in PVS
02-21 16:32:55.721 31512 31538 I Finsky  : [1621] Current account updated in PVS
02-21 16:32:55.724 31512 31540 I Finsky  : [1623] Current account updated in PVS
02-21 16:32:55.726   489   523 E storaged: getDiskStats failed with result NOT_SUPPORTED and size 0
02-21 16:32:55.727 31512 31539 I Finsky  : [1622] Current account updated in PVS
02-21 16:32:55.730 31512 31540 I Finsky  : [1623] Current account updated in PVS
02-21 16:32:57.553   822   968 E WifiVendorHal: getWifiLinkLayerStats(l.937) failed {.code = ERROR_NOT_SUPPORTED, .description = }
02-21 16:32:59.166 31512 31540 I Finsky  : [1623] Current account updated in PVS
02-21 16:32:59.171 31512 31556 I Finsky  : [1641] Current account updated in PVS
02-21 16:32:59.174 31512 31556 I Finsky  : [1641] Current account updated in PVS
02-21 16:32:59.177 31512 31538 I Finsky  : [1621] Current account updated in PVS
02-21 16:32:59.179 31512 31556 I Finsky  : [1641] Current account updated in PVS
02-21 16:32:59.198 31512 31556 I chatty  : uid=10021(com.android.vending) bgExecutor #3 identical 3 lines
02-21 16:32:59.200 31512 31556 I Finsky  : [1641] Current account updated in PVS
02-21 16:32:59.203 31512 31538 I Finsky  : [1621] Current account updated in PVS
02-21 16:32:59.220 31512 31540 I Finsky  : [1623] Current account updated in PVS
02-21 16:32:59.222 31512 31540 I Finsky  : [1623] Current account updated in PVS
02-21 16:32:59.234 31512 31529 I Finsky  : [1612] Current account updated in PVS
02-21 16:32:59.241 31512 31529 I chatty  : uid=10021(com.android.vending) LightweightExec identical 2 lines
02-21 16:32:59.245 31512 31529 I Finsky  : [1612] Current account updated in PVS
02-21 16:32:59.274 31512 31540 I Finsky  : [1623] Current account updated in PVS
02-21 16:32:59.275 31512 31540 I chatty  : uid=10021(com.android.vending) ValueStore-3 identical 1 line
02-21 16:32:59.313 31512 31540 I Finsky  : [1623] Current account updated in PVS
02-21 16:32:59.322 31512 31556 I Finsky  : [1641] Initializing the instant apps module.
02-21 16:32:59.326 31512 31540 I Finsky  : [1623] Current account updated in PVS
02-21 16:32:59.330 31512 31539 I Finsky  : [1622] Current account updated in PVS
02-21 16:32:59.357 31512 31545 I Finsky  : [1628] Current account updated in PVS
02-21 16:32:59.367 31512 31545 I Finsky  : [1628] System was updated or GL extensions were already cached.
02-21 16:32:59.369 31512 31540 I Finsky  : [1623] Current account updated in PVS
02-21 16:32:59.370 31512 31536 I Finsky  : [1619] Current account updated in PVS
02-21 16:32:59.403 31512 31536 I Finsky  : [1619] Current account updated in PVS
02-21 16:32:59.405 31512 31540 I Finsky  : [1623] Current account updated in PVS
02-21 16:32:59.427 31512 31540 I Finsky  : [1623] Current account updated in PVS
02-21 16:32:59.431 31512 31545 I Finsky  : [1628] Get APN successfully: [DmkfaiVH9ubkMs_8iFyrv6Sg66Hnab9t2BZ8Yern_F4]
02-21 16:32:59.440 31512 31539 I Finsky  : [1622] Current account updated in PVS
02-21 16:32:59.446 31512 31547 I Finsky  : [1630] Triggered update for experiment package com.google.android.finsky.stable.
02-21 16:32:59.452 31512 31536 I Finsky  : [1619] Current account updated in PVS
02-21 16:32:59.537 31512 31536 I chatty  : uid=10021(com.android.vending) ValueStore-0 identical 5 lines
02-21 16:32:59.538 31512 31536 I Finsky  : [1619] Current account updated in PVS
02-21 16:32:59.542 31512 31540 I Finsky  : [1623] Current account updated in PVS
02-21 16:32:59.544 31512 31538 I Finsky  : [1621] Current account updated in PVS
02-21 16:32:59.547 31512 31538 I Finsky  : [1621] Current account updated in PVS
02-21 16:32:59.549 31512 31540 I Finsky  : [1623] Current account updated in PVS
02-21 16:32:59.549 31512 31549 W Finsky  : [1632] PreloadClasses: Unable to load [kotlinx.coroutines.internal.ThreadContextKt$countAll$1, kotlinx.coroutines.internal.ThreadContextKt$findOne$1, kotlinx.coroutines.internal.ThreadContextKt$updateState$1, androidx.compose.runtime.snapshots.SnapshotKt$emptyLambda$1, androidx.compose.runtime.Recomposer$broadcastFrameClock$1, androidx.compose.runtime.Recomposer$recompositionRunner$2$unregisterApplyObserver$1, androidx.compose.ui.platform.AndroidComposeView$keyInputModifier$1, androidx.compose.runtime.SlotTable, androidx.compose.runtime.ComposerImpl, androidx.compose.runtime.SlotReader, androidx.compose.runtime.SlotWriter, androidx.compose.runtime.SlotTableKt, androidx.compose.runtime.ComposableSingletons$CompositionKt$lambda-1$1, androidx.compose.runtime.ComposableSingletons$CompositionKt$lambda-2$1, androidx.compose.ui.platform.ComposableSingletons$Wrapper_androidKt$lambda-1$1, androidx.compose.ui.platform.WrappedComposition$setContent$1$1, androidx.compose.runtime.Recomposer$readObserverOf$1, androidx.compose.runtime.Recomposer$writeObserverOf$1, androidx.compose.runtime.KeyInfo, androidx.compose.runtime.GroupInfo, androidx.compose.ui.platform.AndroidCompositionLocals_androidKt$LocalSavedStateRegistryOwner$1, androidx.compose.ui.platform.AndroidCompositionLocals_androidKt$ProvideAndroidCompositionLocals$1$1, androidx.compose.runtime.saveable.SaveableStateRegistryKt$LocalSaveableStateRegistry$1, androidx.compose.material3.TypographyKt$LocalTypography$1, androidx.compose.material.ColorsKt$LocalColors$1, androidx.compose.material.ShapesKt$LocalShapes$1, androidx.compose.material.ContentAlphaKt$LocalContentAlpha$1, androidx.compose.foundation.IndicationKt$LocalIndication$1, androidx.compose.material.ripple.RippleThemeKt$LocalRippleTheme$1, androidx.compose.foundation.text.selection.TextSelectionColorsKt$LocalTextSelectionColors$1, androidx.compose.material.MaterialThemeKt$MaterialTheme$1, androidx.compose.material.TextKt$LocalTextStyle$1, androidx.compose.animation.core.InfiniteTransition$run$2, androidx.compose.animation.core.VectorConvertersKt$FloatToVector$1, androidx.compose.animation.core.VectorConvertersKt$FloatToVector$2, androidx.compose.animation.core.VectorConvertersKt$IntToVector$2, androidx.compose.animation.core.VectorConvertersKt$DpToVector$1, androidx.compose.animation.core.VectorConvertersKt$DpToVector$2, androidx.compose.material.ProgressIndicatorKt$CircularProgressIndicator$endAngle$2, androidx.compose.material.ProgressIndicatorKt$CircularProgressIndicator$startAngle$2, androidx.compose.foundation.ProgressSemanticsKt$progressSemantics$2, androidx.compose.material.MaterialThemeKt$MaterialTheme$2, androidx.compose.ui.platform.AndroidCompositionLocals_androidKt$ProvideAndroidCompositionLocals$4, androidx.compose.runtime.RememberManager, androidx.compose.foundation.IndicationKt$indication$2, androidx.compose.foundation.text.selection.SelectionRegistrarKt$LocalSelectionRegistrar$1, androidx.compose.runtime.saveable.SaverKt$AutoSaver$1, androidx.compose.runtime.saveable.SaverKt$AutoSaver$2, androidx.compose.runtime.snapshots.SnapshotStateList$StateListStateRecord, androidx.compose.material.ButtonKt$Button$2, androidx.compose.material.ElevationOverlayKt$LocalElevationOverlay$1, androidx.compose.material.ElevationOverlayKt$LocalAbsoluteElevation$1, androidx.compose.material.SurfaceKt$Surface$1, androidx.compose.material.TextKt$Text$4, androidx.compose.material.TextKt$ProvideTextStyle$1, androidx.compose.material.SurfaceKt$Surface$2, androidx.compose.material.ButtonKt$Button$3, androidx.compose.foundation.gestures.ScrollableStateKt$rememberScrollableState$1$1, androidx.compose.material.TextKt$Text$3, androidx.compose.material3.TextKt$Text$3, androidx.compose.foundation.layout.BoxWithConstraintsKt$BoxWithConstraints$1$1, androidx.compose.runtime.ComposerImpl$CompositionContextHolder, androidx.compose.runtime.ComposerImpl$CompositionContextImpl, androidx.compose.runtime.Updater$init$1, androidx.compose.runtime.internal.ComposableLambdaImpl$invoke$2, androidx.compose.ui.text.Mult
02-21 16:32:59.582 31512 31547 I Finsky  : [1630] Already at the latest configurations for experiment package com.google.android.finsky.stable.
02-21 16:32:59.583 31512 31547 I Finsky  : [1630] Triggered update for experiment package com.google.android.finsky.regular.
02-21 16:32:59.584 31512 31538 I Finsky  : [1621] Current account updated in PVS
02-21 16:32:59.615 31512 31539 I Finsky  : [1622] Current account updated in PVS
02-21 16:32:59.616 31512 31539 I Finsky  : [1622] Current account updated in PVS
02-21 16:32:59.617 31512 31547 I Finsky  : [1630] Already at the latest configurations for experiment package com.google.android.finsky.regular.
02-21 16:32:59.621 31512 31545 I Finsky  : [1628] Component class com.google.android.finsky.wearsupport.WearSupportService disabled via PackageManager.
02-21 16:32:59.622 31512 31539 I Finsky  : [1622] Current account updated in PVS
02-21 16:32:59.622 31512 31545 I Finsky  : [1628] Component class com.google.android.finsky.wearsupport.WearChangeListenerService disabled via PackageManager.
02-21 16:32:59.622 31512 31539 I Finsky  : [1622] Current account updated in PVS
02-21 16:32:59.623 31512 31536 I Finsky  : [1619] Current account updated in PVS
02-21 16:32:59.626 31512 31538 I Finsky  : [1621] Current account updated in PVS
02-21 16:32:59.626 31512 31538 I chatty  : uid=10021(com.android.vending) ValueStore-1 identical 1 line
02-21 16:32:59.628 31512 31538 I Finsky  : [1621] Current account updated in PVS
02-21 16:32:59.630 31512 31536 I Finsky  : [1619] Current account updated in PVS
02-21 16:32:59.635 31512 31536 I chatty  : uid=10021(com.android.vending) ValueStore-0 identical 3 lines
02-21 16:32:59.636 31512 31536 I Finsky  : [1619] Current account updated in PVS
02-21 16:32:59.843 31512 31538 I Finsky  : [1621] Current account updated in PVS
02-21 16:32:59.878 31512 31536 I Finsky  : [1619] Current account updated in PVS
02-21 16:32:59.881 31512 31538 I Finsky  : [1621] Current account updated in PVS
02-21 16:32:59.884 31512 31540 I Finsky  : [1623] Current account updated in PVS
02-21 16:32:59.885 31512 31512 I Finsky  : [2] setup::RES: shouldRecoverRestoredPackages: versionCodeSystem 81141600
02-21 16:32:59.888 31512 31538 I Finsky  : [1621] Current account updated in PVS
02-21 16:32:59.893 31512 31512 I Finsky  : [2] Detected restoreservicev2://recovery not needed, will not run
02-21 16:32:59.896 31512 31538 I Finsky  : [1621] Current account updated in PVS
02-21 16:32:59.896 31512 31538 I Finsky  : [1621] Current account updated in PVS
02-21 16:33:00.026   366  1289 I BufferQueueProducer: [StatusBar#0](this:0xae1f3000,id:4,api:1,p:1009,c:366) queueBuffer: fps=0.11 dur=26422.51 max=26377.97 min=15.27
02-21 16:33:00.036   366   366 I SurfaceFlinger: [Built-in Screen (type:0)] fps:0.151388,dur:26422.24,max:26373.49,min:14.64
02-21 16:33:00.102 31512 31600 I Finsky  : [1673] registerListener
02-21 16:33:00.105 31512 31600 I Finsky  : [1673] DSC: reviveDownloads()
02-21 16:33:00.107 31512 31540 I Finsky  : [1623] Current account updated in PVS
02-21 16:33:00.110 31274 31316 I Finsky:background: [1605] DS: reviveDownloads()
02-21 16:33:00.111 31512 31600 I Finsky  : [1673] Initialized AssetModuleDownloader.
02-21 16:33:00.112 31274 31309 I Finsky:background: [1600] Current account updated in PVS
02-21 16:33:00.114 31274 31309 I Finsky:background: [1600] Current account updated in PVS
02-21 16:33:00.565   822   968 E WifiVendorHal: getWifiLinkLayerStats(l.937) failed {.code = ERROR_NOT_SUPPORTED, .description = }
02-21 16:33:01.197   504   504 I thermal_repeater: [recvMdThermalInfo] ret=28, strLen=127,  2, 32767, -127, 0, 32767, 0
02-21 16:33:03.582   822   968 E WifiVendorHal: getWifiLinkLayerStats(l.937) failed {.code = ERROR_NOT_SUPPORTED, .description = }
02-21 16:33:03.859   822   822 I PowerWrap: PowerHal_TouchBoost
02-21 16:33:03.882   822   822 I PowerWrap: PowerHal_TouchBoost
02-21 16:33:03.900   822   980 E AudioTrack: start(): 0x9b4f8780, mState = 1
02-21 16:33:03.901   822  3082 I ActivityManager: START u0 {act=android.intent.action.MAIN cat=[android.intent.category.LAUNCHER] flg=0x10200000 cmp=com.anonymous.innobet/.MainActivity bnds=[360,422][526,672]} from uid 1000
02-21 16:33:03.910   366   386 I BufferQueueProducer: [com.android.launcher3/com.android.launcher3.Launcher#0](this:0xae907000,id:769,api:1,p:1620,c:366) queueBuffer: fps=0.06 dur=34931.22 max=34027.18 min=904.04
02-21 16:33:03.914   357  1276 I vendor.mediatek.hardware.power@2.0-impl: powerHintAsync hint:8, data:1
02-21 16:33:03.916   357   382 I libPowerHal: 8: cpu_ctrl set freq: 2001000 -1
02-21 16:33:03.918   366   366 I SurfaceFlinger: [Built-in Screen (type:0)] fps:0.772818,dur:3881.90,max:3849.19,min:16.32
02-21 16:33:03.918   344  3116 E AudioALSAPlaybackHandlerBase: -getHardwareBufferInfo(), pcm_get_htimestamp fail, ret = -1, pcm_get_error = 
02-21 16:33:03.921   822  3082 I PowerWrap: PowerHal_Wrap_mtkPowerHint
02-21 16:33:03.928   822  3082 I chatty  : uid=1000(system) Binder:822_16 identical 2 lines
02-21 16:33:03.928   822  3082 I PowerWrap: PowerHal_Wrap_mtkPowerHint
02-21 16:33:03.930 31363 31363 W ActivityThread: handleWindowVisibility: no activity for token android.os.BinderProxy@2fb890a
02-21 16:33:03.933   822   901 I WindowManager: Focus moving from Window{8e39278 u0 com.android.launcher3/com.android.launcher3.Launcher} to null
02-21 16:33:03.938   357  1276 I vendor.mediatek.hardware.power@2.0-impl: notifyAppState pack:com.anonymous.innobet, act:com.anonymous.innobet.MainActivity, pid:31363, state:1
02-21 16:33:03.939   357   382 I libPowerHal: [perfNotifyAppState] foreground:com.anonymous.innobet, pid:31363
02-21 16:33:03.973   366  1289 I BufferQueue: [unnamed-366-770](this:0xae2fb000,id:770,api:0,p:-1,c:-1) BufferQueue core=(366:/system/bin/surfaceflinger)
02-21 16:33:03.974   366  1289 I BufferQueueConsumer: [unnamed-366-770](this:0xae2fb000,id:770,api:0,p:-1,c:366) connect(C): consumer=(366:/system/bin/surfaceflinger) controlledByApp=false
02-21 16:33:03.974   366  1289 I BufferQueueConsumer: [unnamed-366-770](this:0xae2fb000,id:770,api:0,p:-1,c:366) setConsumerName: unnamed-366-770
02-21 16:33:03.974   366  1289 I BufferQueueConsumer: [Splash Screen com.anonymous.innobet#0](this:0xae2fb000,id:770,api:0,p:-1,c:366) setConsumerName: Splash Screen com.anonymous.innobet#0
02-21 16:33:03.974   366  1289 I BufferQueueConsumer: [Splash Screen com.anonymous.innobet#0](this:0xae2fb000,id:770,api:0,p:-1,c:366) setDefaultBufferSize: width=720 height=1440
02-21 16:33:03.983   366  1289 I BufferQueueProducer: [Splash Screen com.anonymous.innobet#0](this:0xae2fb000,id:770,api:2,p:822,c:366) connect(P): api=2 producer=(822:system_server) producerControlledByApp=false
02-21 16:33:04.120 31363 31363 I SurfaceFactory: [static] sSurfaceFactory = com.mediatek.view.impl.SurfaceFactoryImpl@51b670d
02-21 16:33:04.135   366   386 I SurfaceFlinger: [SF client] NEW(0xae9489e0) for (822:system_server)
02-21 16:33:04.156   822   886 I WindowManager: Relayout Window{39f6ec2 u0 com.anonymous.innobet/com.anonymous.innobet.MainActivity}: oldVis=4 newVis=0 focusMayChange = true
02-21 16:33:04.162   366   615 I BufferQueue: [unnamed-366-771](this:0xae945000,id:771,api:0,p:-1,c:-1) BufferQueue core=(366:/system/bin/surfaceflinger)
02-21 16:33:04.163   366   615 I BufferQueueConsumer: [unnamed-366-771](this:0xae945000,id:771,api:0,p:-1,c:366) connect(C): consumer=(366:/system/bin/surfaceflinger) controlledByApp=false
02-21 16:33:04.163   366   615 I BufferQueueConsumer: [unnamed-366-771](this:0xae945000,id:771,api:0,p:-1,c:366) setConsumerName: unnamed-366-771
02-21 16:33:04.163   366   615 I BufferQueueConsumer: [com.anonymous.innobet/com.anonymous.innobet.MainActivity#0](this:0xae945000,id:771,api:0,p:-1,c:366) setConsumerName: com.anonymous.innobet/com.anonymous.innobet.MainActivity#0
02-21 16:33:04.163   366   615 I BufferQueueConsumer: [com.anonymous.innobet/com.anonymous.innobet.MainActivity#0](this:0xae945000,id:771,api:0,p:-1,c:366) setDefaultBufferSize: width=720 height=1440
02-21 16:33:04.165   822   901 I WindowManager: Focus moving from null to Window{39f6ec2 u0 com.anonymous.innobet/com.anonymous.innobet.MainActivity}
02-21 16:33:04.176 31363 31620 E GED     : Failed to get GED Log Buf, err(0)
02-21 16:33:04.184 31363 31620 I ConfigStore: android::hardware::configstore::V1_0::ISurfaceFlingerConfigs::hasWideColorDisplay retrieved: 0
02-21 16:33:04.184 31363 31620 I ConfigStore: android::hardware::configstore::V1_0::ISurfaceFlingerConfigs::hasHDRDisplay retrieved: 0
02-21 16:33:04.184 31363 31620 I OpenGLRenderer: Initialized EGL, version 1.4
02-21 16:33:04.202   366   615 I BufferQueueProducer: [StatusBar#0](this:0xae1f3000,id:4,api:1,p:1009,c:366) queueBuffer: fps=0.72 dur=4176.25 max=4145.70 min=12.51
02-21 16:33:04.214   366   615 I BufferQueueProducer: [NavigationBar#0](this:0xae905000,id:706,api:1,p:1009,c:366) queueBuffer: fps=0.17 dur=35189.71 max=35045.48 min=23.08
02-21 16:33:04.215   366   615 I BufferQueueProducer: [com.anonymous.innobet/com.anonymous.innobet.MainActivity#0](this:0xae945000,id:771,api:1,p:31363,c:366) connect(P): api=1 producer=(31363:com.anonymous.innobet) producerControlledByApp=true
02-21 16:33:04.384 31363 31624 I dev.expo.updates: {"timestamp":1771702384383,"message":"embeddedAssetFileMap: embeddedAssets count = 79","code":"None","level":"info"}
02-21 16:33:04.385   366  1289 I BufferQueueProducer: [com.android.launcher3/com.android.launcher3.Launcher#0](this:0xae907000,id:769,api:1,p:1620,c:366) disconnect(P): api 1
02-21 16:33:04.392 31363 31624 I dev.expo.updates: {"timestamp":1771702384392,"message":"embeddedAssetFileMap: 778ffc9fe8773a878e9c30a6304784de,png => file:\/\/\/data\/user\/0\/com.anonymous.innobet\/files\/.expo-internal\/778ffc9fe8773a878e9c30a6304784de.png","code":"None","level":"info"}
02-21 16:33:04.394 31363 31624 I dev.expo.updates: {"timestamp":1771702384394,"message":"embeddedAssetFileMap: c79c3606a1cf168006ad3979763c7e0c,png => file:\/\/\/data\/user\/0\/com.anonymous.innobet\/files\/.expo-internal\/c79c3606a1cf168006ad3979763c7e0c.png","code":"None","level":"info"}
02-21 16:33:04.395 31363 31624 I dev.expo.updates: {"timestamp":1771702384395,"message":"embeddedAssetFileMap: 02bc1fa7c0313217bde2d65ccbff40c9,png => file:\/\/\/data\/user\/0\/com.anonymous.innobet\/files\/.expo-internal\/02bc1fa7c0313217bde2d65ccbff40c9.png","code":"None","level":"info"}
02-21 16:33:04.397 31363 31624 I dev.expo.updates: {"timestamp":1771702384396,"message":"embeddedAssetFileMap: 35ba0eaec5a4f5ed12ca16fabeae451d,png => file:\/\/\/data\/user\/0\/com.anonymous.innobet\/files\/.expo-internal\/35ba0eaec5a4f5ed12ca16fabeae451d.png","code":"None","level":"info"}
02-21 16:33:04.398 31363 31624 I dev.expo.updates: {"timestamp":1771702384398,"message":"embeddedAssetFileMap: 0a328cd9c1afd0afe8e3b1ec5165b1b4,png => file:\/\/\/data\/user\/0\/com.anonymous.innobet\/files\/.expo-internal\/0a328cd9c1afd0afe8e3b1ec5165b1b4.png","code":"None","level":"info"}
02-21 16:33:04.400 31363 31624 I dev.expo.updates: {"timestamp":1771702384400,"message":"embeddedAssetFileMap: 3cd68ccdb8938e3711da2e8831b85493,png => file:\/\/\/data\/user\/0\/com.anonymous.innobet\/files\/.expo-internal\/3cd68ccdb8938e3711da2e8831b85493.png","code":"None","level":"info"}
02-21 16:33:04.402 31363 31624 I dev.expo.updates: {"timestamp":1771702384401,"message":"embeddedAssetFileMap: 61ca7e64b7d605716c57706cef640b9a,png => file:\/\/\/data\/user\/0\/com.anonymous.innobet\/files\/.expo-internal\/61ca7e64b7d605716c57706cef640b9a.png","code":"None","level":"info"}
02-21 16:33:04.405 31363 31624 I dev.expo.updates: {"timestamp":1771702384403,"message":"embeddedAssetFileMap: aff2c65b39a296d4f7e96d0f58169170,png => file:\/\/\/data\/user\/0\/com.anonymous.innobet\/files\/.expo-internal\/aff2c65b39a296d4f7e96d0f58169170.png","code":"None","level":"info"}
02-21 16:33:04.408 31363 31624 I dev.expo.updates: {"timestamp":1771702384408,"message":"embeddedAssetFileMap: d8e7601e3df962f83c62371ac14964d8,png => file:\/\/\/data\/user\/0\/com.anonymous.innobet\/files\/.expo-internal\/d8e7601e3df962f83c62371ac14964d8.png","code":"None","level":"info"}
02-21 16:33:04.410 31363 31624 I dev.expo.updates: {"timestamp":1771702384410,"message":"embeddedAssetFileMap: 3cd68ccdb8938e3711da2e8831b85493,png => file:\/\/\/data\/user\/0\/com.anonymous.innobet\/files\/.expo-internal\/3cd68ccdb8938e3711da2e8831b85493.png","code":"None","level":"info"}
02-21 16:33:04.412 31363 31624 I dev.expo.updates: {"timestamp":1771702384411,"message":"embeddedAssetFileMap: 0747a1317bbe9c6fc340b889ef8ab3ae,png => file:\/\/\/data\/user\/0\/com.anonymous.innobet\/files\/.expo-internal\/0747a1317bbe9c6fc340b889ef8ab3ae.png","code":"None","level":"info"}
02-21 16:33:04.413 31363 31624 I dev.expo.updates: {"timestamp":1771702384413,"message":"embeddedAssetFileMap: d84e297c3b3e49a614248143d53e40ca,png => file:\/\/\/data\/user\/0\/com.anonymous.innobet\/files\/.expo-internal\/d84e297c3b3e49a614248143d53e40ca.png","code":"None","level":"info"}
02-21 16:33:04.414 31363 31624 I dev.expo.updates: {"timestamp":1771702384414,"message":"embeddedAssetFileMap: 1190ab078c57159f4245a328118fcd9a,png => file:\/\/\/data\/user\/0\/com.anonymous.innobet\/files\/.expo-internal\/1190ab078c57159f4245a328118fcd9a.png","code":"None","level":"info"}
02-21 16:33:04.416 31363 31624 I dev.expo.updates: {"timestamp":1771702384415,"message":"embeddedAssetFileMap: 78c625386b4d0690b421eb0fc78f7b9c,png => file:\/\/\/data\/user\/0\/com.anonymous.innobet\/files\/.expo-internal\/78c625386b4d0690b421eb0fc78f7b9c.png","code":"None","level":"info"}
02-21 16:33:04.417 31363 31624 I dev.expo.updates: {"timestamp":1771702384417,"message":"embeddedAssetFileMap: 0747a1317bbe9c6fc340b889ef8ab3ae,png => file:\/\/\/data\/user\/0\/com.anonymous.innobet\/files\/.expo-internal\/0747a1317bbe9c6fc340b889ef8ab3ae.png","code":"None","level":"info"}
02-21 16:33:04.419 31363 31624 I dev.expo.updates: {"timestamp":1771702384419,"message":"embeddedAssetFileMap: 4403c6117ec30c859bc95d70ce4a71d3,png => file:\/\/\/data\/user\/0\/com.anonymous.innobet\/files\/.expo-internal\/4403c6117ec30c859bc95d70ce4a71d3.png","code":"None","level":"info"}
02-21 16:33:04.421 31363 31624 I dev.expo.updates: {"timestamp":1771702384420,"message":"embeddedAssetFileMap: 069d99eb1fa6712c0b9034a58c6b57dd,png => file:\/\/\/data\/user\/0\/com.anonymous.innobet\/files\/.expo-internal\/069d99eb1fa6712c0b9034a58c6b57dd.png","code":"None","level":"info"}
02-21 16:33:04.423 31363 31624 I dev.expo.updates: {"timestamp":1771702384423,"message":"embeddedAssetFileMap: c3273c9e5321f20d1e42c2efae2578c4,png => file:\/\/\/data\/user\/0\/com.anonymous.innobet\/files\/.expo-internal\/c3273c9e5321f20d1e42c2efae2578c4.png","code":"None","level":"info"}
02-21 16:33:04.424 31363 31624 I dev.expo.updates: {"timestamp":1771702384424,"message":"embeddedAssetFileMap: 286d67d3f74808a60a78d3ebf1a5fb57,png => file:\/\/\/data\/user\/0\/com.anonymous.innobet\/files\/.expo-internal\/286d67d3f74808a60a78d3ebf1a5fb57.png","code":"None","level":"info"}
02-21 16:33:04.426 31363 31624 I dev.expo.updates: {"timestamp":1771702384426,"message":"embeddedAssetFileMap: d1ea1496f9057eb392d5bbf3732a61b7,png => file:\/\/\/data\/user\/0\/com.anonymous.innobet\/files\/.expo-internal\/d1ea1496f9057eb392d5bbf3732a61b7.png","code":"None","level":"info"}
02-21 16:33:04.427 31363 31624 I dev.expo.updates: {"timestamp":1771702384427,"message":"embeddedAssetFileMap: 19eeb73b9593a38f8e9f418337fc7d10,png => file:\/\/\/data\/user\/0\/com.anonymous.innobet\/files\/.expo-internal\/19eeb73b9593a38f8e9f418337fc7d10.png","code":"None","level":"info"}
02-21 16:33:04.429 31363 31624 I dev.expo.updates: {"timestamp":1771702384429,"message":"embeddedAssetFileMap: ab19f4cbc543357183a20571f68380a3,png => file:\/\/\/data\/user\/0\/com.anonymous.innobet\/files\/.expo-internal\/ab19f4cbc543357183a20571f68380a3.png","code":"None","level":"info"}
02-21 16:33:04.430 31363 31624 I dev.expo.updates: {"timestamp":1771702384430,"message":"embeddedAssetFileMap: d8b800c443b8972542883e0b9de2bdc6,png => file:\/\/\/data\/user\/0\/com.anonymous.innobet\/files\/.expo-internal\/d8b800c443b8972542883e0b9de2bdc6.png","code":"None","level":"info"}
02-21 16:33:04.432 31363 31624 I dev.expo.updates: {"timestamp":1771702384432,"message":"embeddedAssetFileMap: 412dd9275b6b48ad28f5e3d81bb1f626,png => file:\/\/\/data\/user\/0\/com.anonymous.innobet\/files\/.expo-internal\/412dd9275b6b48ad28f5e3d81bb1f626.png","code":"None","level":"info"}
02-21 16:33:04.434 31363 31624 I dev.expo.updates: {"timestamp":1771702384434,"message":"embeddedAssetFileMap: 20e71bdf79e3a97bf55fd9e164041578,png => file:\/\/\/data\/user\/0\/com.anonymous.innobet\/files\/.expo-internal\/20e71bdf79e3a97bf55fd9e164041578.png","code":"None","level":"info"}
02-21 16:33:04.436 31363 31624 I dev.expo.updates: {"timestamp":1771702384435,"message":"embeddedAssetFileMap: 3a2ba31570920eeb9b1d217cabe58315,ttf => file:\/\/\/data\/user\/0\/com.anonymous.innobet\/files\/.expo-internal\/3a2ba31570920eeb9b1d217cabe58315.ttf","code":"None","level":"info"}
02-21 16:33:04.437 31363 31624 I dev.expo.updates: {"timestamp":1771702384437,"message":"embeddedAssetFileMap: 31b5ffea3daddc69dd01a1f3d6cf63c5,ttf => file:\/\/\/data\/user\/0\/com.anonymous.innobet\/files\/.expo-internal\/31b5ffea3daddc69dd01a1f3d6cf63c5.ttf","code":"None","level":"info"}
02-21 16:33:04.439 31363 31624 I dev.expo.updates: {"timestamp":1771702384438,"message":"embeddedAssetFileMap: 140c53a7643ea949007aa9a282153849,ttf => file:\/\/\/data\/user\/0\/com.anonymous.innobet\/files\/.expo-internal\/140c53a7643ea949007aa9a282153849.ttf","code":"None","level":"info"}
02-21 16:33:04.440 31363 31624 I dev.expo.updates: {"timestamp":1771702384440,"message":"embeddedAssetFileMap: a76d309774d33d9856f650bed4292a23,ttf => file:\/\/\/data\/user\/0\/com.anonymous.innobet\/files\/.expo-internal\/a76d309774d33d9856f650bed4292a23.ttf","code":"None","level":"info"}
02-21 16:33:04.442 31363 31624 I dev.expo.updates: {"timestamp":1771702384441,"message":"embeddedAssetFileMap: b49ae8ab2dbccb02c4d11caaacf09eab,ttf => file:\/\/\/data\/user\/0\/com.anonymous.innobet\/files\/.expo-internal\/b49ae8ab2dbccb02c4d11caaacf09eab.ttf","code":"None","level":"info"}
02-21 16:33:04.443 31363 31624 I dev.expo.updates: {"timestamp":1771702384443,"message":"embeddedAssetFileMap: b06871f281fee6b241d60582ae9369b9,ttf => file:\/\/\/data\/user\/0\/com.anonymous.innobet\/files\/.expo-internal\/b06871f281fee6b241d60582ae9369b9.ttf","code":"None","level":"info"}
02-21 16:33:04.445 31363 31624 I dev.expo.updates: {"timestamp":1771702384445,"message":"embeddedAssetFileMap: 1f77739ca9ff2188b539c36f30ffa2be,ttf => file:\/\/\/data\/user\/0\/com.anonymous.innobet\/files\/.expo-internal\/1f77739ca9ff2188b539c36f30ffa2be.ttf","code":"None","level":"info"}
02-21 16:33:04.446 31363 31624 I dev.expo.updates: {"timestamp":1771702384446,"message":"embeddedAssetFileMap: 605ed7926cf39a2ad5ec2d1f9d391d3d,ttf => file:\/\/\/data\/user\/0\/com.anonymous.innobet\/files\/.expo-internal\/605ed7926cf39a2ad5ec2d1f9d391d3d.ttf","code":"None","level":"info"}
02-21 16:33:04.448 31363 31624 I dev.expo.updates: {"timestamp":1771702384448,"message":"embeddedAssetFileMap: 3b89dd103490708d19a95adcae52210e,ttf => file:\/\/\/data\/user\/0\/com.anonymous.innobet\/files\/.expo-internal\/3b89dd103490708d19a95adcae52210e.ttf","code":"None","level":"info"}
02-21 16:33:04.449 31363 31624 I dev.expo.updates: {"timestamp":1771702384449,"message":"embeddedAssetFileMap: 370dd5af19f8364907b6e2c41f45dbbf,ttf => file:\/\/\/data\/user\/0\/com.anonymous.innobet\/files\/.expo-internal\/370dd5af19f8364907b6e2c41f45dbbf.ttf","code":"None","level":"info"}
02-21 16:33:04.451 31363 31624 I dev.expo.updates: {"timestamp":1771702384451,"message":"embeddedAssetFileMap: adec7d6f310bc577f05e8fe06a5daccf,ttf => file:\/\/\/data\/user\/0\/com.anonymous.innobet\/files\/.expo-internal\/adec7d6f310bc577f05e8fe06a5daccf.ttf","code":"None","level":"info"}
02-21 16:33:04.453 31363 31624 I dev.expo.updates: {"timestamp":1771702384453,"message":"embeddedAssetFileMap: 56c8d80832e37783f12c05db7c8849e2,ttf => file:\/\/\/data\/user\/0\/com.anonymous.innobet\/files\/.expo-internal\/56c8d80832e37783f12c05db7c8849e2.ttf","code":"None","level":"info"}
02-21 16:33:04.455 31363 31624 I dev.expo.updates: {"timestamp":1771702384455,"message":"embeddedAssetFileMap: e20945d7c929279ef7a6f1db184a4470,ttf => file:\/\/\/data\/user\/0\/com.anonymous.innobet\/files\/.expo-internal\/e20945d7c929279ef7a6f1db184a4470.ttf","code":"None","level":"info"}
02-21 16:33:04.457 31363 31624 I dev.expo.updates: {"timestamp":1771702384456,"message":"embeddedAssetFileMap: 6148e7019854f3bde85b633cb88f3c25,ttf => file:\/\/\/data\/user\/0\/com.anonymous.innobet\/files\/.expo-internal\/6148e7019854f3bde85b633cb88f3c25.ttf","code":"None","level":"info"}
02-21 16:33:04.458 31363 31624 I dev.expo.updates: {"timestamp":1771702384458,"message":"embeddedAssetFileMap: b62641afc9ab487008e996a5c5865e56,ttf => file:\/\/\/data\/user\/0\/com.anonymous.innobet\/files\/.expo-internal\/b62641afc9ab487008e996a5c5865e56.ttf","code":"None","level":"info"}
02-21 16:33:04.460 31363 31624 I dev.expo.updates: {"timestamp":1771702384459,"message":"embeddedAssetFileMap: 4e85bc9ebe07e0340c9c4fc2f6c38908,ttf => file:\/\/\/data\/user\/0\/com.anonymous.innobet\/files\/.expo-internal\/4e85bc9ebe07e0340c9c4fc2f6c38908.ttf","code":"None","level":"info"}
02-21 16:33:04.461 31363 31624 I dev.expo.updates: {"timestamp":1771702384461,"message":"embeddedAssetFileMap: f7c53c47a66934504fcbc7cc164895a7,ttf => file:\/\/\/data\/user\/0\/com.anonymous.innobet\/files\/.expo-internal\/f7c53c47a66934504fcbc7cc164895a7.ttf","code":"None","level":"info"}
02-21 16:33:04.462 31363 31624 I dev.expo.updates: {"timestamp":1771702384462,"message":"embeddedAssetFileMap: d2285965fe34b05465047401b8595dd0,ttf => file:\/\/\/data\/user\/0\/com.anonymous.innobet\/files\/.expo-internal\/d2285965fe34b05465047401b8595dd0.ttf","code":"None","level":"info"}
02-21 16:33:04.464 31363 31624 I dev.expo.updates: {"timestamp":1771702384463,"message":"embeddedAssetFileMap: 1681f34aaca71b8dfb70756bca331eb2,ttf => file:\/\/\/data\/user\/0\/com.anonymous.innobet\/files\/.expo-internal\/1681f34aaca71b8dfb70756bca331eb2.ttf","code":"None","level":"info"}
02-21 16:33:04.465 31363 31624 I dev.expo.updates: {"timestamp":1771702384465,"message":"embeddedAssetFileMap: cbe63ed69fbc743029eb4102c26d8cb0,png => file:\/\/\/data\/user\/0\/com.anonymous.innobet\/files\/.expo-internal\/cbe63ed69fbc743029eb4102c26d8cb0.png","code":"None","level":"info"}
02-21 16:33:04.467 31363 31624 I dev.expo.updates: {"timestamp":1771702384466,"message":"embeddedAssetFileMap: 05906502f18d236fd53cd20e87ace52e,png => file:\/\/\/data\/user\/0\/com.anonymous.innobet\/files\/.expo-internal\/05906502f18d236fd53cd20e87ace52e.png","code":"None","level":"info"}
02-21 16:33:04.469 31363 31624 I dev.expo.updates: {"timestamp":1771702384468,"message":"embeddedAssetFileMap: 1e6f2d32ab9876b49936181f9c0b8725,ttf => file:\/\/\/data\/user\/0\/com.anonymous.innobet\/files\/.expo-internal\/1e6f2d32ab9876b49936181f9c0b8725.ttf","code":"None","level":"info"}
02-21 16:33:04.470 31363 31624 I dev.expo.updates: {"timestamp":1771702384470,"message":"embeddedAssetFileMap: 83e5ab4249b88f89ccf80e15a98b92f0,ttf => file:\/\/\/data\/user\/0\/com.anonymous.innobet\/files\/.expo-internal\/83e5ab4249b88f89ccf80e15a98b92f0.ttf","code":"None","level":"info"}
02-21 16:33:04.471 31363 31624 I dev.expo.updates: {"timestamp":1771702384471,"message":"embeddedAssetFileMap: 25e374a16a818685911e36bee59a6ee4,ttf => file:\/\/\/data\/user\/0\/com.anonymous.innobet\/files\/.expo-internal\/25e374a16a818685911e36bee59a6ee4.ttf","code":"None","level":"info"}
02-21 16:33:04.472 31363 31624 I dev.expo.updates: {"timestamp":1771702384472,"message":"embeddedAssetFileMap: 303c6d9e16168364d3bc5b7f766cfff4,ttf => file:\/\/\/data\/user\/0\/com.anonymous.innobet\/files\/.expo-internal\/303c6d9e16168364d3bc5b7f766cfff4.ttf","code":"None","level":"info"}
02-21 16:33:04.473 31363 31624 I dev.expo.updates: {"timestamp":1771702384473,"message":"embeddedAssetFileMap: 7d752fb726f5ece291e2e522fcecf86d,ttf => file:\/\/\/data\/user\/0\/com.anonymous.innobet\/files\/.expo-internal\/7d752fb726f5ece291e2e522fcecf86d.ttf","code":"None","level":"info"}
02-21 16:33:04.475 31363 31624 I dev.expo.updates: {"timestamp":1771702384475,"message":"embeddedAssetFileMap: dae3c6eddbf79c41f922e4809ca9d09c,ttf => file:\/\/\/data\/user\/0\/com.anonymous.innobet\/files\/.expo-internal\/dae3c6eddbf79c41f922e4809ca9d09c.ttf","code":"None","level":"info"}
02-21 16:33:04.476 31363 31624 I dev.expo.updates: {"timestamp":1771702384476,"message":"embeddedAssetFileMap: dd5415b95e675853c6ccdceba7324ce7,ttf => file:\/\/\/data\/user\/0\/com.anonymous.innobet\/files\/.expo-internal\/dd5415b95e675853c6ccdceba7324ce7.ttf","code":"None","level":"info"}
02-21 16:33:04.477 31363 31624 I dev.expo.updates: {"timestamp":1771702384477,"message":"embeddedAssetFileMap: 27fd63e58793434ce14a41e30176a4de,ttf => file:\/\/\/data\/user\/0\/com.anonymous.innobet\/files\/.expo-internal\/27fd63e58793434ce14a41e30176a4de.ttf","code":"None","level":"info"}
02-21 16:33:04.479 31363 31624 I dev.expo.updates: {"timestamp":1771702384479,"message":"embeddedAssetFileMap: dc44e38f98466ebcd6c013be9016fa1f,ttf => file:\/\/\/data\/user\/0\/com.anonymous.innobet\/files\/.expo-internal\/dc44e38f98466ebcd6c013be9016fa1f.ttf","code":"None","level":"info"}
02-21 16:33:04.481 31363 31624 I dev.expo.updates: {"timestamp":1771702384481,"message":"embeddedAssetFileMap: dca165220aefe216510c6de8ae9578ff,ttf => file:\/\/\/data\/user\/0\/com.anonymous.innobet\/files\/.expo-internal\/dca165220aefe216510c6de8ae9578ff.ttf","code":"None","level":"info"}
02-21 16:33:04.482 31363 31624 I dev.expo.updates: {"timestamp":1771702384482,"message":"embeddedAssetFileMap: 41c80845424f35477f8ecadfb646a67d,ttf => file:\/\/\/data\/user\/0\/com.anonymous.innobet\/files\/.expo-internal\/41c80845424f35477f8ecadfb646a67d.ttf","code":"None","level":"info"}
02-21 16:33:04.484 31363 31624 I dev.expo.updates: {"timestamp":1771702384483,"message":"embeddedAssetFileMap: 00b6f1f0c053c61b8048a6dbbabecaa2,ttf => file:\/\/\/data\/user\/0\/com.anonymous.innobet\/files\/.expo-internal\/00b6f1f0c053c61b8048a6dbbabecaa2.ttf","code":"None","level":"info"}
02-21 16:33:04.486 31363 31624 I dev.expo.updates: {"timestamp":1771702384485,"message":"embeddedAssetFileMap: 1fc3ee9d387437d060344e57a179e3dc,ttf => file:\/\/\/data\/user\/0\/com.anonymous.innobet\/files\/.expo-internal\/1fc3ee9d387437d060344e57a179e3dc.ttf","code":"None","level":"info"}
02-21 16:33:04.487 31363 31624 I dev.expo.updates: {"timestamp":1771702384487,"message":"embeddedAssetFileMap: 918982b4cec9e30df58aca1e12cf6445,ttf => file:\/\/\/data\/user\/0\/com.anonymous.innobet\/files\/.expo-internal\/918982b4cec9e30df58aca1e12cf6445.ttf","code":"None","level":"info"}
02-21 16:33:04.488 31363 31624 I dev.expo.updates: {"timestamp":1771702384488,"message":"embeddedAssetFileMap: 2d365b1721b9ba2ff4771393a0ce2e46,ttf => file:\/\/\/data\/user\/0\/com.anonymous.innobet\/files\/.expo-internal\/2d365b1721b9ba2ff4771393a0ce2e46.ttf","code":"None","level":"info"}
02-21 16:33:04.490 31363 31624 I dev.expo.updates: {"timestamp":1771702384490,"message":"embeddedAssetFileMap: dc10ada6fd67b557d811d9a6d031c4de,ttf => file:\/\/\/data\/user\/0\/com.anonymous.innobet\/files\/.expo-internal\/dc10ada6fd67b557d811d9a6d031c4de.ttf","code":"None","level":"info"}
02-21 16:33:04.492 31363 31624 I dev.expo.updates: {"timestamp":1771702384491,"message":"embeddedAssetFileMap: 80b61563f9e8f51aa379816e1c6016ef,ttf => file:\/\/\/data\/user\/0\/com.anonymous.innobet\/files\/.expo-internal\/80b61563f9e8f51aa379816e1c6016ef.ttf","code":"None","level":"info"}
02-21 16:33:04.493 31363 31624 I dev.expo.updates: {"timestamp":1771702384493,"message":"embeddedAssetFileMap: 792016eae54d22079ccf6f0760938b0a,ttf => file:\/\/\/data\/user\/0\/com.anonymous.innobet\/files\/.expo-internal\/792016eae54d22079ccf6f0760938b0a.ttf","code":"None","level":"info"}
02-21 16:33:04.494 31363 31624 I dev.expo.updates: {"timestamp":1771702384494,"message":"embeddedAssetFileMap: 33ee4a7a2a00f4a23de896dc720a167f,ttf => file:\/\/\/data\/user\/0\/com.anonymous.innobet\/files\/.expo-internal\/33ee4a7a2a00f4a23de896dc720a167f.ttf","code":"None","level":"info"}
02-21 16:33:04.496 31363 31624 I dev.expo.updates: {"timestamp":1771702384496,"message":"embeddedAssetFileMap: f7f923044efb7a3d9cf90eaaa5c07b00,ttf => file:\/\/\/data\/user\/0\/com.anonymous.innobet\/files\/.expo-internal\/f7f923044efb7a3d9cf90eaaa5c07b00.ttf","code":"None","level":"info"}
02-21 16:33:04.498 31363 31624 I dev.expo.updates: {"timestamp":1771702384498,"message":"embeddedAssetFileMap: f21ea2ee1c7372ae821e3ab4f21dceb3,ttf => file:\/\/\/data\/user\/0\/com.anonymous.innobet\/files\/.expo-internal\/f21ea2ee1c7372ae821e3ab4f21dceb3.ttf","code":"None","level":"info"}
02-21 16:33:04.499 31363 31624 I dev.expo.updates: {"timestamp":1771702384499,"message":"embeddedAssetFileMap: 139479e8be03b8933573510aeed5036c,ttf => file:\/\/\/data\/user\/0\/com.anonymous.innobet\/files\/.expo-internal\/139479e8be03b8933573510aeed5036c.ttf","code":"None","level":"info"}
02-21 16:33:04.501 31363 31624 I dev.expo.updates: {"timestamp":1771702384500,"message":"embeddedAssetFileMap: 3ee049c7379fa0111fa60753076ed13e,ttf => file:\/\/\/data\/user\/0\/com.anonymous.innobet\/files\/.expo-internal\/3ee049c7379fa0111fa60753076ed13e.ttf","code":"None","level":"info"}
02-21 16:33:04.502 31363 31624 I dev.expo.updates: {"timestamp":1771702384502,"message":"embeddedAssetFileMap: 0df3ca88b5cc69095fa6960be024b6b0,ttf => file:\/\/\/data\/user\/0\/com.anonymous.innobet\/files\/.expo-internal\/0df3ca88b5cc69095fa6960be024b6b0.ttf","code":"None","level":"info"}
02-21 16:33:04.503 31363 31624 I dev.expo.updates: {"timestamp":1771702384503,"message":"embeddedAssetFileMap: 4ad1f8bd28473f905ff5d8d9ee6e46c4,ttf => file:\/\/\/data\/user\/0\/com.anonymous.innobet\/files\/.expo-internal\/4ad1f8bd28473f905ff5d8d9ee6e46c4.ttf","code":"None","level":"info"}
02-21 16:33:04.504 31363 31624 I dev.expo.updates: {"timestamp":1771702384504,"message":"embeddedAssetFileMap: 5ac3cfb8bb385319e5dc90e310fc6217,ttf => file:\/\/\/data\/user\/0\/com.anonymous.innobet\/files\/.expo-internal\/5ac3cfb8bb385319e5dc90e310fc6217.ttf","code":"None","level":"info"}
02-21 16:33:04.506 31363 31624 I dev.expo.updates: {"timestamp":1771702384506,"message":"embeddedAssetFileMap: b2b51c1f3126dac9b0d8f9cf477e30aa,ttf => file:\/\/\/data\/user\/0\/com.anonymous.innobet\/files\/.expo-internal\/b2b51c1f3126dac9b0d8f9cf477e30aa.ttf","code":"None","level":"info"}
02-21 16:33:04.508 31363 31624 I dev.expo.updates: {"timestamp":1771702384507,"message":"embeddedAssetFileMap: b94d9cb13b877df529f7d8f1f7daa04a,ttf => file:\/\/\/data\/user\/0\/com.anonymous.innobet\/files\/.expo-internal\/b94d9cb13b877df529f7d8f1f7daa04a.ttf","code":"None","level":"info"}
02-21 16:33:04.509 31363 31624 I dev.expo.updates: {"timestamp":1771702384509,"message":"embeddedAssetFileMap: 57520555569bc37741929ffbd1d51655,ttf => file:\/\/\/data\/user\/0\/com.anonymous.innobet\/files\/.expo-internal\/57520555569bc37741929ffbd1d51655.ttf","code":"None","level":"info"}
02-21 16:33:04.510 31363 31624 I dev.expo.updates: {"timestamp":1771702384510,"message":"embeddedAssetFileMap: b87eacd35ccf0ae12482a98c4b4e550a,ttf => file:\/\/\/data\/user\/0\/com.anonymous.innobet\/files\/.expo-internal\/b87eacd35ccf0ae12482a98c4b4e550a.ttf","code":"None","level":"info"}
02-21 16:33:04.512 31363 31624 I dev.expo.updates: {"timestamp":1771702384511,"message":"embeddedAssetFileMap: fe14a3918950e2ecebdff85d6acd99ec,ttf => file:\/\/\/data\/user\/0\/com.anonymous.innobet\/files\/.expo-internal\/fe14a3918950e2ecebdff85d6acd99ec.ttf","code":"None","level":"info"}
02-21 16:33:04.513 31363 31624 I dev.expo.updates: {"timestamp":1771702384513,"message":"embeddedAssetFileMap: 2492a2590b69b466c0980862dd01bf5b,ttf => file:\/\/\/data\/user\/0\/com.anonymous.innobet\/files\/.expo-internal\/2492a2590b69b466c0980862dd01bf5b.ttf","code":"None","level":"info"}
02-21 16:33:04.533 31363 31363 W SoLoader: SoLoader already initialized
