02-21 16:01:24.458   822   894 I ActivityManager: Start proc 27870:com.anonymous.sortepremiada/u0a62 for activity com.anonymous.sortepremiada/.MainActivity
02-21 16:01:24.529   822   901 I WindowManager: Focus moving from Window{8e39278 u0 com.android.launcher3/com.android.launcher3.Launcher} to null
02-21 16:01:24.950   822   961 I WindowManager: Relayout Window{7aa2115 u0 com.anonymous.sortepremiada/com.anonymous.sortepremiada.MainActivity}: oldVis=4 newVis=0 focusMayChange = true
02-21 16:01:24.959   822   901 I WindowManager: Focus moving from null to Window{7aa2115 u0 com.anonymous.sortepremiada/com.anonymous.sortepremiada.MainActivity}
02-21 16:01:27.491  1582  3097 W ContextImpl: Calling a method in the system process without a qualified user: android.app.ContextImpl.bindService:1612 android.content.ContextWrapper.bindService:698 com.taobao.accs.messenger.a.a:86 com.taobao.accs.messenger.e.b:41 com.taobao.accs.messenger.e.a:16 
02-21 16:01:27.492   822   961 W ActivityManager: Unable to start service Intent { act=com.taobao.accs.intent.action.START_SERVICE cmp=com.xcheng.mdm/com.taobao.accs.ChannelService (has extras) } U=0: not found
02-21 16:01:29.544   822   894 I ActivityManager: Start proc 27926:com.google.android.webview:webview_service/u0a38 for service com.google.android.webview/org.chromium.android_webview.services.VariationsSeedServer
02-21 16:01:30.107   822   901 I WindowManager: Focus moving from Window{7aa2115 u0 com.anonymous.sortepremiada/com.anonymous.sortepremiada.MainActivity} to Window{ffd17e u0 com.anonymous.sortepremiada/com.anonymous.sortepremiada.MainActivity}
02-21 16:01:30.183   822   901 I WindowManager: Losing delayed focus: Window{7aa2115 u0 com.anonymous.sortepremiada/com.anonymous.sortepremiada.MainActivity}
02-21 16:01:30.542   822   961 I ActivityManager: START u0 {act=android.content.pm.action.REQUEST_PERMISSIONS pkg=com.android.packageinstaller cmp=com.android.packageinstaller/.permission.ui.GrantPermissionsActivity (has extras)} from uid 10062
02-21 16:01:30.604   822   901 I WindowManager: Focus moving from Window{ffd17e u0 com.anonymous.sortepremiada/com.anonymous.sortepremiada.MainActivity EXITING} to Window{7aa2115 u0 com.anonymous.sortepremiada/com.anonymous.sortepremiada.MainActivity}
02-21 16:01:30.642   822   901 I WindowManager: Focus moving from Window{7aa2115 u0 com.anonymous.sortepremiada/com.anonymous.sortepremiada.MainActivity} to Window{475d7c4 u0 com.anonymous.sortepremiada/com.anonymous.sortepremiada.MainActivity}
02-21 16:01:30.673   822   901 I WindowManager: Focus moving from Window{475d7c4 u0 com.anonymous.sortepremiada/com.anonymous.sortepremiada.MainActivity} to null
02-21 16:01:30.813   822   901 I WindowManager: Focus moving from null to Window{475d7c4 u0 com.anonymous.sortepremiada/com.anonymous.sortepremiada.MainActivity}
02-21 16:01:30.834   822   901 I WindowManager: Losing delayed focus: Window{7aa2115 u0 com.anonymous.sortepremiada/com.anonymous.sortepremiada.MainActivity}
02-21 16:01:33.431   822   964 I NetworkStatsRecorder: recordSnapshotLocked: ident[[{type=WIFI, subType=COMBINED, networkId="MAIS_NET_TELECOM_5.8G", metered=false, defaultNetwork=true}]]
02-21 16:01:33.431   822   964 W NetworkStatsRecorder: unknown interfaces [lo], ignoring those stats
02-21 16:01:33.431   822   964 I NetworkStatsRecorder: recordSnapshotLocked: ident[[{type=WIFI, subType=COMBINED, networkId="MAIS_NET_TELECOM_5.8G", metered=false, defaultNetwork=true}]]
02-21 16:01:33.431   822   964 W NetworkStatsRecorder: unknown interfaces [lo], ignoring those stats
02-21 16:01:33.431   822   964 I NetworkStatsRecorder: recordSnapshotLocked: ident[[{type=WIFI, subType=COMBINED, networkId="MAIS_NET_TELECOM_5.8G", metered=false, defaultNetwork=true}]]
02-21 16:01:33.432   822   964 I chatty  : uid=1000(system) NetworkStats identical 5 lines
02-21 16:01:33.432   822   964 I NetworkStatsRecorder: recordSnapshotLocked: ident[[{type=WIFI, subType=COMBINED, networkId="MAIS_NET_TELECOM_5.8G", metered=false, defaultNetwork=true}]]
02-21 16:01:33.432   822   964 W NetworkStatsRecorder: unknown interfaces [lo], ignoring those stats
02-21 16:01:33.432   822   964 I NetworkStatsRecorder: recordSnapshotLocked: ident[[{type=WIFI, subType=COMBINED, networkId="MAIS_NET_TELECOM_5.8G", metered=false, defaultNetwork=true}]]
02-21 16:01:33.432   822   964 W NetworkStatsRecorder: unknown interfaces [lo], ignoring those stats
02-21 16:01:33.981   822   964 I NetworkStatsRecorder: recordSnapshotLocked: ident[[{type=WIFI, subType=COMBINED, networkId="MAIS_NET_TELECOM_5.8G", metered=false, defaultNetwork=true}]]
02-21 16:01:33.981   822   964 W NetworkStatsRecorder: unknown interfaces [lo], ignoring those stats
02-21 16:01:33.981   822   964 I NetworkStatsRecorder: recordSnapshotLocked: ident[[{type=WIFI, subType=COMBINED, networkId="MAIS_NET_TELECOM_5.8G", metered=false, defaultNetwork=true}]]
02-21 16:01:33.981   822   964 W NetworkStatsRecorder: unknown interfaces [lo], ignoring those stats
02-21 16:01:33.981   822   964 I NetworkStatsRecorder: recordSnapshotLocked: ident[[{type=WIFI, subType=COMBINED, networkId="MAIS_NET_TELECOM_5.8G", metered=false, defaultNetwork=true}]]
02-21 16:01:33.981   822   964 W NetworkStatsRecorder: unknown interfaces [lo], ignoring those stats
02-21 16:01:33.981   822   964 W NetworkStatsRecorder: unknown interfaces [lo], ignoring those stats
02-21 16:01:34.490   822   964 I NetworkStatsRecorder: recordSnapshotLocked: ident[[{type=WIFI, subType=COMBINED, networkId="MAIS_NET_TELECOM_5.8G", metered=false, defaultNetwork=true}]]
02-21 16:01:34.491   822   964 W NetworkStatsRecorder: unknown interfaces [lo], ignoring those stats
02-21 16:01:34.491   822   964 I NetworkStatsRecorder: recordSnapshotLocked: ident[[{type=WIFI, subType=COMBINED, networkId="MAIS_NET_TELECOM_5.8G", metered=false, defaultNetwork=true}]]
02-21 16:01:34.491   822   964 W NetworkStatsRecorder: unknown interfaces [lo], ignoring those stats
02-21 16:01:34.492   822   964 I NetworkStatsRecorder: recordSnapshotLocked: ident[[{type=WIFI, subType=COMBINED, networkId="MAIS_NET_TELECOM_5.8G", metered=false, defaultNetwork=true}]]
02-21 16:01:34.492   822   964 W NetworkStatsRecorder: unknown interfaces [lo], ignoring those stats
02-21 16:01:34.492   822   964 W NetworkStatsRecorder: unknown interfaces [lo], ignoring those stats
02-21 16:01:34.834   822   964 I NetworkStatsRecorder: recordSnapshotLocked: ident[[{type=WIFI, subType=COMBINED, networkId="MAIS_NET_TELECOM_5.8G", metered=false, defaultNetwork=true}]]
02-21 16:01:34.835   822   964 W NetworkStatsRecorder: unknown interfaces [lo], ignoring those stats
02-21 16:01:34.835   822   964 I NetworkStatsRecorder: recordSnapshotLocked: ident[[{type=WIFI, subType=COMBINED, networkId="MAIS_NET_TELECOM_5.8G", metered=false, defaultNetwork=true}]]
02-21 16:01:34.835   822   964 W NetworkStatsRecorder: unknown interfaces [lo], ignoring those stats
02-21 16:01:34.835   822   964 I NetworkStatsRecorder: recordSnapshotLocked: ident[[{type=WIFI, subType=COMBINED, networkId="MAIS_NET_TELECOM_5.8G", metered=false, defaultNetwork=true}]]
02-21 16:01:34.835   822   964 I NetworkStatsRecorder: recordSnapshotLocked: ident[[{type=WIFI, subType=COMBINED, networkId="MAIS_NET_TELECOM_5.8G", metered=false, defaultNetwork=true}]]
02-21 16:01:34.835   822   964 W NetworkStatsRecorder: unknown interfaces [lo], ignoring those stats
02-21 16:01:34.835   822   964 W NetworkStatsRecorder: unknown interfaces [lo], ignoring those stats
02-21 16:01:35.137   822   964 I NetworkStatsRecorder: recordSnapshotLocked: ident[[{type=WIFI, subType=COMBINED, networkId="MAIS_NET_TELECOM_5.8G", metered=false, defaultNetwork=true}]]
02-21 16:01:35.137   822   964 W NetworkStatsRecorder: unknown interfaces [lo], ignoring those stats
02-21 16:01:35.137   822   964 I NetworkStatsRecorder: recordSnapshotLocked: ident[[{type=WIFI, subType=COMBINED, networkId="MAIS_NET_TELECOM_5.8G", metered=false, defaultNetwork=true}]]
02-21 16:01:35.138   822   964 W NetworkStatsRecorder: unknown interfaces [lo], ignoring those stats
02-21 16:01:35.138   822   964 I NetworkStatsRecorder: recordSnapshotLocked: ident[[{type=WIFI, subType=COMBINED, networkId="MAIS_NET_TELECOM_5.8G", metered=false, defaultNetwork=true}]]
02-21 16:01:35.138   822   964 W NetworkStatsRecorder: unknown interfaces [lo], ignoring those stats
02-21 16:01:35.139   822   964 W NetworkStatsRecorder: unknown interfaces [lo], ignoring those stats
02-21 16:01:35.399   822   964 I NetworkStatsRecorder: recordSnapshotLocked: ident[[{type=WIFI, subType=COMBINED, networkId="MAIS_NET_TELECOM_5.8G", metered=false, defaultNetwork=true}]]
02-21 16:01:35.399   822   964 W NetworkStatsRecorder: unknown interfaces [lo], ignoring those stats
02-21 16:01:35.400   822   964 I NetworkStatsRecorder: recordSnapshotLocked: ident[[{type=WIFI, subType=COMBINED, networkId="MAIS_NET_TELECOM_5.8G", metered=false, defaultNetwork=true}]]
02-21 16:01:35.401   822   964 W NetworkStatsRecorder: unknown interfaces [lo], ignoring those stats
02-21 16:01:35.401   822   964 I NetworkStatsRecorder: recordSnapshotLocked: ident[[{type=WIFI, subType=COMBINED, networkId="MAIS_NET_TELECOM_5.8G", metered=false, defaultNetwork=true}]]
02-21 16:01:35.402   822   964 W NetworkStatsRecorder: unknown interfaces [lo], ignoring those stats
02-21 16:01:35.402   822   964 W NetworkStatsRecorder: unknown interfaces [lo], ignoring those stats
02-21 16:01:35.690   822   964 I NetworkStatsRecorder: recordSnapshotLocked: ident[[{type=WIFI, subType=COMBINED, networkId="MAIS_NET_TELECOM_5.8G", metered=false, defaultNetwork=true}]]
02-21 16:01:35.690   822   964 W NetworkStatsRecorder: unknown interfaces [lo], ignoring those stats
02-21 16:01:35.690   822   964 I NetworkStatsRecorder: recordSnapshotLocked: ident[[{type=WIFI, subType=COMBINED, networkId="MAIS_NET_TELECOM_5.8G", metered=false, defaultNetwork=true}]]
02-21 16:01:35.690   822   964 W NetworkStatsRecorder: unknown interfaces [lo], ignoring those stats
02-21 16:01:35.690   822   964 I NetworkStatsRecorder: recordSnapshotLocked: ident[[{type=WIFI, subType=COMBINED, networkId="MAIS_NET_TELECOM_5.8G", metered=false, defaultNetwork=true}]]
02-21 16:01:35.690   822   964 W NetworkStatsRecorder: unknown interfaces [lo], ignoring those stats
02-21 16:01:35.691   822   964 W NetworkStatsRecorder: unknown interfaces [lo], ignoring those stats
02-21 16:01:35.936   822   964 I NetworkStatsRecorder: recordSnapshotLocked: ident[[{type=WIFI, subType=COMBINED, networkId="MAIS_NET_TELECOM_5.8G", metered=false, defaultNetwork=true}]]
02-21 16:01:35.936   822   964 W NetworkStatsRecorder: unknown interfaces [lo], ignoring those stats
02-21 16:01:35.936   822   964 I NetworkStatsRecorder: recordSnapshotLocked: ident[[{type=WIFI, subType=COMBINED, networkId="MAIS_NET_TELECOM_5.8G", metered=false, defaultNetwork=true}]]
02-21 16:01:35.936   822   964 W NetworkStatsRecorder: unknown interfaces [lo], ignoring those stats
02-21 16:01:35.936   822   964 I NetworkStatsRecorder: recordSnapshotLocked: ident[[{type=WIFI, subType=COMBINED, networkId="MAIS_NET_TELECOM_5.8G", metered=false, defaultNetwork=true}]]
02-21 16:01:35.936   822   964 W NetworkStatsRecorder: unknown interfaces [lo], ignoring those stats
02-21 16:01:35.936   822   964 W NetworkStatsRecorder: unknown interfaces [lo], ignoring those stats
02-21 16:01:36.254   822   964 I NetworkStatsRecorder: recordSnapshotLocked: ident[[{type=WIFI, subType=COMBINED, networkId="MAIS_NET_TELECOM_5.8G", metered=false, defaultNetwork=true}]]
02-21 16:01:36.260   822   964 W NetworkStatsRecorder: unknown interfaces [lo], ignoring those stats
02-21 16:01:36.260   822   964 I NetworkStatsRecorder: recordSnapshotLocked: ident[[{type=WIFI, subType=COMBINED, networkId="MAIS_NET_TELECOM_5.8G", metered=false, defaultNetwork=true}]]
02-21 16:01:36.261   822   964 W NetworkStatsRecorder: unknown interfaces [lo], ignoring those stats
02-21 16:01:36.316   822   964 I NetworkStatsRecorder: recordSnapshotLocked: ident[[{type=WIFI, subType=COMBINED, networkId="MAIS_NET_TELECOM_5.8G", metered=false, defaultNetwork=true}]]
02-21 16:01:36.316   822   964 W NetworkStatsRecorder: unknown interfaces [lo], ignoring those stats
02-21 16:01:36.323   822   964 W NetworkStatsRecorder: unknown interfaces [lo], ignoring those stats
02-21 16:01:36.628   822   964 I NetworkStatsRecorder: recordSnapshotLocked: ident[[{type=WIFI, subType=COMBINED, networkId="MAIS_NET_TELECOM_5.8G", metered=false, defaultNetwork=true}]]
02-21 16:01:36.628   822   964 W NetworkStatsRecorder: unknown interfaces [lo], ignoring those stats
02-21 16:01:36.628   822   964 I NetworkStatsRecorder: recordSnapshotLocked: ident[[{type=WIFI, subType=COMBINED, networkId="MAIS_NET_TELECOM_5.8G", metered=false, defaultNetwork=true}]]
02-21 16:01:36.629   822   964 W NetworkStatsRecorder: unknown interfaces [lo], ignoring those stats
02-21 16:01:36.629   822   964 I NetworkStatsRecorder: recordSnapshotLocked: ident[[{type=WIFI, subType=COMBINED, networkId="MAIS_NET_TELECOM_5.8G", metered=false, defaultNetwork=true}]]
02-21 16:01:36.629   822   964 W NetworkStatsRecorder: unknown interfaces [lo], ignoring those stats
02-21 16:01:36.630   822   964 W NetworkStatsRecorder: unknown interfaces [lo], ignoring those stats
02-21 16:01:36.850   822   964 I NetworkStatsRecorder: recordSnapshotLocked: ident[[{type=WIFI, subType=COMBINED, networkId="MAIS_NET_TELECOM_5.8G", metered=false, defaultNetwork=true}]]
02-21 16:01:36.851   822   964 W NetworkStatsRecorder: unknown interfaces [lo], ignoring those stats
02-21 16:01:36.851   822   964 I NetworkStatsRecorder: recordSnapshotLocked: ident[[{type=WIFI, subType=COMBINED, networkId="MAIS_NET_TELECOM_5.8G", metered=false, defaultNetwork=true}]]
02-21 16:01:36.859   822   964 W NetworkStatsRecorder: unknown interfaces [lo], ignoring those stats
02-21 16:01:36.859   822   964 I NetworkStatsRecorder: recordSnapshotLocked: ident[[{type=WIFI, subType=COMBINED, networkId="MAIS_NET_TELECOM_5.8G", metered=false, defaultNetwork=true}]]
02-21 16:01:36.864   822   964 W NetworkStatsRecorder: unknown interfaces [lo], ignoring those stats
02-21 16:01:36.864   822   964 W NetworkStatsRecorder: unknown interfaces [lo], ignoring those stats
02-21 16:01:37.202   822   964 I NetworkStatsRecorder: recordSnapshotLocked: ident[[{type=WIFI, subType=COMBINED, networkId="MAIS_NET_TELECOM_5.8G", metered=false, defaultNetwork=true}]]
02-21 16:01:37.202   822   964 W NetworkStatsRecorder: unknown interfaces [lo], ignoring those stats
02-21 16:01:37.202   822   964 I NetworkStatsRecorder: recordSnapshotLocked: ident[[{type=WIFI, subType=COMBINED, networkId="MAIS_NET_TELECOM_5.8G", metered=false, defaultNetwork=true}]]
02-21 16:01:37.202   822   964 W NetworkStatsRecorder: unknown interfaces [lo], ignoring those stats
02-21 16:01:37.202   822   964 I NetworkStatsRecorder: recordSnapshotLocked: ident[[{type=WIFI, subType=COMBINED, networkId="MAIS_NET_TELECOM_5.8G", metered=false, defaultNetwork=true}]]
02-21 16:01:37.203   822   964 W NetworkStatsRecorder: unknown interfaces [lo], ignoring those stats
02-21 16:01:37.203   822   964 W NetworkStatsRecorder: unknown interfaces [lo], ignoring those stats
02-21 16:01:37.444   822   964 I NetworkStatsRecorder: recordSnapshotLocked: ident[[{type=WIFI, subType=COMBINED, networkId="MAIS_NET_TELECOM_5.8G", metered=false, defaultNetwork=true}]]
02-21 16:01:37.444   822   964 W NetworkStatsRecorder: unknown interfaces [lo], ignoring those stats
02-21 16:01:37.444   822   964 I NetworkStatsRecorder: recordSnapshotLocked: ident[[{type=WIFI, subType=COMBINED, networkId="MAIS_NET_TELECOM_5.8G", metered=false, defaultNetwork=true}]]
02-21 16:01:37.445   822   964 W NetworkStatsRecorder: unknown interfaces [lo], ignoring those stats
02-21 16:01:37.445   822   964 I NetworkStatsRecorder: recordSnapshotLocked: ident[[{type=WIFI, subType=COMBINED, networkId="MAIS_NET_TELECOM_5.8G", metered=false, defaultNetwork=true}]]
02-21 16:01:37.445   822   964 W NetworkStatsRecorder: unknown interfaces [lo], ignoring those stats
02-21 16:01:37.445   822   964 W NetworkStatsRecorder: unknown interfaces [lo], ignoring those stats
02-21 16:01:37.768   822   964 I NetworkStatsRecorder: recordSnapshotLocked: ident[[{type=WIFI, subType=COMBINED, networkId="MAIS_NET_TELECOM_5.8G", metered=false, defaultNetwork=true}]]
02-21 16:01:37.768   822   964 W NetworkStatsRecorder: unknown interfaces [lo], ignoring those stats
02-21 16:01:37.768   822   964 I NetworkStatsRecorder: recordSnapshotLocked: ident[[{type=WIFI, subType=COMBINED, networkId="MAIS_NET_TELECOM_5.8G", metered=false, defaultNetwork=true}]]
02-21 16:01:37.768   822   964 W NetworkStatsRecorder: unknown interfaces [lo], ignoring those stats
02-21 16:01:37.768   822   964 I NetworkStatsRecorder: recordSnapshotLocked: ident[[{type=WIFI, subType=COMBINED, networkId="MAIS_NET_TELECOM_5.8G", metered=false, defaultNetwork=true}]]
02-21 16:01:37.768   822   964 I NetworkStatsRecorder: recordSnapshotLocked: ident[[{type=WIFI, subType=COMBINED, networkId="MAIS_NET_TELECOM_5.8G", metered=false, defaultNetwork=true}]]
02-21 16:01:37.768   822   964 W NetworkStatsRecorder: unknown interfaces [lo], ignoring those stats
02-21 16:01:37.768   822   964 W NetworkStatsRecorder: unknown interfaces [lo], ignoring those stats
02-21 16:01:38.031   822   964 I NetworkStatsRecorder: recordSnapshotLocked: ident[[{type=WIFI, subType=COMBINED, networkId="MAIS_NET_TELECOM_5.8G", metered=false, defaultNetwork=true}]]
02-21 16:01:38.031   822   964 W NetworkStatsRecorder: unknown interfaces [lo], ignoring those stats
02-21 16:01:38.031   822   964 I NetworkStatsRecorder: recordSnapshotLocked: ident[[{type=WIFI, subType=COMBINED, networkId="MAIS_NET_TELECOM_5.8G", metered=false, defaultNetwork=true}]]
02-21 16:01:38.031   822   964 W NetworkStatsRecorder: unknown interfaces [lo], ignoring those stats
02-21 16:01:38.031   822   964 I NetworkStatsRecorder: recordSnapshotLocked: ident[[{type=WIFI, subType=COMBINED, networkId="MAIS_NET_TELECOM_5.8G", metered=false, defaultNetwork=true}]]
02-21 16:01:38.031   822   964 W NetworkStatsRecorder: unknown interfaces [lo], ignoring those stats
02-21 16:01:38.031   822   964 W NetworkStatsRecorder: unknown interfaces [lo], ignoring those stats
02-21 16:01:38.303   822   964 I NetworkStatsRecorder: recordSnapshotLocked: ident[[{type=WIFI, subType=COMBINED, networkId="MAIS_NET_TELECOM_5.8G", metered=false, defaultNetwork=true}]]
02-21 16:01:38.303   822   964 W NetworkStatsRecorder: unknown interfaces [lo], ignoring those stats
02-21 16:01:38.303   822   964 I NetworkStatsRecorder: recordSnapshotLocked: ident[[{type=WIFI, subType=COMBINED, networkId="MAIS_NET_TELECOM_5.8G", metered=false, defaultNetwork=true}]]
02-21 16:01:38.303   822   964 W NetworkStatsRecorder: unknown interfaces [lo], ignoring those stats
02-21 16:01:38.304   822   964 I NetworkStatsRecorder: recordSnapshotLocked: ident[[{type=WIFI, subType=COMBINED, networkId="MAIS_NET_TELECOM_5.8G", metered=false, defaultNetwork=true}]]
02-21 16:01:38.306   822   964 W NetworkStatsRecorder: unknown interfaces [lo], ignoring those stats
02-21 16:01:38.308   822   964 W NetworkStatsRecorder: unknown interfaces [lo], ignoring those stats
02-21 16:01:38.586   822   964 I NetworkStatsRecorder: recordSnapshotLocked: ident[[{type=WIFI, subType=COMBINED, networkId="MAIS_NET_TELECOM_5.8G", metered=false, defaultNetwork=true}]]
02-21 16:01:38.587   822   964 W NetworkStatsRecorder: unknown interfaces [lo], ignoring those stats
02-21 16:01:38.587   822   964 I NetworkStatsRecorder: recordSnapshotLocked: ident[[{type=WIFI, subType=COMBINED, networkId="MAIS_NET_TELECOM_5.8G", metered=false, defaultNetwork=true}]]
02-21 16:01:38.587   822   964 W NetworkStatsRecorder: unknown interfaces [lo], ignoring those stats
02-21 16:01:38.589   822   964 I NetworkStatsRecorder: recordSnapshotLocked: ident[[{type=WIFI, subType=COMBINED, networkId="MAIS_NET_TELECOM_5.8G", metered=false, defaultNetwork=true}]]
02-21 16:01:38.590   822   964 W NetworkStatsRecorder: unknown interfaces [lo], ignoring those stats
02-21 16:01:38.590   822   964 W NetworkStatsRecorder: unknown interfaces [lo], ignoring those stats
02-21 16:01:38.827   822   964 I NetworkStatsRecorder: recordSnapshotLocked: ident[[{type=WIFI, subType=COMBINED, networkId="MAIS_NET_TELECOM_5.8G", metered=false, defaultNetwork=true}]]
02-21 16:01:38.827   822   964 W NetworkStatsRecorder: unknown interfaces [lo], ignoring those stats
02-21 16:01:38.827   822   964 I NetworkStatsRecorder: recordSnapshotLocked: ident[[{type=WIFI, subType=COMBINED, networkId="MAIS_NET_TELECOM_5.8G", metered=false, defaultNetwork=true}]]
02-21 16:01:38.827   822   964 W NetworkStatsRecorder: unknown interfaces [lo], ignoring those stats
02-21 16:01:38.827   822   964 I NetworkStatsRecorder: recordSnapshotLocked: ident[[{type=WIFI, subType=COMBINED, networkId="MAIS_NET_TELECOM_5.8G", metered=false, defaultNetwork=true}]]
02-21 16:01:38.827   822   964 W NetworkStatsRecorder: unknown interfaces [lo], ignoring those stats
02-21 16:01:38.828   822   964 W NetworkStatsRecorder: unknown interfaces [lo], ignoring those stats
02-21 16:01:39.065   822   964 I NetworkStatsRecorder: recordSnapshotLocked: ident[[{type=WIFI, subType=COMBINED, networkId="MAIS_NET_TELECOM_5.8G", metered=false, defaultNetwork=true}]]
02-21 16:01:39.066   822   964 W NetworkStatsRecorder: unknown interfaces [lo], ignoring those stats
02-21 16:01:39.066   822   964 I NetworkStatsRecorder: recordSnapshotLocked: ident[[{type=WIFI, subType=COMBINED, networkId="MAIS_NET_TELECOM_5.8G", metered=false, defaultNetwork=true}]]
02-21 16:01:39.066   822   964 W NetworkStatsRecorder: unknown interfaces [lo], ignoring those stats
02-21 16:01:39.066   822   964 I NetworkStatsRecorder: recordSnapshotLocked: ident[[{type=WIFI, subType=COMBINED, networkId="MAIS_NET_TELECOM_5.8G", metered=false, defaultNetwork=true}]]
02-21 16:01:39.066   822   964 W NetworkStatsRecorder: unknown interfaces [lo], ignoring those stats
02-21 16:01:39.066   822   964 W NetworkStatsRecorder: unknown interfaces [lo], ignoring those stats
02-21 16:01:39.270   822   964 I NetworkStatsRecorder: recordSnapshotLocked: ident[[{type=WIFI, subType=COMBINED, networkId="MAIS_NET_TELECOM_5.8G", metered=false, defaultNetwork=true}]]
02-21 16:01:39.270   822   964 W NetworkStatsRecorder: unknown interfaces [lo], ignoring those stats
02-21 16:01:39.270   822   964 I NetworkStatsRecorder: recordSnapshotLocked: ident[[{type=WIFI, subType=COMBINED, networkId="MAIS_NET_TELECOM_5.8G", metered=false, defaultNetwork=true}]]
02-21 16:01:39.271   822   964 W NetworkStatsRecorder: unknown interfaces [lo], ignoring those stats
02-21 16:01:39.271   822   964 I NetworkStatsRecorder: recordSnapshotLocked: ident[[{type=WIFI, subType=COMBINED, networkId="MAIS_NET_TELECOM_5.8G", metered=false, defaultNetwork=true}]]
02-21 16:01:39.271   822   964 W NetworkStatsRecorder: unknown interfaces [lo], ignoring those stats
02-21 16:01:39.271   822   964 W NetworkStatsRecorder: unknown interfaces [lo], ignoring those stats
02-21 16:01:39.479   822   964 I NetworkStatsRecorder: recordSnapshotLocked: ident[[{type=WIFI, subType=COMBINED, networkId="MAIS_NET_TELECOM_5.8G", metered=false, defaultNetwork=true}]]
02-21 16:01:39.479   822   964 W NetworkStatsRecorder: unknown interfaces [lo], ignoring those stats
02-21 16:01:39.480   822   964 I NetworkStatsRecorder: recordSnapshotLocked: ident[[{type=WIFI, subType=COMBINED, networkId="MAIS_NET_TELECOM_5.8G", metered=false, defaultNetwork=true}]]
02-21 16:01:39.481   822   964 W NetworkStatsRecorder: unknown interfaces [lo], ignoring those stats
02-21 16:01:39.482   822   964 I NetworkStatsRecorder: recordSnapshotLocked: ident[[{type=WIFI, subType=COMBINED, networkId="MAIS_NET_TELECOM_5.8G", metered=false, defaultNetwork=true}]]
02-21 16:01:39.483   822   964 W NetworkStatsRecorder: unknown interfaces [lo], ignoring those stats
02-21 16:01:39.483   822   964 W NetworkStatsRecorder: unknown interfaces [lo], ignoring those stats
02-21 16:01:39.692   822   964 I NetworkStatsRecorder: recordSnapshotLocked: ident[[{type=WIFI, subType=COMBINED, networkId="MAIS_NET_TELECOM_5.8G", metered=false, defaultNetwork=true}]]
02-21 16:01:39.693   822   964 W NetworkStatsRecorder: unknown interfaces [lo], ignoring those stats
02-21 16:01:39.694   822   964 I NetworkStatsRecorder: recordSnapshotLocked: ident[[{type=WIFI, subType=COMBINED, networkId="MAIS_NET_TELECOM_5.8G", metered=false, defaultNetwork=true}]]
02-21 16:01:39.695   822   964 W NetworkStatsRecorder: unknown interfaces [lo], ignoring those stats
02-21 16:01:39.698   822   964 I NetworkStatsRecorder: recordSnapshotLocked: ident[[{type=WIFI, subType=COMBINED, networkId="MAIS_NET_TELECOM_5.8G", metered=false, defaultNetwork=true}]]
02-21 16:01:39.698   822   964 W NetworkStatsRecorder: unknown interfaces [lo], ignoring those stats
02-21 16:01:39.699   822   964 W NetworkStatsRecorder: unknown interfaces [lo], ignoring those stats
02-21 16:01:39.918   822   964 I NetworkStatsRecorder: recordSnapshotLocked: ident[[{type=WIFI, subType=COMBINED, networkId="MAIS_NET_TELECOM_5.8G", metered=false, defaultNetwork=true}]]
02-21 16:01:39.918   822   964 W NetworkStatsRecorder: unknown interfaces [lo], ignoring those stats
02-21 16:01:39.918   822   964 I NetworkStatsRecorder: recordSnapshotLocked: ident[[{type=WIFI, subType=COMBINED, networkId="MAIS_NET_TELECOM_5.8G", metered=false, defaultNetwork=true}]]
02-21 16:01:39.918   822   964 W NetworkStatsRecorder: unknown interfaces [lo], ignoring those stats
02-21 16:01:39.918   822   964 I NetworkStatsRecorder: recordSnapshotLocked: ident[[{type=WIFI, subType=COMBINED, networkId="MAIS_NET_TELECOM_5.8G", metered=false, defaultNetwork=true}]]
02-21 16:01:39.918   822   964 W NetworkStatsRecorder: unknown interfaces [lo], ignoring those stats
02-21 16:01:39.918   822   964 W NetworkStatsRecorder: unknown interfaces [lo], ignoring those stats
02-21 16:01:40.274   822   964 I NetworkStatsRecorder: recordSnapshotLocked: ident[[{type=WIFI, subType=COMBINED, networkId="MAIS_NET_TELECOM_5.8G", metered=false, defaultNetwork=true}]]
02-21 16:01:40.274   822   964 W NetworkStatsRecorder: unknown interfaces [lo], ignoring those stats
02-21 16:01:40.274   822   964 I NetworkStatsRecorder: recordSnapshotLocked: ident[[{type=WIFI, subType=COMBINED, networkId="MAIS_NET_TELECOM_5.8G", metered=false, defaultNetwork=true}]]
02-21 16:01:40.274   822   964 W NetworkStatsRecorder: unknown interfaces [lo], ignoring those stats
02-21 16:01:40.275   822   964 I NetworkStatsRecorder: recordSnapshotLocked: ident[[{type=WIFI, subType=COMBINED, networkId="MAIS_NET_TELECOM_5.8G", metered=false, defaultNetwork=true}]]
02-21 16:01:40.276   822   964 W NetworkStatsRecorder: unknown interfaces [lo], ignoring those stats
02-21 16:01:40.276   822   964 W NetworkStatsRecorder: unknown interfaces [lo], ignoring those stats
02-21 16:01:40.506   822   964 I NetworkStatsRecorder: recordSnapshotLocked: ident[[{type=WIFI, subType=COMBINED, networkId="MAIS_NET_TELECOM_5.8G", metered=false, defaultNetwork=true}]]
02-21 16:01:40.507   822   964 W NetworkStatsRecorder: unknown interfaces [lo], ignoring those stats
02-21 16:01:40.508   822   964 I NetworkStatsRecorder: recordSnapshotLocked: ident[[{type=WIFI, subType=COMBINED, networkId="MAIS_NET_TELECOM_5.8G", metered=false, defaultNetwork=true}]]
02-21 16:01:40.508   822   964 W NetworkStatsRecorder: unknown interfaces [lo], ignoring those stats
02-21 16:01:40.509   822   964 I NetworkStatsRecorder: recordSnapshotLocked: ident[[{type=WIFI, subType=COMBINED, networkId="MAIS_NET_TELECOM_5.8G", metered=false, defaultNetwork=true}]]
02-21 16:01:40.509   822   964 I NetworkStatsRecorder: recordSnapshotLocked: ident[[{type=WIFI, subType=COMBINED, networkId="MAIS_NET_TELECOM_5.8G", metered=false, defaultNetwork=true}]]
02-21 16:01:40.509   822   964 W NetworkStatsRecorder: unknown interfaces [lo], ignoring those stats
02-21 16:01:40.509   822   964 W NetworkStatsRecorder: unknown interfaces [lo], ignoring those stats
02-21 16:01:40.780   822   964 I NetworkStatsRecorder: recordSnapshotLocked: ident[[{type=WIFI, subType=COMBINED, networkId="MAIS_NET_TELECOM_5.8G", metered=false, defaultNetwork=true}]]
02-21 16:01:40.780   822   964 W NetworkStatsRecorder: unknown interfaces [lo], ignoring those stats
02-21 16:01:40.780   822   964 I NetworkStatsRecorder: recordSnapshotLocked: ident[[{type=WIFI, subType=COMBINED, networkId="MAIS_NET_TELECOM_5.8G", metered=false, defaultNetwork=true}]]
02-21 16:01:40.781   822   964 W NetworkStatsRecorder: unknown interfaces [lo], ignoring those stats
02-21 16:01:40.781   822   964 I NetworkStatsRecorder: recordSnapshotLocked: ident[[{type=WIFI, subType=COMBINED, networkId="MAIS_NET_TELECOM_5.8G", metered=false, defaultNetwork=true}]]
02-21 16:01:40.781   822   964 W NetworkStatsRecorder: unknown interfaces [lo], ignoring those stats
02-21 16:01:40.781   822   964 W NetworkStatsRecorder: unknown interfaces [lo], ignoring those stats
02-21 16:01:41.034   822   964 I NetworkStatsRecorder: recordSnapshotLocked: ident[[{type=WIFI, subType=COMBINED, networkId="MAIS_NET_TELECOM_5.8G", metered=false, defaultNetwork=true}]]
02-21 16:01:41.034   822   964 W NetworkStatsRecorder: unknown interfaces [lo], ignoring those stats
02-21 16:01:41.034   822   964 I NetworkStatsRecorder: recordSnapshotLocked: ident[[{type=WIFI, subType=COMBINED, networkId="MAIS_NET_TELECOM_5.8G", metered=false, defaultNetwork=true}]]
02-21 16:01:41.034   822   964 W NetworkStatsRecorder: unknown interfaces [lo], ignoring those stats
02-21 16:01:41.034   822   964 I NetworkStatsRecorder: recordSnapshotLocked: ident[[{type=WIFI, subType=COMBINED, networkId="MAIS_NET_TELECOM_5.8G", metered=false, defaultNetwork=true}]]
02-21 16:01:41.034   822   964 W NetworkStatsRecorder: unknown interfaces [lo], ignoring those stats
02-21 16:01:41.034   822   964 W NetworkStatsRecorder: unknown interfaces [lo], ignoring those stats
02-21 16:01:41.265   822   964 I NetworkStatsRecorder: recordSnapshotLocked: ident[[{type=WIFI, subType=COMBINED, networkId="MAIS_NET_TELECOM_5.8G", metered=false, defaultNetwork=true}]]
02-21 16:01:41.265   822   964 W NetworkStatsRecorder: unknown interfaces [lo], ignoring those stats
02-21 16:01:41.265   822   964 I NetworkStatsRecorder: recordSnapshotLocked: ident[[{type=WIFI, subType=COMBINED, networkId="MAIS_NET_TELECOM_5.8G", metered=false, defaultNetwork=true}]]
02-21 16:01:41.265   822   964 W NetworkStatsRecorder: unknown interfaces [lo], ignoring those stats
02-21 16:01:41.265   822   964 I NetworkStatsRecorder: recordSnapshotLocked: ident[[{type=WIFI, subType=COMBINED, networkId="MAIS_NET_TELECOM_5.8G", metered=false, defaultNetwork=true}]]
02-21 16:01:41.265   822   964 W NetworkStatsRecorder: unknown interfaces [lo], ignoring those stats
02-21 16:01:41.265   822   964 W NetworkStatsRecorder: unknown interfaces [lo], ignoring those stats
02-21 16:01:41.508   822   964 I NetworkStatsRecorder: recordSnapshotLocked: ident[[{type=WIFI, subType=COMBINED, networkId="MAIS_NET_TELECOM_5.8G", metered=false, defaultNetwork=true}]]
02-21 16:01:41.508   822   964 W NetworkStatsRecorder: unknown interfaces [lo], ignoring those stats
02-21 16:01:41.508   822   964 I NetworkStatsRecorder: recordSnapshotLocked: ident[[{type=WIFI, subType=COMBINED, networkId="MAIS_NET_TELECOM_5.8G", metered=false, defaultNetwork=true}]]
02-21 16:01:41.508   822   964 W NetworkStatsRecorder: unknown interfaces [lo], ignoring those stats
02-21 16:01:41.508   822   964 I NetworkStatsRecorder: recordSnapshotLocked: ident[[{type=WIFI, subType=COMBINED, networkId="MAIS_NET_TELECOM_5.8G", metered=false, defaultNetwork=true}]]
02-21 16:01:41.508   822   964 W NetworkStatsRecorder: unknown interfaces [lo], ignoring those stats
02-21 16:01:41.508   822   964 W NetworkStatsRecorder: unknown interfaces [lo], ignoring those stats
02-21 16:01:41.798   822   964 I NetworkStatsRecorder: recordSnapshotLocked: ident[[{type=WIFI, subType=COMBINED, networkId="MAIS_NET_TELECOM_5.8G", metered=false, defaultNetwork=true}]]
02-21 16:01:41.798   822   964 W NetworkStatsRecorder: unknown interfaces [lo], ignoring those stats
02-21 16:01:41.798   822   964 I NetworkStatsRecorder: recordSnapshotLocked: ident[[{type=WIFI, subType=COMBINED, networkId="MAIS_NET_TELECOM_5.8G", metered=false, defaultNetwork=true}]]
02-21 16:01:41.798   822   964 W NetworkStatsRecorder: unknown interfaces [lo], ignoring those stats
02-21 16:01:41.799   822   964 I NetworkStatsRecorder: recordSnapshotLocked: ident[[{type=WIFI, subType=COMBINED, networkId="MAIS_NET_TELECOM_5.8G", metered=false, defaultNetwork=true}]]
02-21 16:01:41.799   822   964 W NetworkStatsRecorder: unknown interfaces [lo], ignoring those stats
02-21 16:01:41.799   822   964 W NetworkStatsRecorder: unknown interfaces [lo], ignoring those stats
02-21 16:01:42.081   822   964 I NetworkStatsRecorder: recordSnapshotLocked: ident[[{type=WIFI, subType=COMBINED, networkId="MAIS_NET_TELECOM_5.8G", metered=false, defaultNetwork=true}]]
02-21 16:01:42.081   822   964 W NetworkStatsRecorder: unknown interfaces [lo], ignoring those stats
02-21 16:01:42.081   822   964 I NetworkStatsRecorder: recordSnapshotLocked: ident[[{type=WIFI, subType=COMBINED, networkId="MAIS_NET_TELECOM_5.8G", metered=false, defaultNetwork=true}]]
02-21 16:01:42.081   822   964 W NetworkStatsRecorder: unknown interfaces [lo], ignoring those stats
02-21 16:01:42.081   822   964 I NetworkStatsRecorder: recordSnapshotLocked: ident[[{type=WIFI, subType=COMBINED, networkId="MAIS_NET_TELECOM_5.8G", metered=false, defaultNetwork=true}]]
02-21 16:01:42.081   822   964 W NetworkStatsRecorder: unknown interfaces [lo], ignoring those stats
02-21 16:01:42.081   822   964 W NetworkStatsRecorder: unknown interfaces [lo], ignoring those stats
02-21 16:01:42.309   822   964 I NetworkStatsRecorder: recordSnapshotLocked: ident[[{type=WIFI, subType=COMBINED, networkId="MAIS_NET_TELECOM_5.8G", metered=false, defaultNetwork=true}]]
02-21 16:01:42.309   822   964 W NetworkStatsRecorder: unknown interfaces [lo], ignoring those stats
02-21 16:01:42.311   822   964 I NetworkStatsRecorder: recordSnapshotLocked: ident[[{type=WIFI, subType=COMBINED, networkId="MAIS_NET_TELECOM_5.8G", metered=false, defaultNetwork=true}]]
02-21 16:01:42.312   822   964 W NetworkStatsRecorder: unknown interfaces [lo], ignoring those stats
02-21 16:01:42.312   822   964 I NetworkStatsRecorder: recordSnapshotLocked: ident[[{type=WIFI, subType=COMBINED, networkId="MAIS_NET_TELECOM_5.8G", metered=false, defaultNetwork=true}]]
02-21 16:01:42.312   822   964 W NetworkStatsRecorder: unknown interfaces [lo], ignoring those stats
02-21 16:01:42.313   822   964 W NetworkStatsRecorder: unknown interfaces [lo], ignoring those stats
02-21 16:01:42.583   822   964 I NetworkStatsRecorder: recordSnapshotLocked: ident[[{type=WIFI, subType=COMBINED, networkId="MAIS_NET_TELECOM_5.8G", metered=false, defaultNetwork=true}]]
02-21 16:01:42.583   822   964 W NetworkStatsRecorder: unknown interfaces [lo], ignoring those stats
02-21 16:01:42.583   822   964 I NetworkStatsRecorder: recordSnapshotLocked: ident[[{type=WIFI, subType=COMBINED, networkId="MAIS_NET_TELECOM_5.8G", metered=false, defaultNetwork=true}]]
02-21 16:01:42.583   822   964 W NetworkStatsRecorder: unknown interfaces [lo], ignoring those stats
02-21 16:01:42.583   822   964 I NetworkStatsRecorder: recordSnapshotLocked: ident[[{type=WIFI, subType=COMBINED, networkId="MAIS_NET_TELECOM_5.8G", metered=false, defaultNetwork=true}]]
02-21 16:01:42.583   822   964 W NetworkStatsRecorder: unknown interfaces [lo], ignoring those stats
02-21 16:01:42.583   822   964 W NetworkStatsRecorder: unknown interfaces [lo], ignoring those stats
02-21 16:01:42.819   822   964 I NetworkStatsRecorder: recordSnapshotLocked: ident[[{type=WIFI, subType=COMBINED, networkId="MAIS_NET_TELECOM_5.8G", metered=false, defaultNetwork=true}]]
02-21 16:01:42.820   822   964 W NetworkStatsRecorder: unknown interfaces [lo], ignoring those stats
02-21 16:01:42.820   822   964 I NetworkStatsRecorder: recordSnapshotLocked: ident[[{type=WIFI, subType=COMBINED, networkId="MAIS_NET_TELECOM_5.8G", metered=false, defaultNetwork=true}]]
02-21 16:01:42.820   822   964 W NetworkStatsRecorder: unknown interfaces [lo], ignoring those stats
02-21 16:01:42.820   822   964 I NetworkStatsRecorder: recordSnapshotLocked: ident[[{type=WIFI, subType=COMBINED, networkId="MAIS_NET_TELECOM_5.8G", metered=false, defaultNetwork=true}]]
02-21 16:01:42.820   822   964 W NetworkStatsRecorder: unknown interfaces [lo], ignoring those stats
02-21 16:01:42.820   822   964 W NetworkStatsRecorder: unknown interfaces [lo], ignoring those stats
02-21 16:01:43.091   822   964 I NetworkStatsRecorder: recordSnapshotLocked: ident[[{type=WIFI, subType=COMBINED, networkId="MAIS_NET_TELECOM_5.8G", metered=false, defaultNetwork=true}]]
02-21 16:01:43.092   822   964 W NetworkStatsRecorder: unknown interfaces [lo], ignoring those stats
02-21 16:01:43.092   822   964 I NetworkStatsRecorder: recordSnapshotLocked: ident[[{type=WIFI, subType=COMBINED, networkId="MAIS_NET_TELECOM_5.8G", metered=false, defaultNetwork=true}]]
02-21 16:01:43.092   822   964 W NetworkStatsRecorder: unknown interfaces [lo], ignoring those stats
02-21 16:01:43.092   822   964 I NetworkStatsRecorder: recordSnapshotLocked: ident[[{type=WIFI, subType=COMBINED, networkId="MAIS_NET_TELECOM_5.8G", metered=false, defaultNetwork=true}]]
02-21 16:01:43.093   822   964 W NetworkStatsRecorder: unknown interfaces [lo], ignoring those stats
02-21 16:01:43.093   822   964 W NetworkStatsRecorder: unknown interfaces [lo], ignoring those stats
02-21 16:01:43.498   822   964 I NetworkStatsRecorder: recordSnapshotLocked: ident[[{type=WIFI, subType=COMBINED, networkId="MAIS_NET_TELECOM_5.8G", metered=false, defaultNetwork=true}]]
02-21 16:01:43.499   822   964 W NetworkStatsRecorder: unknown interfaces [lo], ignoring those stats
02-21 16:01:43.499   822   964 I NetworkStatsRecorder: recordSnapshotLocked: ident[[{type=WIFI, subType=COMBINED, networkId="MAIS_NET_TELECOM_5.8G", metered=false, defaultNetwork=true}]]
02-21 16:01:43.499   822   964 W NetworkStatsRecorder: unknown interfaces [lo], ignoring those stats
02-21 16:01:43.499   822   964 I NetworkStatsRecorder: recordSnapshotLocked: ident[[{type=WIFI, subType=COMBINED, networkId="MAIS_NET_TELECOM_5.8G", metered=false, defaultNetwork=true}]]
02-21 16:01:43.499   822   964 W NetworkStatsRecorder: unknown interfaces [lo], ignoring those stats
02-21 16:01:43.499   822   964 W NetworkStatsRecorder: unknown interfaces [lo], ignoring those stats
02-21 16:01:43.744   822  2544 I ActivityManager: START u0 {act=android.intent.action.VIEW dat=content://com.anonymous.sortepremiada.FileSystemFileProvider/expo_files/update.apk typ=application/vnd.android.package-archive flg=0x1 cmp=com.android.packageinstaller/.InstallStart} from uid 10062
02-21 16:01:43.761   822   901 I WindowManager: Focus moving from Window{475d7c4 u0 com.anonymous.sortepremiada/com.anonymous.sortepremiada.MainActivity} to null
02-21 16:01:43.781   822   961 I ActivityManager: START u0 {act=android.intent.action.VIEW dat=content://com.anonymous.sortepremiada.FileSystemFileProvider/expo_files/update.apk typ=application/vnd.android.package-archive flg=0x2000000 cmp=com.android.packageinstaller/.InstallStaging (has extras)} from uid 10033
02-21 16:01:43.840   822   961 I WindowManager: Relayout Window{15e6de u0 com.android.packageinstaller/com.android.packageinstaller.InstallStaging}: oldVis=4 newVis=0 focusMayChange = true
02-21 16:01:43.849   822   901 I WindowManager: Focus moving from null to Window{15e6de u0 com.android.packageinstaller/com.android.packageinstaller.InstallStaging}
02-21 16:01:44.897   822   961 I ActivityManager: START u0 {act=android.intent.action.VIEW dat=file:///data/user_de/0/com.android.packageinstaller/no_backup/package3664358865310582678.apk flg=0x2010000 cmp=com.android.packageinstaller/.DeleteStagedFileOnResult (has extras)} from uid 10033
02-21 16:01:44.916   822   901 I WindowManager: Focus moving from Window{15e6de u0 com.android.packageinstaller/com.android.packageinstaller.InstallStaging} to null
02-21 16:01:44.927   822  6314 I ActivityManager: START u0 {act=android.intent.action.VIEW dat=file:///data/user_de/0/com.android.packageinstaller/no_backup/package3664358865310582678.apk flg=0x10000 cmp=com.android.packageinstaller/.PackageInstallerActivity (has extras)} from uid 10033
02-21 16:01:44.959   822  6314 I WindowManager: Relayout Window{b7cb666 u0 com.android.packageinstaller/com.android.packageinstaller.DeleteStagedFileOnResult}: oldVis=4 newVis=0 focusMayChange = true
02-21 16:01:44.987 22337 22337 W PackageParser: Unknown element under <manifest>: queries at /data/user_de/0/com.android.packageinstaller/no_backup/package3664358865310582678.apk Binary XML file line #26
02-21 16:01:45.066   822  6314 I WindowManager: Relayout Window{bf205fd u0 com.android.packageinstaller/com.android.packageinstaller.PackageInstallerActivity}: oldVis=4 newVis=0 focusMayChange = true
02-21 16:01:45.071   822   901 I WindowManager: Focus moving from null to Window{bf205fd u0 com.android.packageinstaller/com.android.packageinstaller.PackageInstallerActivity}
02-21 16:01:46.212   822  2544 I ActivityManager: START u0 {dat=file:///data/user_de/0/com.android.packageinstaller/no_backup/package3664358865310582678.apk flg=0x2000000 cmp=com.android.packageinstaller/.InstallInstalling (has extras)} from uid 10033
02-21 16:01:46.238   822   901 I WindowManager: Focus moving from Window{bf205fd u0 com.android.packageinstaller/com.android.packageinstaller.PackageInstallerActivity} to null
02-21 16:01:46.329   822  6314 I WindowManager: Relayout Window{15020ee u0 com.android.packageinstaller/com.android.packageinstaller.InstallInstalling}: oldVis=4 newVis=0 focusMayChange = true
02-21 16:01:46.335   822   901 I WindowManager: Focus moving from null to Window{15020ee u0 com.android.packageinstaller/com.android.packageinstaller.InstallInstalling}
02-21 16:01:48.767 27009 27989 W PackageParser: Unknown element under <manifest>: queries at /data/app/vmdl455515274.tmp/base.apk Binary XML file line #26
02-21 16:01:50.753   822  1636 I ActivityManager: START u0 {flg=0x10000000 cmp=com.android.vending/com.google.android.finsky.protectdialogs.activity.PlayProtectDialogsActivity (has extras)} from uid 10021
02-21 16:01:50.786   822   901 I WindowManager: Focus moving from Window{15020ee u0 com.android.packageinstaller/com.android.packageinstaller.InstallInstalling} to null
02-21 16:01:51.053   822   901 I WindowManager: Focus moving from null to Window{ef30112 u0 com.android.vending/com.google.android.finsky.protectdialogs.activity.PlayProtectDialogsActivity}
02-21 16:01:51.058   822  1636 I WindowManager: Relayout Window{364fb74 u0 com.android.vending/com.google.android.finsky.protectdialogs.activity.PlayProtectDialogsActivity}: oldVis=4 newVis=0 focusMayChange = true
02-21 16:02:04.009   822   910 W PackageManager: Invalid verification token 8 received
02-21 16:02:07.462   822   964 I NetworkStatsRecorder: recordSnapshotLocked: ident[[{type=WIFI, subType=COMBINED, networkId="MAIS_NET_TELECOM_5.8G", metered=false, defaultNetwork=true}]]
02-21 16:02:07.462   822   964 W NetworkStatsRecorder: unknown interfaces [lo], ignoring those stats
02-21 16:02:07.462   822   964 I NetworkStatsRecorder: recordSnapshotLocked: ident[[{type=WIFI, subType=COMBINED, networkId="MAIS_NET_TELECOM_5.8G", metered=false, defaultNetwork=true}]]
02-21 16:02:07.462   822   964 W NetworkStatsRecorder: unknown interfaces [lo], ignoring those stats
02-21 16:02:07.462   822   964 I NetworkStatsRecorder: recordSnapshotLocked: ident[[{type=WIFI, subType=COMBINED, networkId="MAIS_NET_TELECOM_5.8G", metered=false, defaultNetwork=true}]]
02-21 16:02:07.463   822   964 I chatty  : uid=1000(system) NetworkStats identical 5 lines
02-21 16:02:07.463   822   964 I NetworkStatsRecorder: recordSnapshotLocked: ident[[{type=WIFI, subType=COMBINED, networkId="MAIS_NET_TELECOM_5.8G", metered=false, defaultNetwork=true}]]
02-21 16:02:07.463   822   964 W NetworkStatsRecorder: unknown interfaces [lo], ignoring those stats
02-21 16:02:07.463   822   964 I NetworkStatsRecorder: recordSnapshotLocked: ident[[{type=WIFI, subType=COMBINED, networkId="MAIS_NET_TELECOM_5.8G", metered=false, defaultNetwork=true}]]
02-21 16:02:07.463   822   964 W NetworkStatsRecorder: unknown interfaces [lo], ignoring those stats
02-21 16:02:09.168   822   964 I NetworkStatsRecorder: recordSnapshotLocked: ident[[{type=WIFI, subType=COMBINED, networkId="MAIS_NET_TELECOM_5.8G", metered=false, defaultNetwork=true}]]
02-21 16:02:09.168   822   964 W NetworkStatsRecorder: unknown interfaces [lo], ignoring those stats
02-21 16:02:09.168   822   964 I NetworkStatsRecorder: recordSnapshotLocked: ident[[{type=WIFI, subType=COMBINED, networkId="MAIS_NET_TELECOM_5.8G", metered=false, defaultNetwork=true}]]
02-21 16:02:09.168   822   964 W NetworkStatsRecorder: unknown interfaces [lo], ignoring those stats
02-21 16:02:09.168   822   964 I NetworkStatsRecorder: recordSnapshotLocked: ident[[{type=WIFI, subType=COMBINED, networkId="MAIS_NET_TELECOM_5.8G", metered=false, defaultNetwork=true}]]
02-21 16:02:09.168   822   964 W NetworkStatsRecorder: unknown interfaces [lo], ignoring those stats
02-21 16:02:09.168   822   964 W NetworkStatsRecorder: unknown interfaces [lo], ignoring those stats
02-21 16:02:11.092   822   964 I NetworkStatsRecorder: recordSnapshotLocked: ident[[{type=WIFI, subType=COMBINED, networkId="MAIS_NET_TELECOM_5.8G", metered=false, defaultNetwork=true}]]
02-21 16:02:11.092   822   964 W NetworkStatsRecorder: unknown interfaces [lo], ignoring those stats
02-21 16:02:11.092   822   964 I NetworkStatsRecorder: recordSnapshotLocked: ident[[{type=WIFI, subType=COMBINED, networkId="MAIS_NET_TELECOM_5.8G", metered=false, defaultNetwork=true}]]
02-21 16:02:11.092   822   964 W NetworkStatsRecorder: unknown interfaces [lo], ignoring those stats
02-21 16:02:11.093   822   964 I NetworkStatsRecorder: recordSnapshotLocked: ident[[{type=WIFI, subType=COMBINED, networkId="MAIS_NET_TELECOM_5.8G", metered=false, defaultNetwork=true}]]
02-21 16:02:11.093   822   964 I NetworkStatsRecorder: recordSnapshotLocked: ident[[{type=WIFI, subType=COMBINED, networkId="MAIS_NET_TELECOM_5.8G", metered=false, defaultNetwork=true}]]
02-21 16:02:11.093   822   964 W NetworkStatsRecorder: unknown interfaces [lo], ignoring those stats
02-21 16:02:11.093   822   964 W NetworkStatsRecorder: unknown interfaces [lo], ignoring those stats
02-21 16:02:11.173   489   523 E storaged: getDiskStats failed with result NOT_SUPPORTED and size 0
02-21 16:02:12.744   822   964 I NetworkStatsRecorder: recordSnapshotLocked: ident[[{type=WIFI, subType=COMBINED, networkId="MAIS_NET_TELECOM_5.8G", metered=false, defaultNetwork=true}]]
02-21 16:02:12.744   822   964 W NetworkStatsRecorder: unknown interfaces [lo], ignoring those stats
02-21 16:02:12.745   822   964 I NetworkStatsRecorder: recordSnapshotLocked: ident[[{type=WIFI, subType=COMBINED, networkId="MAIS_NET_TELECOM_5.8G", metered=false, defaultNetwork=true}]]
02-21 16:02:12.745   822   964 W NetworkStatsRecorder: unknown interfaces [lo], ignoring those stats
02-21 16:02:12.745   822   964 I NetworkStatsRecorder: recordSnapshotLocked: ident[[{type=WIFI, subType=COMBINED, networkId="MAIS_NET_TELECOM_5.8G", metered=false, defaultNetwork=true}]]
02-21 16:02:12.745   822   964 W NetworkStatsRecorder: unknown interfaces [lo], ignoring those stats
02-21 16:02:12.745   822   964 W NetworkStatsRecorder: unknown interfaces [lo], ignoring those stats
02-21 16:02:14.549   822   964 I NetworkStatsRecorder: recordSnapshotLocked: ident[[{type=WIFI, subType=COMBINED, networkId="MAIS_NET_TELECOM_5.8G", metered=false, defaultNetwork=true}]]
02-21 16:02:14.550   822   964 W NetworkStatsRecorder: unknown interfaces [lo], ignoring those stats
02-21 16:02:14.550   822   964 I NetworkStatsRecorder: recordSnapshotLocked: ident[[{type=WIFI, subType=COMBINED, networkId="MAIS_NET_TELECOM_5.8G", metered=false, defaultNetwork=true}]]
02-21 16:02:14.550   822   964 W NetworkStatsRecorder: unknown interfaces [lo], ignoring those stats
02-21 16:02:14.550   822   964 I NetworkStatsRecorder: recordSnapshotLocked: ident[[{type=WIFI, subType=COMBINED, networkId="MAIS_NET_TELECOM_5.8G", metered=false, defaultNetwork=true}]]
02-21 16:02:14.550   822   964 I NetworkStatsRecorder: recordSnapshotLocked: ident[[{type=WIFI, subType=COMBINED, networkId="MAIS_NET_TELECOM_5.8G", metered=false, defaultNetwork=true}]]
02-21 16:02:14.550   822   964 W NetworkStatsRecorder: unknown interfaces [lo], ignoring those stats
02-21 16:02:14.551   822   964 W NetworkStatsRecorder: unknown interfaces [lo], ignoring those stats
02-21 16:02:16.405   822   964 I NetworkStatsRecorder: recordSnapshotLocked: ident[[{type=WIFI, subType=COMBINED, networkId="MAIS_NET_TELECOM_5.8G", metered=false, defaultNetwork=true}]]
02-21 16:02:16.405   822   964 W NetworkStatsRecorder: unknown interfaces [lo], ignoring those stats
02-21 16:02:16.405   822   964 I NetworkStatsRecorder: recordSnapshotLocked: ident[[{type=WIFI, subType=COMBINED, networkId="MAIS_NET_TELECOM_5.8G", metered=false, defaultNetwork=true}]]
02-21 16:02:16.405   822   964 W NetworkStatsRecorder: unknown interfaces [lo], ignoring those stats
02-21 16:02:16.405   822   964 I NetworkStatsRecorder: recordSnapshotLocked: ident[[{type=WIFI, subType=COMBINED, networkId="MAIS_NET_TELECOM_5.8G", metered=false, defaultNetwork=true}]]
02-21 16:02:16.406   822   964 W NetworkStatsRecorder: unknown interfaces [lo], ignoring those stats
02-21 16:02:16.406   822   964 W NetworkStatsRecorder: unknown interfaces [lo], ignoring those stats
