02-21 16:48:15.487 32368 32427 I ReactNativeJS: BLE Printer initialized
02-21 16:48:15.691 32368 32408 E GED     : Failed to get GED Log Buf, err(0)
02-21 16:48:15.707 32368 32428 W unknown:ReactNative: Attempt to set local data for view with unknown tag: -1
02-21 16:48:15.709 32368 32428 W unknown:ReactNative: Attempt to set local data for view with unknown tag: -1
02-21 16:48:15.710   366   366 I SurfaceFlinger: [Built-in Screen (type:0)] fps:24.869635,dur:1005.24,max:537.27,min:13.55
02-21 16:48:15.894   366  1278 I BufferQueueProducer: [com.anonymous.innobet/com.anonymous.innobet.MainActivity#0](this:0xae0ff000,id:791,api:1,p:32368,c:366) queueBuffer: fps=3.49 dur=1144.89 max=600.01 min=21.82
02-21 16:48:15.977   366   615 I BufferQueueProducer: [StatusBar#0](this:0xae1f3000,id:4,api:1,p:1009,c:366) queueBuffer: fps=14.90 dur=1006.48 max=747.40 min=3.62
02-21 16:48:16.047 32368 32427 W ReactNativeJS: `transform` unknown or invalid utility
02-21 16:48:16.094 32368 32427 I ReactNativeJS: '[Updater] Checking for updates at:', 'https://www.inforcomputer.com/Atualizacoes/InnoBet/version.json?t=1771703296094'
02-21 16:48:16.119 32368 32441 W onymous.innobe: Unknown chunk type '200'.
02-21 16:48:16.124 32368 32441 I WebViewFactory: Loading com.google.android.webview version 138.0.7204.179 (code 720417900)
02-21 16:48:16.125 32368 32441 W onymous.innobe: Unknown chunk type '200'.
02-21 16:48:16.169   366   615 I BufferQueue: [unnamed-366-792](this:0xae90b000,id:792,api:0,p:-1,c:-1) BufferQueue core=(366:/system/bin/surfaceflinger)
02-21 16:48:16.169   366   615 I BufferQueueConsumer: [unnamed-366-792](this:0xae90b000,id:792,api:0,p:-1,c:366) connect(C): consumer=(366:/system/bin/surfaceflinger) controlledByApp=false
02-21 16:48:16.169   366   615 I BufferQueueConsumer: [unnamed-366-792](this:0xae90b000,id:792,api:0,p:-1,c:366) setConsumerName: unnamed-366-792
02-21 16:48:16.169   366   615 I BufferQueueConsumer: [com.anonymous.innobet/com.anonymous.innobet.MainActivity#1](this:0xae90b000,id:792,api:0,p:-1,c:366) setConsumerName: com.anonymous.innobet/com.anonymous.innobet.MainActivity#1
02-21 16:48:16.169   366   615 I BufferQueueConsumer: [com.anonymous.innobet/com.anonymous.innobet.MainActivity#1](this:0xae90b000,id:792,api:0,p:-1,c:366) setDefaultBufferSize: width=720 height=1440
02-21 16:48:16.172   822   901 I WindowManager: Focus moving from Window{eb2e191 u0 com.anonymous.innobet/com.anonymous.innobet.MainActivity} to Window{6131f39 u0 com.anonymous.innobet/com.anonymous.innobet.MainActivity}
02-21 16:48:16.173   366  1278 I BufferQueueProducer: [com.anonymous.innobet/com.anonymous.innobet.MainActivity#1](this:0xae90b000,id:792,api:1,p:32368,c:366) connect(P): api=1 producer=(32368:com.anonymous.innobet) producerControlledByApp=true
02-21 16:48:16.183 32368 32441 I onymous.innobe: Rejecting re-init on previously-failed class java.lang.Class<WV.AM>: java.lang.NoClassDefFoundError: Failed resolution of: Landroid/webkit/PacProcessor;
02-21 16:48:16.184 32368 32441 I onymous.innobe:   at java.lang.Class java.lang.Class.classForName(java.lang.String, boolean, java.lang.ClassLoader) (Class.java:-2)
02-21 16:48:16.184 32368 32441 I onymous.innobe:   at java.lang.Class java.lang.Class.forName(java.lang.String, boolean, java.lang.ClassLoader) (Class.java:453)
02-21 16:48:16.184 32368 32441 I onymous.innobe:   at java.lang.Class android.webkit.WebViewFactory.getWebViewProviderClass(java.lang.ClassLoader) (WebViewFactory.java:176)
02-21 16:48:16.184 32368 32441 I onymous.innobe:   at java.lang.Class android.webkit.WebViewFactory.getProviderClass() (WebViewFactory.java:459)
02-21 16:48:16.184 32368 32441 I onymous.innobe:   at android.webkit.WebViewFactoryProvider android.webkit.WebViewFactory.getProvider() (WebViewFactory.java:251)
02-21 16:48:16.184 32368 32441 I onymous.innobe:   at android.webkit.CookieManager android.webkit.CookieManager.getInstance() (CookieManager.java:40)
02-21 16:48:16.184 32368 32441 I onymous.innobe:   at android.webkit.CookieManager com.facebook.react.modules.network.ForwardingCookieHandler.getCookieManager() (ForwardingCookieHandler.java:102)
02-21 16:48:16.184 32368 32441 I onymous.innobe:   at java.util.Map com.facebook.react.modules.network.ForwardingCookieHandler.get(java.net.URI, java.util.Map) (ForwardingCookieHandler.java:43)
02-21 16:48:16.184 32368 32441 I onymous.innobe:   at java.util.List okhttp3.JavaNetCookieJar.loadForRequest(okhttp3.HttpUrl) (JavaNetCookieJar.kt:47)
02-21 16:48:16.184 32368 32441 I onymous.innobe:   at java.util.List com.facebook.react.modules.network.ReactCookieJarContainer.loadForRequest(okhttp3.HttpUrl) (ReactCookieJarContainer.java:44)
02-21 16:48:16.184 32368 32441 I onymous.innobe:   at okhttp3.Response okhttp3.internal.http.BridgeInterceptor.intercept(okhttp3.Interceptor$Chain) (BridgeInterceptor.kt:74)
02-21 16:48:16.184 32368 32441 I onymous.innobe:   at okhttp3.Response okhttp3.internal.http.RealInterceptorChain.proceed(okhttp3.Request) (RealInterceptorChain.kt:109)
02-21 16:48:16.184 32368 32441 I onymous.innobe:   at okhttp3.Response okhttp3.internal.http.RetryAndFollowUpInterceptor.intercept(okhttp3.Interceptor$Chain) (RetryAndFollowUpInterceptor.kt:76)
02-21 16:48:16.184 32368 32441 I onymous.innobe:   at okhttp3.Response okhttp3.internal.http.RealInterceptorChain.proceed(okhttp3.Request) (RealInterceptorChain.kt:109)
02-21 16:48:16.184 32368 32441 I onymous.innobe:   at okhttp3.Response okhttp3.internal.connection.RealCall.getResponseWithInterceptorChain$okhttp() (RealCall.kt:201)
02-21 16:48:16.184 32368 32441 I onymous.innobe:   at void okhttp3.internal.connection.RealCall$AsyncCall.run() (RealCall.kt:517)
02-21 16:48:16.184 32368 32441 I onymous.innobe:   at void java.util.concurrent.ThreadPoolExecutor.runWorker(java.util.concurrent.ThreadPoolExecutor$Worker) (ThreadPoolExecutor.java:1167)
02-21 16:48:16.184 32368 32441 I onymous.innobe:   at void java.util.concurrent.ThreadPoolExecutor$Worker.run() (ThreadPoolExecutor.java:641)
02-21 16:48:16.184 32368 32441 I onymous.innobe:   at void java.lang.Thread.run() (Thread.java:764)
02-21 16:48:16.184 32368 32441 I onymous.innobe: Caused by: java.lang.ClassNotFoundException: Didn't find class "android.webkit.PacProcessor" on path: DexPathList[[zip file "/data/app/com.google.android.webview-5Qheia9dr00Xpw0tBcysAQ==/base.apk"],nativeLibraryDirectories=[/data/app/com.google.android.webview-5Qheia9dr00Xpw0tBcysAQ==/lib/arm, /data/app/com.google.android.webview-5Qheia9dr00Xpw0tBcysAQ==/base.apk!/lib/armeabi-v7a, /system/lib]]
02-21 16:48:16.184 32368 32441 I onymous.innobe:   at java.lang.Class dalvik.system.BaseDexClassLoader.findClass(java.lang.String) (BaseDexClassLoader.java:134)
02-21 16:48:16.184 32368 32441 I onymous.innobe:   at java.lang.Class java.lang.ClassLoader.loadClass(java.lang.String, boolean) (ClassLoader.java:379)
02-21 16:48:16.184 32368 32441 I onymous.innobe:   at java.lang.Class java.lang.ClassLoader.loadClass(java.lang.String) (ClassLoader.java:312)
02-21 16:48:16.184 32368 32441 I onymous.innobe:   at java.lang.Class java.lang.Class.classForName(java.lang.String, boolean, java.lang.ClassLoader) (Class.java:-2)
02-21 16:48:16.184 32368 32441 I onymous.innobe:   at java.lang.Class java.lang.Class.forName(java.lang.String, boolean, java.lang.ClassLoader) (Class.java:453)
02-21 16:48:16.184 32368 32441 I onymous.innobe:   at java.lang.Class android.webkit.WebViewFactory.getWebViewProviderClass(java.lang.ClassLoader) (WebViewFactory.java:176)
02-21 16:48:16.184 32368 32441 I onymous.innobe:   at java.lang.Class android.webkit.WebViewFactory.getProviderClass() (WebViewFactory.java:459)
02-21 16:48:16.184 32368 32441 I onymous.innobe:   at android.webkit.WebViewFactoryProvider android.webkit.WebViewFactory.getProvider() (WebViewFactory.java:251)
02-21 16:48:16.184 32368 32441 I onymous.innobe:   at android.webkit.CookieManager android.webkit.CookieManager.getInstance() (CookieManager.java:40)
02-21 16:48:16.184 32368 32441 I onymous.innobe:   at android.webkit.CookieManager com.facebook.react.modules.network.ForwardingCookieHandler.getCookieManager() (ForwardingCookieHandler.java:102)
02-21 16:48:16.184 32368 32441 I onymous.innobe:   at java.util.Map com.facebook.react.modules.network.ForwardingCookieHandler.get(java.net.URI, java.util.Map) (ForwardingCookieHandler.java:43)
02-21 16:48:16.184 32368 32441 I onymous.innobe:   at java.util.List okhttp3.JavaNetCookieJar.loadForRequest(okhttp3.HttpUrl) (JavaNetCookieJar.kt:47)
02-21 16:48:16.184 32368 32441 I onymous.innobe:   at java.util.List com.facebook.react.modules.network.ReactCookieJarContainer.loadForRequest(okhttp3.HttpUrl) (ReactCookieJarContainer.java:44)
02-21 16:48:16.184 32368 32441 I onymous.innobe:   at okhttp3.Response okhttp3.internal.http.BridgeInterceptor.intercept(okhttp3.Interceptor$Chain) (BridgeInterceptor.kt:74)
02-21 16:48:16.184 32368 32441 I onymous.innobe:   at okhttp3.Response okhttp3.internal.http.RealInterceptorChain.proceed(okhttp3.Request) (RealInterceptorChain.kt:109)
02-21 16:48:16.184 32368 32441 I onymous.innobe:   at okhttp3.Response okhttp3.internal.http.RetryAndFollowUpInterceptor.intercept(okhttp3.Interceptor$Chain) (RetryAndFollowUpInterceptor.kt:76)
02-21 16:48:16.184 32368 32441 I onymous.innobe:   at okhttp3.Response okhttp3.internal.http.RealInterceptorChain.proceed(okhttp3.Request) (RealInterceptorChain.kt:109)
02-21 16:48:16.184 32368 32441 I onymous.innobe:   at okhttp3.Response okhttp3.internal.connection.RealCall.getResponseWithInterceptorChain$okhttp() (RealCall.kt:201)
02-21 16:48:16.184 32368 32441 I onymous.innobe:   at void okhttp3.internal.connection.RealCall$AsyncCall.run() (RealCall.kt:517)
02-21 16:48:16.184 32368 32441 I onymous.innobe:   at void java.util.concurrent.ThreadPoolExecutor.runWorker(java.util.concurrent.ThreadPoolExecutor$Worker) (ThreadPoolExecutor.java:1167)
02-21 16:48:16.184 32368 32441 I onymous.innobe:   at void java.util.concurrent.ThreadPoolExecutor$Worker.run() (ThreadPoolExecutor.java:641)
02-21 16:48:16.184 32368 32441 I onymous.innobe:   at void java.lang.Thread.run() (Thread.java:764)
02-21 16:48:16.184 32368 32441 I onymous.innobe: 
02-21 16:48:16.185 32368 32441 I onymous.innobe: Rejecting re-init on previously-failed class java.lang.Class<WV.AM>: java.lang.NoClassDefFoundError: Failed resolution of: Landroid/webkit/PacProcessor;
02-21 16:48:16.185 32368 32441 I onymous.innobe:   at java.lang.Class java.lang.Class.classForName(java.lang.String, boolean, java.lang.ClassLoader) (Class.java:-2)
02-21 16:48:16.185 32368 32441 I onymous.innobe:   at java.lang.Class java.lang.Class.forName(java.lang.String, boolean, java.lang.ClassLoader) (Class.java:453)
02-21 16:48:16.185 32368 32441 I onymous.innobe:   at java.lang.Class android.webkit.WebViewFactory.getWebViewProviderClass(java.lang.ClassLoader) (WebViewFactory.java:176)
02-21 16:48:16.185 32368 32441 I onymous.innobe:   at java.lang.Class android.webkit.WebViewFactory.getProviderClass() (WebViewFactory.java:459)
02-21 16:48:16.185 32368 32441 I onymous.innobe:   at android.webkit.WebViewFactoryProvider android.webkit.WebViewFactory.getProvider() (WebViewFactory.java:251)
02-21 16:48:16.185 32368 32441 I onymous.innobe:   at android.webkit.CookieManager android.webkit.CookieManager.getInstance() (CookieManager.java:40)
02-21 16:48:16.185 32368 32441 I onymous.innobe:   at android.webkit.CookieManager com.facebook.react.modules.network.ForwardingCookieHandler.getCookieManager() (ForwardingCookieHandler.java:102)
02-21 16:48:16.185 32368 32441 I onymous.innobe:   at java.util.Map com.facebook.react.modules.network.ForwardingCookieHandler.get(java.net.URI, java.util.Map) (ForwardingCookieHandler.java:43)
02-21 16:48:16.185 32368 32441 I onymous.innobe:   at java.util.List okhttp3.JavaNetCookieJar.loadForRequest(okhttp3.HttpUrl) (JavaNetCookieJar.kt:47)
02-21 16:48:16.185 32368 32441 I onymous.innobe:   at java.util.List com.facebook.react.modules.network.ReactCookieJarContainer.loadForRequest(okhttp3.HttpUrl) (ReactCookieJarContainer.java:44)
02-21 16:48:16.185 32368 32441 I onymous.innobe:   at okhttp3.Response okhttp3.internal.http.BridgeInterceptor.intercept(okhttp3.Interceptor$Chain) (BridgeInterceptor.kt:74)
02-21 16:48:16.185 32368 32441 I onymous.innobe:   at okhttp3.Response okhttp3.internal.http.RealInterceptorChain.proceed(okhttp3.Request) (RealInterceptorChain.kt:109)
02-21 16:48:16.185 32368 32441 I onymous.innobe:   at okhttp3.Response okhttp3.internal.http.RetryAndFollowUpInterceptor.intercept(okhttp3.Interceptor$Chain) (RetryAndFollowUpInterceptor.kt:76)
02-21 16:48:16.185 32368 32441 I onymous.innobe:   at okhttp3.Response okhttp3.internal.http.RealInterceptorChain.proceed(okhttp3.Request) (RealInterceptorChain.kt:109)
02-21 16:48:16.185 32368 32441 I onymous.innobe:   at okhttp3.Response okhttp3.internal.connection.RealCall.getResponseWithInterceptorChain$okhttp() (RealCall.kt:201)
02-21 16:48:16.185 32368 32441 I onymous.innobe:   at void okhttp3.internal.connection.RealCall$AsyncCall.run() (RealCall.kt:517)
02-21 16:48:16.185 32368 32441 I onymous.innobe:   at void java.util.concurrent.ThreadPoolExecutor.runWorker(java.util.concurrent.ThreadPoolExecutor$Worker) (ThreadPoolExecutor.java:1167)
02-21 16:48:16.185 32368 32441 I onymous.innobe:   at void java.util.concurrent.ThreadPoolExecutor$Worker.run() (ThreadPoolExecutor.java:641)
02-21 16:48:16.185 32368 32441 I onymous.innobe:   at void java.lang.Thread.run() (Thread.java:764)
02-21 16:48:16.185 32368 32441 I onymous.innobe: Caused by: java.lang.ClassNotFoundException: Didn't find class "android.webkit.PacProcessor" on path: DexPathList[[zip file "/data/app/com.google.android.webview-5Qheia9dr00Xpw0tBcysAQ==/base.apk"],nativeLibraryDirectories=[/data/app/com.google.android.webview-5Qheia9dr00Xpw0tBcysAQ==/lib/arm, /data/app/com.google.android.webview-5Qheia9dr00Xpw0tBcysAQ==/base.apk!/lib/armeabi-v7a, /system/lib]]
02-21 16:48:16.185 32368 32441 I onymous.innobe:   at java.lang.Class dalvik.system.BaseDexClassLoader.findClass(java.lang.String) (BaseDexClassLoader.java:134)
02-21 16:48:16.185 32368 32441 I onymous.innobe:   at java.lang.Class java.lang.ClassLoader.loadClass(java.lang.String, boolean) (ClassLoader.java:379)
02-21 16:48:16.185 32368 32441 I onymous.innobe:   at java.lang.Class java.lang.ClassLoader.loadClass(java.lang.String) (ClassLoader.java:312)
02-21 16:48:16.185 32368 32441 I onymous.innobe:   at java.lang.Class java.lang.Class.classForName(java.lang.String, boolean, java.lang.ClassLoader) (Class.java:-2)
02-21 16:48:16.185 32368 32441 I onymous.innobe:   at java.lang.Class java.lang.Class.forName(java.lang.String, boolean, java.lang.ClassLoader) (Class.java:453)
02-21 16:48:16.185 32368 32441 I onymous.innobe:   at java.lang.Class android.webkit.WebViewFactory.getWebViewProviderClass(java.lang.ClassLoader) (WebViewFactory.java:176)
02-21 16:48:16.185 32368 32441 I onymous.innobe:   at java.lang.Class android.webkit.WebViewFactory.getProviderClass() (WebViewFactory.java:459)
02-21 16:48:16.185 32368 32441 I onymous.innobe:   at android.webkit.WebViewFactoryProvider android.webkit.WebViewFactory.getProvider() (WebViewFactory.java:251)
02-21 16:48:16.185 32368 32441 I onymous.innobe:   at android.webkit.CookieManager android.webkit.CookieManager.getInstance() (CookieManager.java:40)
02-21 16:48:16.185 32368 32441 I onymous.innobe:   at android.webkit.CookieManager com.facebook.react.modules.network.ForwardingCookieHandler.getCookieManager() (ForwardingCookieHandler.java:102)
02-21 16:48:16.185 32368 32441 I onymous.innobe:   at java.util.Map com.facebook.react.modules.network.ForwardingCookieHandler.get(java.net.URI, java.util.Map) (ForwardingCookieHandler.java:43)
02-21 16:48:16.185 32368 32441 I onymous.innobe:   at java.util.List okhttp3.JavaNetCookieJar.loadForRequest(okhttp3.HttpUrl) (JavaNetCookieJar.kt:47)
02-21 16:48:16.185 32368 32441 I onymous.innobe:   at java.util.List com.facebook.react.modules.network.ReactCookieJarContainer.loadForRequest(okhttp3.HttpUrl) (ReactCookieJarContainer.java:44)
02-21 16:48:16.185 32368 32441 I onymous.innobe:   at okhttp3.Response okhttp3.internal.http.BridgeInterceptor.intercept(okhttp3.Interceptor$Chain) (BridgeInterceptor.kt:74)
02-21 16:48:16.185 32368 32441 I onymous.innobe:   at okhttp3.Response okhttp3.internal.http.RealInterceptorChain.proceed(okhttp3.Request) (RealInterceptorChain.kt:109)
02-21 16:48:16.185 32368 32441 I onymous.innobe:   at okhttp3.Response okhttp3.internal.http.RetryAndFollowUpInterceptor.intercept(okhttp3.Interceptor$Chain) (RetryAndFollowUpInterceptor.kt:76)
02-21 16:48:16.185 32368 32441 I onymous.innobe:   at okhttp3.Response okhttp3.internal.http.RealInterceptorChain.proceed(okhttp3.Request) (RealInterceptorChain.kt:109)
02-21 16:48:16.185 32368 32441 I onymous.innobe:   at okhttp3.Response okhttp3.internal.connection.RealCall.getResponseWithInterceptorChain$okhttp() (RealCall.kt:201)
02-21 16:48:16.185 32368 32441 I onymous.innobe:   at void okhttp3.internal.connection.RealCall$AsyncCall.run() (RealCall.kt:517)
02-21 16:48:16.185 32368 32441 I onymous.innobe:   at void java.util.concurrent.ThreadPoolExecutor.runWorker(java.util.concurrent.ThreadPoolExecutor$Worker) (ThreadPoolExecutor.java:1167)
02-21 16:48:16.185 32368 32441 I onymous.innobe:   at void java.util.concurrent.ThreadPoolExecutor$Worker.run() (ThreadPoolExecutor.java:641)
02-21 16:48:16.185 32368 32441 I onymous.innobe:   at void java.lang.Thread.run() (Thread.java:764)
02-21 16:48:16.185 32368 32441 I onymous.innobe: 
02-21 16:48:16.192 32368 32441 I onymous.innobe: Rejecting re-init on previously-failed class java.lang.Class<WV.AM>: java.lang.NoClassDefFoundError: Failed resolution of: Landroid/webkit/PacProcessor;
02-21 16:48:16.192 32368 32441 I onymous.innobe:   at java.lang.Class java.lang.Class.classForName(java.lang.String, boolean, java.lang.ClassLoader) (Class.java:-2)
02-21 16:48:16.192 32368 32441 I onymous.innobe:   at java.lang.Class java.lang.Class.forName(java.lang.String, boolean, java.lang.ClassLoader) (Class.java:453)
02-21 16:48:16.192 32368 32441 I onymous.innobe:   at java.lang.Class android.webkit.WebViewFactory.getWebViewProviderClass(java.lang.ClassLoader) (WebViewFactory.java:176)
02-21 16:48:16.192 32368 32441 I onymous.innobe:   at java.lang.Class android.webkit.WebViewFactory.getProviderClass() (WebViewFactory.java:459)
02-21 16:48:16.192 32368 32441 I onymous.innobe:   at android.webkit.WebViewFactoryProvider android.webkit.WebViewFactory.getProvider() (WebViewFactory.java:251)
02-21 16:48:16.192 32368 32441 I onymous.innobe:   at android.webkit.CookieManager android.webkit.CookieManager.getInstance() (CookieManager.java:40)
02-21 16:48:16.192 32368 32441 I onymous.innobe:   at android.webkit.CookieManager com.facebook.react.modules.network.ForwardingCookieHandler.getCookieManager() (ForwardingCookieHandler.java:102)
02-21 16:48:16.192 32368 32441 I onymous.innobe:   at java.util.Map com.facebook.react.modules.network.ForwardingCookieHandler.get(java.net.URI, java.util.Map) (ForwardingCookieHandler.java:43)
02-21 16:48:16.192 32368 32441 I onymous.innobe:   at java.util.List okhttp3.JavaNetCookieJar.loadForRequest(okhttp3.HttpUrl) (JavaNetCookieJar.kt:47)
02-21 16:48:16.192 32368 32441 I onymous.innobe:   at java.util.List com.facebook.react.modules.network.ReactCookieJarContainer.loadForRequest(okhttp3.HttpUrl) (ReactCookieJarContainer.java:44)
02-21 16:48:16.192 32368 32441 I onymous.innobe:   at okhttp3.Response okhttp3.internal.http.BridgeInterceptor.intercept(okhttp3.Interceptor$Chain) (BridgeInterceptor.kt:74)
02-21 16:48:16.192 32368 32441 I onymous.innobe:   at okhttp3.Response okhttp3.internal.http.RealInterceptorChain.proceed(okhttp3.Request) (RealInterceptorChain.kt:109)
02-21 16:48:16.192 32368 32441 I onymous.innobe:   at okhttp3.Response okhttp3.internal.http.RetryAndFollowUpInterceptor.intercept(okhttp3.Interceptor$Chain) (RetryAndFollowUpInterceptor.kt:76)
02-21 16:48:16.192 32368 32441 I onymous.innobe:   at okhttp3.Response okhttp3.internal.http.RealInterceptorChain.proceed(okhttp3.Request) (RealInterceptorChain.kt:109)
02-21 16:48:16.192 32368 32441 I onymous.innobe:   at okhttp3.Response okhttp3.internal.connection.RealCall.getResponseWithInterceptorChain$okhttp() (RealCall.kt:201)
02-21 16:48:16.192 32368 32441 I onymous.innobe:   at void okhttp3.internal.connection.RealCall$AsyncCall.run() (RealCall.kt:517)
02-21 16:48:16.192 32368 32441 I onymous.innobe:   at void java.util.concurrent.ThreadPoolExecutor.runWorker(java.util.concurrent.ThreadPoolExecutor$Worker) (ThreadPoolExecutor.java:1167)
02-21 16:48:16.192 32368 32441 I onymous.innobe:   at void java.util.concurrent.ThreadPoolExecutor$Worker.run() (ThreadPoolExecutor.java:641)
02-21 16:48:16.192 32368 32441 I onymous.innobe:   at void java.lang.Thread.run() (Thread.java:764)
02-21 16:48:16.192 32368 32441 I onymous.innobe: Caused by: java.lang.ClassNotFoundException: Didn't find class "android.webkit.PacProcessor" on path: DexPathList[[zip file "/data/app/com.google.android.webview-5Qheia9dr00Xpw0tBcysAQ==/base.apk"],nativeLibraryDirectories=[/data/app/com.google.android.webview-5Qheia9dr00Xpw0tBcysAQ==/lib/arm, /data/app/com.google.android.webview-5Qheia9dr00Xpw0tBcysAQ==/base.apk!/lib/armeabi-v7a, /system/lib]]
02-21 16:48:16.192 32368 32441 I onymous.innobe:   at java.lang.Class dalvik.system.BaseDexClassLoader.findClass(java.lang.String) (BaseDexClassLoader.java:134)
02-21 16:48:16.192 32368 32441 I onymous.innobe:   at java.lang.Class java.lang.ClassLoader.loadClass(java.lang.String, boolean) (ClassLoader.java:379)
02-21 16:48:16.192 32368 32441 I onymous.innobe:   at java.lang.Class java.lang.ClassLoader.loadClass(java.lang.String) (ClassLoader.java:312)
02-21 16:48:16.192 32368 32441 I onymous.innobe:   at java.lang.Class java.lang.Class.classForName(java.lang.String, boolean, java.lang.ClassLoader) (Class.java:-2)
02-21 16:48:16.192 32368 32441 I onymous.innobe:   at java.lang.Class java.lang.Class.forName(java.lang.String, boolean, java.lang.ClassLoader) (Class.java:453)
02-21 16:48:16.192 32368 32441 I onymous.innobe:   at java.lang.Class android.webkit.WebViewFactory.getWebViewProviderClass(java.lang.ClassLoader) (WebViewFactory.java:176)
02-21 16:48:16.192 32368 32441 I onymous.innobe:   at java.lang.Class android.webkit.WebViewFactory.getProviderClass() (WebViewFactory.java:459)
02-21 16:48:16.192 32368 32441 I onymous.innobe:   at android.webkit.WebViewFactoryProvider android.webkit.WebViewFactory.getProvider() (WebViewFactory.java:251)
02-21 16:48:16.192 32368 32441 I onymous.innobe:   at android.webkit.CookieManager android.webkit.CookieManager.getInstance() (CookieManager.java:40)
02-21 16:48:16.192 32368 32441 I onymous.innobe:   at android.webkit.CookieManager com.facebook.react.modules.network.ForwardingCookieHandler.getCookieManager() (ForwardingCookieHandler.java:102)
02-21 16:48:16.192 32368 32441 I onymous.innobe:   at java.util.Map com.facebook.react.modules.network.ForwardingCookieHandler.get(java.net.URI, java.util.Map) (ForwardingCookieHandler.java:43)
02-21 16:48:16.192 32368 32441 I onymous.innobe:   at java.util.List okhttp3.JavaNetCookieJar.loadForRequest(okhttp3.HttpUrl) (JavaNetCookieJar.kt:47)
02-21 16:48:16.192 32368 32441 I onymous.innobe:   at java.util.List com.facebook.react.modules.network.ReactCookieJarContainer.loadForRequest(okhttp3.HttpUrl) (ReactCookieJarContainer.java:44)
02-21 16:48:16.192 32368 32441 I onymous.innobe:   at okhttp3.Response okhttp3.internal.http.BridgeInterceptor.intercept(okhttp3.Interceptor$Chain) (BridgeInterceptor.kt:74)
02-21 16:48:16.192 32368 32441 I onymous.innobe:   at okhttp3.Response okhttp3.internal.http.RealInterceptorChain.proceed(okhttp3.Request) (RealInterceptorChain.kt:109)
02-21 16:48:16.192 32368 32441 I onymous.innobe:   at okhttp3.Response okhttp3.internal.http.RetryAndFollowUpInterceptor.intercept(okhttp3.Interceptor$Chain) (RetryAndFollowUpInterceptor.kt:76)
02-21 16:48:16.192 32368 32441 I onymous.innobe:   at okhttp3.Response okhttp3.internal.http.RealInterceptorChain.proceed(okhttp3.Request) (RealInterceptorChain.kt:109)
02-21 16:48:16.192 32368 32441 I onymous.innobe:   at okhttp3.Response okhttp3.internal.connection.RealCall.getResponseWithInterceptorChain$okhttp() (RealCall.kt:201)
02-21 16:48:16.192 32368 32441 I onymous.innobe:   at void okhttp3.internal.connection.RealCall$AsyncCall.run() (RealCall.kt:517)
02-21 16:48:16.192 32368 32441 I onymous.innobe:   at void java.util.concurrent.ThreadPoolExecutor.runWorker(java.util.concurrent.ThreadPoolExecutor$Worker) (ThreadPoolExecutor.java:1167)
02-21 16:48:16.192 32368 32441 I onymous.innobe:   at void java.util.concurrent.ThreadPoolExecutor$Worker.run() (ThreadPoolExecutor.java:641)
02-21 16:48:16.192 32368 32441 I onymous.innobe:   at void java.lang.Thread.run() (Thread.java:764)
02-21 16:48:16.192 32368 32441 I onymous.innobe: 
02-21 16:48:16.193 32368 32441 I onymous.innobe: Rejecting re-init on previously-failed class java.lang.Class<WV.AM>: java.lang.NoClassDefFoundError: Failed resolution of: Landroid/webkit/PacProcessor;
02-21 16:48:16.193 32368 32441 I onymous.innobe:   at java.lang.Class java.lang.Class.classForName(java.lang.String, boolean, java.lang.ClassLoader) (Class.java:-2)
02-21 16:48:16.193 32368 32441 I onymous.innobe:   at java.lang.Class java.lang.Class.forName(java.lang.String, boolean, java.lang.ClassLoader) (Class.java:453)
02-21 16:48:16.193 32368 32441 I onymous.innobe:   at java.lang.Class android.webkit.WebViewFactory.getWebViewProviderClass(java.lang.ClassLoader) (WebViewFactory.java:176)
02-21 16:48:16.193 32368 32441 I onymous.innobe:   at java.lang.Class android.webkit.WebViewFactory.getProviderClass() (WebViewFactory.java:459)
02-21 16:48:16.193 32368 32441 I onymous.innobe:   at android.webkit.WebViewFactoryProvider android.webkit.WebViewFactory.getProvider() (WebViewFactory.java:251)
02-21 16:48:16.193 32368 32441 I onymous.innobe:   at android.webkit.CookieManager android.webkit.CookieManager.getInstance() (CookieManager.java:40)
02-21 16:48:16.193 32368 32441 I onymous.innobe:   at android.webkit.CookieManager com.facebook.react.modules.network.ForwardingCookieHandler.getCookieManager() (ForwardingCookieHandler.java:102)
02-21 16:48:16.193 32368 32441 I onymous.innobe:   at java.util.Map com.facebook.react.modules.network.ForwardingCookieHandler.get(java.net.URI, java.util.Map) (ForwardingCookieHandler.java:43)
02-21 16:48:16.193 32368 32441 I onymous.innobe:   at java.util.List okhttp3.JavaNetCookieJar.loadForRequest(okhttp3.HttpUrl) (JavaNetCookieJar.kt:47)
02-21 16:48:16.193 32368 32441 I onymous.innobe:   at java.util.List com.facebook.react.modules.network.ReactCookieJarContainer.loadForRequest(okhttp3.HttpUrl) (ReactCookieJarContainer.java:44)
02-21 16:48:16.193 32368 32441 I onymous.innobe:   at okhttp3.Response okhttp3.internal.http.BridgeInterceptor.intercept(okhttp3.Interceptor$Chain) (BridgeInterceptor.kt:74)
02-21 16:48:16.193 32368 32441 I onymous.innobe:   at okhttp3.Response okhttp3.internal.http.RealInterceptorChain.proceed(okhttp3.Request) (RealInterceptorChain.kt:109)
02-21 16:48:16.193 32368 32441 I onymous.innobe:   at okhttp3.Response okhttp3.internal.http.RetryAndFollowUpInterceptor.intercept(okhttp3.Interceptor$Chain) (RetryAndFollowUpInterceptor.kt:76)
02-21 16:48:16.193 32368 32441 I onymous.innobe:   at okhttp3.Response okhttp3.internal.http.RealInterceptorChain.proceed(okhttp3.Request) (RealInterceptorChain.kt:109)
02-21 16:48:16.193 32368 32441 I onymous.innobe:   at okhttp3.Response okhttp3.internal.connection.RealCall.getResponseWithInterceptorChain$okhttp() (RealCall.kt:201)
02-21 16:48:16.193 32368 32441 I onymous.innobe:   at void okhttp3.internal.connection.RealCall$AsyncCall.run() (RealCall.kt:517)
02-21 16:48:16.193 32368 32441 I onymous.innobe:   at void java.util.concurrent.ThreadPoolExecutor.runWorker(java.util.concurrent.ThreadPoolExecutor$Worker) (ThreadPoolExecutor.java:1167)
02-21 16:48:16.193 32368 32441 I onymous.innobe:   at void java.util.concurrent.ThreadPoolExecutor$Worker.run() (ThreadPoolExecutor.java:641)
02-21 16:48:16.193 32368 32441 I onymous.innobe:   at void java.lang.Thread.run() (Thread.java:764)
02-21 16:48:16.193 32368 32441 I onymous.innobe: Caused by: java.lang.ClassNotFoundException: Didn't find class "android.webkit.PacProcessor" on path: DexPathList[[zip file "/data/app/com.google.android.webview-5Qheia9dr00Xpw0tBcysAQ==/base.apk"],nativeLibraryDirectories=[/data/app/com.google.android.webview-5Qheia9dr00Xpw0tBcysAQ==/lib/arm, /data/app/com.google.android.webview-5Qheia9dr00Xpw0tBcysAQ==/base.apk!/lib/armeabi-v7a, /system/lib]]
02-21 16:48:16.193 32368 32441 I onymous.innobe:   at java.lang.Class dalvik.system.BaseDexClassLoader.findClass(java.lang.String) (BaseDexClassLoader.java:134)
02-21 16:48:16.193 32368 32441 I onymous.innobe:   at java.lang.Class java.lang.ClassLoader.loadClass(java.lang.String, boolean) (ClassLoader.java:379)
02-21 16:48:16.193 32368 32441 I onymous.innobe:   at java.lang.Class java.lang.ClassLoader.loadClass(java.lang.String) (ClassLoader.java:312)
02-21 16:48:16.193 32368 32441 I onymous.innobe:   at java.lang.Class java.lang.Class.classForName(java.lang.String, boolean, java.lang.ClassLoader) (Class.java:-2)
02-21 16:48:16.193 32368 32441 I onymous.innobe:   at java.lang.Class java.lang.Class.forName(java.lang.String, boolean, java.lang.ClassLoader) (Class.java:453)
02-21 16:48:16.193 32368 32441 I onymous.innobe:   at java.lang.Class android.webkit.WebViewFactory.getWebViewProviderClass(java.lang.ClassLoader) (WebViewFactory.java:176)
02-21 16:48:16.193 32368 32441 I onymous.innobe:   at java.lang.Class android.webkit.WebViewFactory.getProviderClass() (WebViewFactory.java:459)
02-21 16:48:16.193 32368 32441 I onymous.innobe:   at android.webkit.WebViewFactoryProvider android.webkit.WebViewFactory.getProvider() (WebViewFactory.java:251)
02-21 16:48:16.193 32368 32441 I onymous.innobe:   at android.webkit.CookieManager android.webkit.CookieManager.getInstance() (CookieManager.java:40)
02-21 16:48:16.193 32368 32441 I onymous.innobe:   at android.webkit.CookieManager com.facebook.react.modules.network.ForwardingCookieHandler.getCookieManager() (ForwardingCookieHandler.java:102)
02-21 16:48:16.193 32368 32441 I onymous.innobe:   at java.util.Map com.facebook.react.modules.network.ForwardingCookieHandler.get(java.net.URI, java.util.Map) (ForwardingCookieHandler.java:43)
02-21 16:48:16.193 32368 32441 I onymous.innobe:   at java.util.List okhttp3.JavaNetCookieJar.loadForRequest(okhttp3.HttpUrl) (JavaNetCookieJar.kt:47)
02-21 16:48:16.193 32368 32441 I onymous.innobe:   at java.util.List com.facebook.react.modules.network.ReactCookieJarContainer.loadForRequest(okhttp3.HttpUrl) (ReactCookieJarContainer.java:44)
02-21 16:48:16.193 32368 32441 I onymous.innobe:   at okhttp3.Response okhttp3.internal.http.BridgeInterceptor.intercept(okhttp3.Interceptor$Chain) (BridgeInterceptor.kt:74)
02-21 16:48:16.193 32368 32441 I onymous.innobe:   at okhttp3.Response okhttp3.internal.http.RealInterceptorChain.proceed(okhttp3.Request) (RealInterceptorChain.kt:109)
02-21 16:48:16.193 32368 32441 I onymous.innobe:   at okhttp3.Response okhttp3.internal.http.RetryAndFollowUpInterceptor.intercept(okhttp3.Interceptor$Chain) (RetryAndFollowUpInterceptor.kt:76)
02-21 16:48:16.193 32368 32441 I onymous.innobe:   at okhttp3.Response okhttp3.internal.http.RealInterceptorChain.proceed(okhttp3.Request) (RealInterceptorChain.kt:109)
02-21 16:48:16.193 32368 32441 I onymous.innobe:   at okhttp3.Response okhttp3.internal.connection.RealCall.getResponseWithInterceptorChain$okhttp() (RealCall.kt:201)
02-21 16:48:16.193 32368 32441 I onymous.innobe:   at void okhttp3.internal.connection.RealCall$AsyncCall.run() (RealCall.kt:517)
02-21 16:48:16.193 32368 32441 I onymous.innobe:   at void java.util.concurrent.ThreadPoolExecutor.runWorker(java.util.concurrent.ThreadPoolExecutor$Worker) (ThreadPoolExecutor.java:1167)
02-21 16:48:16.193 32368 32441 I onymous.innobe:   at void java.util.concurrent.ThreadPoolExecutor$Worker.run() (ThreadPoolExecutor.java:641)
02-21 16:48:16.193 32368 32441 I onymous.innobe:   at void java.lang.Thread.run() (Thread.java:764)
02-21 16:48:16.193 32368 32441 I onymous.innobe: 
02-21 16:48:16.226 32368 32441 I cr_WVCFactoryProvider: version=138.0.7204.179 (720417900) minSdkVersion=26 isBundle=false multiprocess=true packageId=2
02-21 16:48:16.262 32368 32449 I chromium: [0221/164816.262016:INFO:android_webview/browser/variations/variations_seed_loader.cc:67] Failed to open file for reading.: No such file or directory (2)
02-21 16:48:16.272 32368 32441 I cr_LibraryLoader: Successfully loaded native library
02-21 16:48:16.280 32368 32441 I cr_CachingUmaRecorder: Flushed 7 samples from 7 histograms, 0 samples were dropped.
02-21 16:48:16.287   822   901 I WindowManager: Losing delayed focus: Window{eb2e191 u0 com.anonymous.innobet/com.anonymous.innobet.MainActivity}
02-21 16:48:16.327 32368 32441 I onymous.innobe: The ClassLoaderContext is a special shared library.
02-21 16:48:16.336 32368 32441 I System.out: port:443
02-21 16:48:16.614 32368 32378 I onymous.innobe: Background concurrent copying GC freed 98967(4MB) AllocSpace objects, 12(320KB) LOS objects, 42% free, 7MB/13MB, paused 187us total 149.701ms
02-21 16:48:16.643 32368 32427 I ReactNativeJS: [Updater] Current: 1.5.50 (269) | Remote: 1.5.51 (270)
02-21 16:48:16.646 32368 32427 W ReactNativeJS: [Updater] Skipping update 1.5.51 (270) because it previously failed.
02-21 16:48:16.677   366  1278 I BufferQueueProducer: [com.anonymous.innobet/com.anonymous.innobet.MainActivity#1](this:0xae90b000,id:792,api:1,p:32368,c:366) disconnect(P): api 1
02-21 16:48:16.686   822   901 I WindowManager: Focus moving from Window{6131f39 u0 com.anonymous.innobet/com.anonymous.innobet.MainActivity EXITING} to Window{eb2e191 u0 com.anonymous.innobet/com.anonymous.innobet.MainActivity}
02-21 16:48:16.719   366   366 I SurfaceFlinger: [Built-in Screen (type:0)] fps:44.592339,dur:1009.14,max:163.41,min:8.40
02-21 16:48:16.900   366   386 W SurfaceFlinger: Attempting to set client state on removed layer: com.anonymous.innobet/com.anonymous.innobet.MainActivity#1
02-21 16:48:16.900   366   386 W SurfaceFlinger: Attempting to destroy on removed layer: com.anonymous.innobet/com.anonymous.innobet.MainActivity#1
02-21 16:48:16.911   366   366 I BufferQueueConsumer: [com.anonymous.innobet/com.anonymous.innobet.MainActivity#1](this:0xae90b000,id:792,api:1,p:-1,c:-1) disconnect(C)
02-21 16:48:16.913   366   366 I BufferQueue: [com.anonymous.innobet/com.anonymous.innobet.MainActivity#1](this:0xae90b000,id:792,api:1,p:-1,c:-1) ~BufferQueueCore
02-21 16:48:16.981   822   968 E WifiVendorHal: getWifiLinkLayerStats(l.937) failed {.code = ERROR_NOT_SUPPORTED, .description = }
02-21 16:48:18.941   318   318 W hwservicemanager: getTransport: Cannot find entry vendor.mediatek.hardware.apmonitor@1.0::IAPMonitorService/default in either framework or device manifest.
02-21 16:48:19.994   822   968 E WifiVendorHal: getWifiLinkLayerStats(l.937) failed {.code = ERROR_NOT_SUPPORTED, .description = }
02-21 16:48:22.925   504   504 I thermal_repeater: [recvMdThermalInfo] ret=28, strLen=127,  2, 32767, -127, 0, 32767, 0
02-21 16:48:23.010   822   968 E WifiVendorHal: getWifiLinkLayerStats(l.937) failed {.code = ERROR_NOT_SUPPORTED, .description = }
02-21 16:48:24.094   357  1276 E IMGMemtrackHAL: GetGLMemtrackRecords: Subtracting per-pid stats from global stats would wrap. Clamping global stats to zero.
02-21 16:48:24.094   357  1276 I chatty  : uid=1000(system) HwBinder:357_3 identical 4 lines
02-21 16:48:24.094   357  1276 E IMGMemtrackHAL: GetGLMemtrackRecords: Subtracting per-pid stats from global stats would wrap. Clamping global stats to zero.
02-21 16:48:24.094   357  1276 W IMGMemtrackHAL: hal_get_memory: memtrack cache rebuild was required
02-21 16:48:24.142  1009  1009 W NotificationEntryMgr: removeNotification for unknown key: 0|br.com.mobiltec.c4m.android.agent|999991|null|1000
02-21 16:48:26.028   822   968 E WifiVendorHal: getWifiLinkLayerStats(l.937) failed {.code = ERROR_NOT_SUPPORTED, .description = }
02-21 16:48:29.045   822   968 E WifiVendorHal: getWifiLinkLayerStats(l.937) failed {.code = ERROR_NOT_SUPPORTED, .description = }
02-21 16:48:30.167  1084  1084 I wpa_supplicant: wpa_driver_nl80211_driver_cmd: wlan0 recv cmd BTCOEXMODE 1
02-21 16:48:30.168  1084  1084 I wpa_supplicant: wpa_driver_nl80211_driver_cmd: wlan0 recv cmd SETSUSPENDMODE 0
02-21 16:48:30.168  1084  1084 I wpa_supplicant: wpa_driver_nl80211_driver_cmd: ret = 0 used = 17 total = 512
02-21 16:48:30.178   822   968 E WifiVendorHal: getWifiLinkLayerStats(l.937) failed {.code = ERROR_NOT_SUPPORTED, .description = }
02-21 16:48:32.061   822   968 E WifiVendorHal: getWifiLinkLayerStats(l.937) failed {.code = ERROR_NOT_SUPPORTED, .description = }
02-21 16:48:32.944   504   504 I thermal_repeater: [recvMdThermalInfo] ret=28, strLen=127,  2, 32767, -127, 0, 32767, 0
02-21 16:48:34.997   357  1276 E IMGMemtrackHAL: GetGLMemtrackRecords: Subtracting per-pid stats from global stats would wrap. Clamping global stats to zero.
02-21 16:48:34.997   357  1276 I chatty  : uid=1000(system) HwBinder:357_3 identical 4 lines
02-21 16:48:34.997   357  1276 E IMGMemtrackHAL: GetGLMemtrackRecords: Subtracting per-pid stats from global stats would wrap. Clamping global stats to zero.
02-21 16:48:34.997   357  1276 W IMGMemtrackHAL: hal_get_memory: memtrack cache rebuild was required
02-21 16:48:35.069   822   968 E WifiVendorHal: getWifiLinkLayerStats(l.937) failed {.code = ERROR_NOT_SUPPORTED, .description = }
02-21 16:48:38.077   822   968 I chatty  : uid=1000(system) WifiStateMachin identical 1 line
02-21 16:48:41.087   822   968 E WifiVendorHal: getWifiLinkLayerStats(l.937) failed {.code = ERROR_NOT_SUPPORTED, .description = }
02-21 16:48:42.963   504   504 I thermal_repeater: [recvMdThermalInfo] ret=28, strLen=127,  2, 32767, -127, 0, 32767, 0
02-21 16:48:44.095   822   968 E WifiVendorHal: getWifiLinkLayerStats(l.937) failed {.code = ERROR_NOT_SUPPORTED, .description = }
02-21 16:48:44.980  1582 32470 I System.out: port:443
02-21 16:48:45.218  1582 32470 I com.xcheng.mdm: The ClassLoaderContext is a special shared library.
02-21 16:48:45.220  1582 32470 I System.out: [OkHttp] sendRequest>>
02-21 16:48:45.220  1582 32470 I System.out: [OkHttp] sendRequest<<
02-21 16:48:47.102   822   968 E WifiVendorHal: getWifiLinkLayerStats(l.937) failed {.code = ERROR_NOT_SUPPORTED, .description = }
02-21 16:48:50.111   822   968 E WifiVendorHal: getWifiLinkLayerStats(l.937) failed {.code = ERROR_NOT_SUPPORTED, .description = }
02-21 16:48:52.981   504   504 I thermal_repeater: [recvMdThermalInfo] ret=28, strLen=127,  2, 32767, -127, 0, 32767, 0
02-21 16:48:53.120   822   968 E WifiVendorHal: getWifiLinkLayerStats(l.937) failed {.code = ERROR_NOT_SUPPORTED, .description = }
02-21 16:48:55.740   489   523 E storaged: getDiskStats failed with result NOT_SUPPORTED and size 0
02-21 16:48:56.129   822   968 I chatty  : uid=1000(system) WifiStateMachin identical 1 line
02-21 16:48:59.138   822   968 E WifiVendorHal: getWifiLinkLayerStats(l.937) failed {.code = ERROR_NOT_SUPPORTED, .description = }
02-21 16:49:00.021   366   386 I BufferQueueProducer: [StatusBar#0](this:0xae1f3000,id:4,api:1,p:1009,c:366) queueBuffer: fps=0.05 dur=44043.87 max=44029.52 min=14.35
02-21 16:49:00.032   366   366 I SurfaceFlinger: [Built-in Screen (type:0)] fps:0.300143,dur:43312.67,max:43115.61,min:15.61
02-21 16:49:02.147   822   968 E WifiVendorHal: getWifiLinkLayerStats(l.937) failed {.code = ERROR_NOT_SUPPORTED, .description = }
02-21 16:49:03.000   504   504 I thermal_repeater: [recvMdThermalInfo] ret=28, strLen=127,  2, 32767, -127, 0, 32767, 0
02-21 16:49:05.157   822   968 E WifiVendorHal: getWifiLinkLayerStats(l.937) failed {.code = ERROR_NOT_SUPPORTED, .description = }
02-21 16:49:06.169  1084  1084 I wpa_supplicant: wpa_driver_nl80211_driver_cmd: wlan0 recv cmd BTCOEXMODE 2
02-21 16:49:08.164   822   968 E WifiVendorHal: getWifiLinkLayerStats(l.937) failed {.code = ERROR_NOT_SUPPORTED, .description = }
02-21 16:49:09.856  1440 32343 I .gms.persisten: Explicit concurrent copying GC freed 33614(2MB) AllocSpace objects, 3(60KB) LOS objects, 37% free, 9MB/15MB, paused 308us total 386.302ms
02-21 16:49:11.181   822   968 E WifiVendorHal: getWifiLinkLayerStats(l.937) failed {.code = ERROR_NOT_SUPPORTED, .description = }
02-21 16:49:13.019   504   504 I thermal_repeater: [recvMdThermalInfo] ret=28, strLen=127,  2, 32767, -127, 0, 32767, 0
02-21 16:49:14.198   822   968 E WifiVendorHal: getWifiLinkLayerStats(l.937) failed {.code = ERROR_NOT_SUPPORTED, .description = }
02-21 16:49:17.215   822   968 E WifiVendorHal: getWifiLinkLayerStats(l.937) failed {.code = ERROR_NOT_SUPPORTED, .description = }
02-21 16:49:18.006 30146 30146 I ADB_SERVICES: fdevent_loop length=1
02-21 16:49:18.006 30146 30146 I ADB_SERVICES: service_to_fd shell,v2:export ANDROID_LOG_TAGS=''; exec logcat '-d'
02-21 16:49:18.058 30146 30146 I ADB_SERVICES: local_socket_flush_outgoing read_data=1343
