--------- beginning of main
02-21 16:39:48.977 30146 31982 I ADB_SERVICES: post waitpid (pid=31981) status=0000
02-21 16:39:48.978 30146 30146 I ADB_SERVICES: for fd 25, revents = 2011
02-21 16:39:48.978 30146 30146 I ADB_SERVICES: for fd 25, revents = 2011
02-21 16:39:48.979 30146 30146 I ADB_SERVICES: local_socket_flush_outgoing read_data=697236
02-21 16:39:49.851   366  1278 I BufferQueueProducer: [com.anonymous.innobet/com.anonymous.innobet.MainActivity#0](this:0xae248000,id:778,api:1,p:31870,c:366) queueBuffer: fps=1.99 dur=1006.87 max=503.47 min=503.40
02-21 16:39:49.862   366   366 I SurfaceFlinger: [Built-in Screen (type:0)] fps:1.986368,dur:1006.86,max:503.50,min:503.37
02-21 16:39:50.520   822   968 E WifiVendorHal: getWifiLinkLayerStats(l.937) failed {.code = ERROR_NOT_SUPPORTED, .description = }
02-21 16:39:51.345   366  1278 I BufferQueueProducer: [com.anonymous.innobet/com.anonymous.innobet.MainActivity#0](this:0xae248000,id:778,api:1,p:31870,c:366) queueBuffer: fps=2.01 dur=1494.42 max=503.55 min=487.55
02-21 16:39:51.356   366   366 I SurfaceFlinger: [Built-in Screen (type:0)] fps:2.007900,dur:1494.10,max:503.54,min:487.19
02-21 16:39:51.976   504   504 I thermal_repeater: [recvMdThermalInfo] ret=28, strLen=127,  2, 32767, -127, 0, 32767, 0
02-21 16:39:52.352   366   386 I BufferQueueProducer: [com.anonymous.innobet/com.anonymous.innobet.MainActivity#0](this:0xae248000,id:778,api:1,p:31870,c:366) queueBuffer: fps=1.99 dur=1006.64 max=503.38 min=503.26
02-21 16:39:52.363   366   366 I SurfaceFlinger: [Built-in Screen (type:0)] fps:1.986185,dur:1006.96,max:503.49,min:503.46
02-21 16:39:53.538   822   968 E WifiVendorHal: getWifiLinkLayerStats(l.937) failed {.code = ERROR_NOT_SUPPORTED, .description = }
02-21 16:39:53.847   366   386 I BufferQueueProducer: [com.anonymous.innobet/com.anonymous.innobet.MainActivity#0](this:0xae248000,id:778,api:1,p:31870,c:366) queueBuffer: fps=2.01 dur=1495.25 max=504.49 min=487.27
02-21 16:39:53.858   366   366 I SurfaceFlinger: [Built-in Screen (type:0)] fps:2.007838,dur:1494.14,max:503.60,min:487.13
02-21 16:39:54.853   366   386 I BufferQueueProducer: [com.anonymous.innobet/com.anonymous.innobet.MainActivity#0](this:0xae248000,id:778,api:1,p:31870,c:366) queueBuffer: fps=1.99 dur=1006.13 max=503.80 min=502.33
02-21 16:39:54.864   366   366 I SurfaceFlinger: [Built-in Screen (type:0)] fps:1.986374,dur:1006.86,max:503.60,min:503.26
--------- beginning of system
02-21 16:39:55.732   489   523 E storaged: getDiskStats failed with result NOT_SUPPORTED and size 0
02-21 16:39:56.348   366   387 I BufferQueueProducer: [com.anonymous.innobet/com.anonymous.innobet.MainActivity#0](this:0xae248000,id:778,api:1,p:31870,c:366) queueBuffer: fps=2.01 dur=1494.92 max=504.40 min=487.60
02-21 16:39:56.358   366   366 I SurfaceFlinger: [Built-in Screen (type:0)] fps:2.008203,dur:1493.87,max:503.47,min:487.29
02-21 16:39:56.556   822   968 E WifiVendorHal: getWifiLinkLayerStats(l.937) failed {.code = ERROR_NOT_SUPPORTED, .description = }
02-21 16:39:57.353   366   387 I BufferQueueProducer: [com.anonymous.innobet/com.anonymous.innobet.MainActivity#0](this:0xae248000,id:778,api:1,p:31870,c:366) queueBuffer: fps=1.99 dur=1005.28 max=503.52 min=501.76
02-21 16:39:57.365   366   366 I SurfaceFlinger: [Built-in Screen (type:0)] fps:1.986673,dur:1006.71,max:503.52,min:503.18
02-21 16:39:58.360   366  1278 I BufferQueueProducer: [com.anonymous.innobet/com.anonymous.innobet.MainActivity#0](this:0xae248000,id:778,api:1,p:31870,c:366) queueBuffer: fps=1.99 dur=1007.06 max=504.70 min=502.36
02-21 16:39:58.372   366   366 I SurfaceFlinger: [Built-in Screen (type:0)] fps:1.986527,dur:1006.78,max:503.43,min:503.35
02-21 16:39:59.564   822   968 E WifiVendorHal: getWifiLinkLayerStats(l.937) failed {.code = ERROR_NOT_SUPPORTED, .description = }
02-21 16:39:59.854   366   386 I BufferQueueProducer: [com.anonymous.innobet/com.anonymous.innobet.MainActivity#0](this:0xae248000,id:778,api:1,p:31870,c:366) queueBuffer: fps=2.01 dur=1493.44 max=503.36 min=487.23
02-21 16:39:59.866   366   366 I SurfaceFlinger: [Built-in Screen (type:0)] fps:2.008031,dur:1494.00,max:503.54,min:487.19
02-21 16:39:59.910 30861 30939 I gle.android.gm: Explicit concurrent copying GC freed 748(70KB) AllocSpace objects, 0(0B) LOS objects, 24% free, 3MB/4MB, paused 262us total 327.781ms
02-21 16:40:00.033   366   386 I BufferQueueProducer: [StatusBar#0](this:0xae1f3000,id:4,api:1,p:1009,c:366) queueBuffer: fps=0.05 dur=59986.23 max=59959.53 min=6.76
02-21 16:40:00.861   366  1278 I BufferQueueProducer: [com.anonymous.innobet/com.anonymous.innobet.MainActivity#0](this:0xae248000,id:778,api:1,p:31870,c:366) queueBuffer: fps=1.99 dur=1007.55 max=504.41 min=503.14
02-21 16:40:00.873   366   366 I SurfaceFlinger: [Built-in Screen (type:0)] fps:4.963960,dur:1007.26,max:503.60,min:14.66
02-21 16:40:01.995   504   504 I thermal_repeater: [recvMdThermalInfo] ret=28, strLen=127,  2, 32767, -127, 0, 32767, 0
02-21 16:40:02.355   366   386 I BufferQueueProducer: [com.anonymous.innobet/com.anonymous.innobet.MainActivity#0](this:0xae248000,id:778,api:1,p:31870,c:366) queueBuffer: fps=2.01 dur=1494.08 max=503.50 min=487.21
02-21 16:40:02.367   366   366 I SurfaceFlinger: [Built-in Screen (type:0)] fps:2.007814,dur:1494.16,max:503.62,min:487.21
02-21 16:40:02.581   822   968 E WifiVendorHal: getWifiLinkLayerStats(l.937) failed {.code = ERROR_NOT_SUPPORTED, .description = }
02-21 16:40:03.086 30146 30146 I ADB_SERVICES: service_to_fd shell,v2:export ANDROID_LOG_TAGS=''; exec logcat
02-21 16:40:03.363   366  1278 I BufferQueueProducer: [com.anonymous.innobet/com.anonymous.innobet.MainActivity#0](this:0xae248000,id:778,api:1,p:31870,c:366) queueBuffer: fps=1.99 dur=1007.02 max=503.55 min=503.47
02-21 16:40:03.374   366   366 I SurfaceFlinger: [Built-in Screen (type:0)] fps:1.986336,dur:1006.88,max:503.49,min:503.39
02-21 16:40:04.856   366   387 I BufferQueueProducer: [com.anonymous.innobet/com.anonymous.innobet.MainActivity#0](this:0xae248000,id:778,api:1,p:31870,c:366) queueBuffer: fps=2.01 dur=1493.51 max=503.56 min=486.60
02-21 16:40:04.868   366   366 I SurfaceFlinger: [Built-in Screen (type:0)] fps:2.008349,dur:1493.76,max:503.62,min:486.77
02-21 16:40:05.595   822   968 E WifiVendorHal: getWifiLinkLayerStats(l.937) failed {.code = ERROR_NOT_SUPPORTED, .description = }
02-21 16:40:05.771 31255 31255 D Log4jTimberTree: SimCardMonitorAlarmService - BaseMonitor - onStartCommand - Received a request...
02-21 16:40:05.773 31255 31993 D Log4jTimberTree: doActionInternal: interval - 60000 | start - false
02-21 16:40:05.793 31255 31993 D Log4jTimberTree: DeviceManager - monitorName: SimCardMonitorAlarmService = AppExecutionRestrictionsAlarmService
02-21 16:40:05.794 31255 31993 D Log4jTimberTree: scheduleNextAlarm: interval - 60000
02-21 16:40:05.798 31255 31993 D Log4jTimberTree: MonitorAlarmManager - SimCardMonitorAlarmService: Alarm canceled.
02-21 16:40:05.801 31255 31993 D Log4jTimberTree: SimCardMonitorAlarmService: Next alarm in 69 seconds (~1 minutes).
02-21 16:40:05.809  1009  1009 W NotificationEntryMgr: removeNotification for unknown key: 0|br.com.mobiltec.c4m.android.agent|999991|null|1000
02-21 16:40:05.862   366  1278 I BufferQueueProducer: [com.anonymous.innobet/com.anonymous.innobet.MainActivity#0](this:0xae248000,id:778,api:1,p:31870,c:366) queueBuffer: fps=1.99 dur=1006.04 max=503.57 min=502.47
02-21 16:40:05.874   366   366 I SurfaceFlinger: [Built-in Screen (type:0)] fps:1.987177,dur:1006.45,max:503.24,min:503.21
02-21 16:40:07.357   366   387 I BufferQueueProducer: [com.anonymous.innobet/com.anonymous.innobet.MainActivity#0](this:0xae248000,id:778,api:1,p:31870,c:366) queueBuffer: fps=2.01 dur=1495.29 max=503.54 min=489.50
02-21 16:40:07.369   366   366 I SurfaceFlinger: [Built-in Screen (type:0)] fps:2.007313,dur:1494.54,max:503.51,min:487.74
02-21 16:40:08.364   366   387 I BufferQueueProducer: [com.anonymous.innobet/com.anonymous.innobet.MainActivity#0](this:0xae248000,id:778,api:1,p:31870,c:366) queueBuffer: fps=1.99 dur=1006.55 max=503.46 min=503.09
02-21 16:40:08.376   366   366 I SurfaceFlinger: [Built-in Screen (type:0)] fps:1.986541,dur:1006.77,max:503.50,min:503.28
02-21 16:40:08.605   822   968 E WifiVendorHal: getWifiLinkLayerStats(l.937) failed {.code = ERROR_NOT_SUPPORTED, .description = }
02-21 16:40:09.858   366   387 I BufferQueueProducer: [com.anonymous.innobet/com.anonymous.innobet.MainActivity#0](this:0xae248000,id:778,api:1,p:31870,c:366) queueBuffer: fps=2.01 dur=1494.22 max=504.17 min=487.07
02-21 16:40:09.861 30146 30146 I ADB_SERVICES: local_socket_flush_outgoing read_data=8704
02-21 16:40:09.870   366   366 I SurfaceFlinger: [Built-in Screen (type:0)] fps:2.007668,dur:1494.27,max:503.60,min:487.26
02-21 16:40:10.865   366   387 I BufferQueueProducer: [com.anonymous.innobet/com.anonymous.innobet.MainActivity#0](this:0xae248000,id:778,api:1,p:31870,c:366) queueBuffer: fps=1.99 dur=1007.21 max=503.65 min=503.56
02-21 16:40:10.877   366   366 I SurfaceFlinger: [Built-in Screen (type:0)] fps:1.986757,dur:1006.67,max:503.34,min:503.33
02-21 16:40:11.566  1582 30765 D ACCS_TEST: MessageHandler onSend
02-21 16:40:11.615   822   968 E WifiVendorHal: getWifiLinkLayerStats(l.937) failed {.code = ERROR_NOT_SUPPORTED, .description = }
02-21 16:40:12.015   504   504 I thermal_repeater: [recvMdThermalInfo] ret=28, strLen=127,  2, 32767, -127, 0, 32767, 0
02-21 16:40:12.359   366   387 I BufferQueueProducer: [com.anonymous.innobet/com.anonymous.innobet.MainActivity#0](this:0xae248000,id:778,api:1,p:31870,c:366) queueBuffer: fps=2.01 dur=1493.79 max=503.47 min=486.85
02-21 16:40:12.371   366   366 I SurfaceFlinger: [Built-in Screen (type:0)] fps:2.007383,dur:1494.48,max:503.63,min:487.36
02-21 16:40:12.692  1582  2367 D ACCS_TEST: handleControlMsg
02-21 16:40:12.692  1582  2367 D ACCS_TEST: handleControlMsg configTagAliyunPush, dataId: b3700356-733d-4b9e-a1ff-b1b0a903dfb0, serviceId: null, command:100, errorCode: ÚöÖÞ»»þáü´╝Ü200, ÚöÖÞ»»´╝ÜµêÉÕèƒ
02-21 16:40:13.366   366  1278 I BufferQueueProducer: [com.anonymous.innobet/com.anonymous.innobet.MainActivity#0](this:0xae248000,id:778,api:1,p:31870,c:366) queueBuffer: fps=1.99 dur=1006.65 max=503.81 min=502.85
02-21 16:40:13.377   366   366 I SurfaceFlinger: [Built-in Screen (type:0)] fps:1.987793,dur:1006.14,max:503.42,min:502.73
02-21 16:40:14.280   353   353 D lights  : write_int open fd=7
02-21 16:40:14.624   822   968 E WifiVendorHal: getWifiLinkLayerStats(l.937) failed {.code = ERROR_NOT_SUPPORTED, .description = }
02-21 16:40:14.860   366  1278 I BufferQueueProducer: [com.anonymous.innobet/com.anonymous.innobet.MainActivity#0](this:0xae248000,id:778,api:1,p:31870,c:366) queueBuffer: fps=2.01 dur=1493.76 max=503.40 min=487.01
02-21 16:40:14.871   366   366 I SurfaceFlinger: [Built-in Screen (type:0)] fps:2.007968,dur:1494.05,max:503.60,min:487.16
02-21 16:40:15.866   366  1278 I BufferQueueProducer: [com.anonymous.innobet/com.anonymous.innobet.MainActivity#0](this:0xae248000,id:778,api:1,p:31870,c:366) queueBuffer: fps=1.99 dur=1006.83 max=504.21 min=502.63
02-21 16:40:15.878   366   366 I SurfaceFlinger: [Built-in Screen (type:0)] fps:1.986324,dur:1006.89,max:503.47,min:503.42
02-21 16:40:17.361   366   386 I BufferQueueProducer: [com.anonymous.innobet/com.anonymous.innobet.MainActivity#0](this:0xae248000,id:778,api:1,p:31870,c:366) queueBuffer: fps=2.01 dur=1494.21 max=503.55 min=487.42
02-21 16:40:17.372   366   366 I SurfaceFlinger: [Built-in Screen (type:0)] fps:2.007959,dur:1494.05,max:503.54,min:487.23
02-21 16:40:17.638   822   968 E WifiVendorHal: getWifiLinkLayerStats(l.937) failed {.code = ERROR_NOT_SUPPORTED, .description = }
02-21 16:40:18.367   366   387 I BufferQueueProducer: [com.anonymous.innobet/com.anonymous.innobet.MainActivity#0](this:0xae248000,id:778,api:1,p:31870,c:366) queueBuffer: fps=1.99 dur=1006.78 max=503.52 min=503.26
02-21 16:40:18.379   366   366 I SurfaceFlinger: [Built-in Screen (type:0)] fps:1.986648,dur:1006.72,max:503.40,min:503.32
02-21 16:40:18.923   513   563 D ApmSession: Connect
02-21 16:40:18.925   318   318 W hwservicemanager: getTransport: Cannot find entry vendor.mediatek.hardware.apmonitor@1.0::IAPMonitorService/default in either framework or device manifest.
02-21 16:40:18.925   513   563 D ApmSession: Connect: false
02-21 16:40:18.926   513   563 D ApmNative: apmIsKpiEnabled2: type = 54, ret = 0
02-21 16:40:19.861   366   386 I BufferQueueProducer: [com.anonymous.innobet/com.anonymous.innobet.MainActivity#0](this:0xae248000,id:778,api:1,p:31870,c:366) queueBuffer: fps=2.01 dur=1493.76 max=503.30 min=487.37
02-21 16:40:19.862 30146 30146 I ADB_SERVICES: fdevent_loop length=1
02-21 16:40:19.873   366   366 I SurfaceFlinger: [Built-in Screen (type:0)] fps:2.008019,dur:1494.01,max:503.43,min:487.20
02-21 16:40:20.656   822   968 E WifiVendorHal: getWifiLinkLayerStats(l.937) failed {.code = ERROR_NOT_SUPPORTED, .description = }
02-21 16:40:20.868   366  1278 I BufferQueueProducer: [com.anonymous.innobet/com.anonymous.innobet.MainActivity#0](this:0xae248000,id:778,api:1,p:31870,c:366) queueBuffer: fps=1.99 dur=1007.22 max=503.71 min=503.52
02-21 16:40:20.880   366   366 I SurfaceFlinger: [Built-in Screen (type:0)] fps:1.986148,dur:1006.97,max:503.55,min:503.43
02-21 16:40:21.705   822   822 I PowerWrap: PowerHal_TouchBoost
02-21 16:40:21.708   353   353 D lights  : write_int open fd=7
02-21 16:40:21.721   822   822 I PowerWrap: PowerHal_TouchBoost
02-21 16:40:21.763   997   997 V PhoneWindow: DecorView setVisiblity: visibility = 8, Parent = android.view.ViewRootImpl@df09463, this = DecorView@9a42f71[InputMethod]
02-21 16:40:21.767   357  1276 E IMGMemtrackHAL: GetGLMemtrackRecords: Subtracting per-pid stats from global stats would wrap. Clamping global stats to zero.
02-21 16:40:21.767   357  1276 I chatty  : uid=1000(system) HwBinder:357_3 identical 4 lines
02-21 16:40:21.767   357  1276 E IMGMemtrackHAL: GetGLMemtrackRecords: Subtracting per-pid stats from global stats would wrap. Clamping global stats to zero.
02-21 16:40:21.767   357  1276 W IMGMemtrackHAL: hal_get_memory: memtrack cache rebuild was required
02-21 16:40:21.774   997  3656 D Surface : Surface::disconnect(this=0x87dff000,api=1)
02-21 16:40:21.774   366  1278 I BufferQueueProducer: [InputMethod#0](this:0xae90b000,id:780,api:1,p:997,c:366) disconnect(P): api 1
02-21 16:40:21.775   366  1278 D BufferQueueConsumer: [InputMethod#0](this:0xae90b000,id:780,api:1,p:-1,c:366) getReleasedBuffers: returning mask 0xffffffffffffffff
02-21 16:40:21.784   366  1278 I BufferQueueProducer: [NavigationBar#0](this:0xae905000,id:706,api:1,p:1009,c:366) queueBuffer: fps=0.02 dur=60338.83 max=60338.83 min=60338.83
02-21 16:40:21.887   366   366 I SurfaceFlinger: [Built-in Screen (type:0)] fps:8.934871,dur:1007.29,max:503.32,min:15.48
02-21 16:40:21.980   366   366 I BufferQueueConsumer: [InputMethod#0](this:0xae90b000,id:780,api:1,p:-1,c:-1) disconnect(C)
02-21 16:40:21.981   366   366 I BufferQueue: [InputMethod#0](this:0xae90b000,id:780,api:1,p:-1,c:-1) ~BufferQueueCore
02-21 16:40:22.034   504   504 I thermal_repeater: [recvMdThermalInfo] ret=28, strLen=127,  2, 32767, -127, 0, 32767, 0
02-21 16:40:23.674   822   968 E WifiVendorHal: getWifiLinkLayerStats(l.937) failed {.code = ERROR_NOT_SUPPORTED, .description = }
02-21 16:40:23.833   822  1052 D AES     : AEEIOCTL_GET/SET_SF_STATE IOCTL,cmd= 1074294797, lParam=0. 
02-21 16:40:23.834   822  1052 D AES     : AEEIOCTL_RT_MON_Kick IOCTL,cmd= 2147774474, lParam=300. 
02-21 16:40:24.880   357   382 I libPowerHal: perfUserScnCheckAll
02-21 16:40:26.692   822   968 E WifiVendorHal: getWifiLinkLayerStats(l.937) failed {.code = ERROR_NOT_SUPPORTED, .description = }
02-21 16:40:29.704   822   968 E WifiVendorHal: getWifiLinkLayerStats(l.937) failed {.code = ERROR_NOT_SUPPORTED, .description = }
02-21 16:40:32.053   504   504 I thermal_repeater: [recvMdThermalInfo] ret=28, strLen=127,  2, 32767, -127, 0, 32767, 0
02-21 16:40:32.056 30146 30146 I ADB_SERVICES: local_socket_flush_outgoing read_data=7714
02-21 16:40:32.716   822   968 E WifiVendorHal: getWifiLinkLayerStats(l.937) failed {.code = ERROR_NOT_SUPPORTED, .description = }
02-21 16:40:38.751   822   968 I chatty  : uid=1000(system) WifiStateMachin identical 2 lines
02-21 16:40:41.769   822   968 E WifiVendorHal: getWifiLinkLayerStats(l.937) failed {.code = ERROR_NOT_SUPPORTED, .description = }
02-21 16:40:42.073   504   504 I thermal_repeater: [recvMdThermalInfo] ret=28, strLen=127,  2, 32767, -127, 0, 32767, 0
02-21 16:40:44.786   822   968 E WifiVendorHal: getWifiLinkLayerStats(l.937) failed {.code = ERROR_NOT_SUPPORTED, .description = }
02-21 16:40:45.429  1582 30765 D ACCS_TEST: MessageHandler onSend
02-21 16:40:45.872  1582  2367 D ACCS_TEST: handleControlMsg
02-21 16:40:45.872  1582  2367 D ACCS_TEST: handleControlMsg configTagAliyunPush, dataId: 4cabe089-0478-4d7a-a286-f387b6afce08, serviceId: null, command:100, errorCode: ÚöÖÞ»»þáü´╝Ü200, ÚöÖÞ»»´╝ÜµêÉÕèƒ
02-21 16:40:47.804   822   968 E WifiVendorHal: getWifiLinkLayerStats(l.937) failed {.code = ERROR_NOT_SUPPORTED, .description = }
02-21 16:40:50.816   822   968 E WifiVendorHal: getWifiLinkLayerStats(l.937) failed {.code = ERROR_NOT_SUPPORTED, .description = }
02-21 16:40:52.092   504   504 I thermal_repeater: [recvMdThermalInfo] ret=28, strLen=127,  2, 32767, -127, 0, 32767, 0
02-21 16:40:52.092 30146 30146 I ADB_SERVICES: fdevent_loop length=1
02-21 16:40:53.828   822   968 E WifiVendorHal: getWifiLinkLayerStats(l.937) failed {.code = ERROR_NOT_SUPPORTED, .description = }
02-21 16:40:53.830 30146 30146 I ADB_SERVICES: local_socket_flush_outgoing read_data=1678
02-21 16:40:53.835   822  1052 D AES     : AEEIOCTL_GET/SET_SF_STATE IOCTL,cmd= 1074294797, lParam=0. 
02-21 16:40:53.835   822  1052 D AES     : AEEIOCTL_RT_MON_Kick IOCTL,cmd= 2147774474, lParam=300. 
02-21 16:40:55.733   489   523 E storaged: getDiskStats failed with result NOT_SUPPORTED and size 0
02-21 16:40:56.839   822   968 E WifiVendorHal: getWifiLinkLayerStats(l.937) failed {.code = ERROR_NOT_SUPPORTED, .description = }
02-21 16:40:59.857   822   968 E WifiVendorHal: getWifiLinkLayerStats(l.937) failed {.code = ERROR_NOT_SUPPORTED, .description = }
02-21 16:41:00.023   366  1278 I BufferQueueProducer: [StatusBar#0](this:0xae1f3000,id:4,api:1,p:1009,c:366) queueBuffer: fps=0.05 dur=59990.39 max=59959.47 min=10.87
02-21 16:41:00.033   366   366 I SurfaceFlinger: [Built-in Screen (type:0)] fps:0.209719,dur:38146.22,max:38033.33,min:14.93
02-21 16:41:02.111   504   504 I thermal_repeater: [recvMdThermalInfo] ret=28, strLen=127,  2, 32767, -127, 0, 32767, 0
02-21 16:41:02.874   822   968 E WifiVendorHal: getWifiLinkLayerStats(l.937) failed {.code = ERROR_NOT_SUPPORTED, .description = }
02-21 16:41:04.804   822   822 I PowerWrap: PowerHal_TouchBoost
02-21 16:41:04.811   822   980 D AudioTrack: setVolume(): 0x9b4f8780, left = 0.501187, right = 0.501187
02-21 16:41:04.811   822   980 E AudioTrack: start(): 0x9b4f8780, mState = 1
02-21 16:41:04.811   361  3006 D APM_AudioPolicyManager: startOutput() output 13, stream 1, session 145
02-21 16:41:04.811   361  3006 V APM::AudioOutputDescriptor: changeRefCount() stream 1, count 1
02-21 16:41:04.814   344  3116 D AudioALSAStreamManager: +syncSharedOutDevice(), routingSharedOutDevice: 2
02-21 16:41:04.815   344  3116 D AudioALSAStreamManager: -syncSharedOutDevice()
02-21 16:41:04.815   344  3116 D AudioALSAStreamManager: setMasterVolume(), volume = 1.000000
02-21 16:41:04.815   344  3116 D AudioMTKGainController: setNormalVolume(), mSceneIndex = 0, stream 1, devices 0x2, index 8, mode 0x0
02-21 16:41:04.815   344  3116 D AudioMTKGainController: setSpeakerGain(), gain = 18, spkAnaType = 3, spkLMixerName = Lineout_PGAL_GAIN, spkRMixerName = Lineout_PGAR_GAIN
02-21 16:41:04.815   344  3116 D AudioALSAStreamOut: open(), flags 6
02-21 16:41:04.815   344  3116 D AudioALSAStreamManager: +createPlaybackHandler(), mAudioMode = 0, output_devices = 0x2, isMixerOut = 0x0, flag = 6
02-21 16:41:04.815   344  3116 D AudioALSAPlaybackHandlerNormal: +open(), flag 6, mDevice = 0x2
02-21 16:41:04.815   344  3116 D AudioALSADeviceParser: compare pcm success = 7, stringpair = I2S0DL1_PLayback
02-21 16:41:04.815   344  3116 D AudioALSAPlaybackHandlerBase: transferAudioFormatToPcmFormat(), audio_format(0x4) => pcm_format(0x1)
02-21 16:41:04.815   344  3116 D AudioALSAPlaybackHandlerNormal: open(), mConfig: channels = 2, rate = 48000, period_size = 256, period_count = 2, format = 1, avail_min = 256, start_threshold = 512
02-21 16:41:04.815   344  3116 D AudioALSAPlaybackHandlerNormal: SetLowJitterMode(), bypass low jitter mode, bEnable = 1, device = 0x2, SampleRate = 48000
02-21 16:41:04.816   344  3116 D AudioALSAPlaybackHandlerBase: openPcmDriverWithFlag(), pcm device = 7 flag = 0x8 mPcm = 0xb59a87e0
02-21 16:41:04.816   344  3116 D AudioALSAPlaybackHandlerBase: CreateAurisysLibManager, voip: 0, mAurisysScenario: 1
02-21 16:41:04.816   344  3116 D aurisys_utility: input dev: 0x0, fmt = 0x3, fs: 48000, max fs: 48000, ch: 2, max ch: 1, ch maks: 0x3, hw_info_mask: 0x0; output dev: 0x2, fmt = 0x3, fs: 48000, max fs: 48000, ch: 2, max ch: 2, ch maks: 0x3, hw_info_mask: 0x0; task_scene: 2, audio_mode: 0, output_flags: 0x6, input_source: 0, input_flags: 0x0, enhancement_feature_mask: 0x0
02-21 16:41:04.816   344  3116 D aurisys_utility: lib, working fs: 48000, fmt: 0x3, frame = 0, b_interleave = 1, num_ul_ref_buf_array = 0, num_dl_ref_buf_array = 0
02-21 16:41:04.816   344  3116 D aurisys_utility: dl in[type:2], ch: 2, ch_mask: 0x0, buf fs: 48000, buf content fs: 48000, fmt: 0x3; dl out[type:3], ch: 2, ch_mask: 0x0, buf fs: 48000, buf content fs: 48000, fmt: 0x3
02-21 16:41:04.816   344  3116 D AudioCompFltCustParam: getPlaybackPostProcessParameterFromXML Type/Name [5]/[PlaybackDRC]
02-21 16:41:04.816   344  3116 D AudioCompFltCustParam: getPlaybackPostProcessParameterFromXML Type/Name [0]/[PlaybackACF]
02-21 16:41:04.816   344  3116 D aurisys_lib_handler: aurisys_arsi_parsing_param_file(), gProductInfo "platform=invalid,device=SP_B08,model=O1", file_path "/vendor/etc/audio_param", enhancement_mode 0, param_buf_size 2528, data_size 2528
02-21 16:41:04.816   344  3116 D aurisys_lib_handler: aurisys_arsi_create_handler(), lib_name mtk_bessound, 0xb4842380, memory_size 72532, arsi_handler 0xb47cf3c0, retval 0
02-21 16:41:04.816   344  3116 D aurisys_lib_handler: aurisys_arsi_create_handler(), arsi_query_process_unit_bytes, ul 0, dl 512, retval 0
02-21 16:41:04.816   344  3116 D aurisys_lib_manager: DL Lib, lib_name mtk_bessound, 0xb4842380, sample_rate: 48000 => 48000, num_channels: 2 => 2, audio_format: 0x3 => 0x3, interleave: 1 => 1, frame: 0 => 0
02-21 16:41:04.816   344  3116 D aurisys_lib_manager: DL out, sample_rate: 48000 => 48000, num_channels: 2 => 2, audio_format: 0x3 => 0x4, interleave: 1 => 1, frame: 0 => 0
02-21 16:41:04.817   344  3116 D AudioALSAHardwareResourceManager: +startOutputDevice(), new_devices = 0x2, mOutputDevices = 0x0, mStartOutputDevicesCount = 0 SampleRate = 48000
02-21 16:41:04.817   344  3116 D AudioALSADeviceConfigManager: ApplyDeviceTurnonSequenceByName() DeviceName = speaker_output descriptor->DeviceStatusCounte = 0
02-21 16:41:04.818   344  3116 D AudioALSADeviceConfigManager: ApplyDeviceTurnonSequenceByName() DeviceName = ext_speaker_output descriptor->DeviceStatusCounte = 0
02-21 16:41:04.821   822   822 I PowerWrap: PowerHal_TouchBoost
02-21 16:41:04.828   344  3116 D AudioALSAStreamManager: speakerStatusChangeCb(), status = 0
02-21 16:41:04.828   344  3116 D AudioVoiceUIDL: [GetSRCInputParameter] mOutputSampleRate 16000,  mInputSampleRate 48000, mInChannel 2, mOutChannel, 0 format 4
02-21 16:41:04.828   344  3116 D AudioVoiceUIDL: [GetSRCInputParameter] create SRC handle fail
02-21 16:41:04.828   344  3116 D AudioALSAPlaybackHandlerNormal: -open()
02-21 16:41:04.828   344  3116 E AudioALSAPlaybackHandlerBase: -getHardwareBufferInfo(), pcm_get_htimestamp fail, ret = -1, pcm_get_error = 
02-21 16:41:04.829   366   387 I BufferQueueProducer: [NavigationBar#0](this:0xae905000,id:706,api:1,p:1009,c:366) queueBuffer: fps=0.02 dur=43044.58 max=43044.58 min=43044.58
02-21 16:41:04.839   366   366 I SurfaceFlinger: [Built-in Screen (type:0)] fps:0.624319,dur:4805.23,max:4774.74,min:14.61
02-21 16:41:04.846   822  1639 I ActivityManager: START u0 {flg=0x10804000 cmp=com.android.systemui/.recents.RecentsActivity} from uid 10014
02-21 16:41:04.847  1009  1009 I BufferQueue: [unnamed-1009-29](this:0x84f16000,id:29,api:0,p:-1,c:-1) BufferQueue core=(1009:com.android.systemui)
02-21 16:41:04.844  1009  1009 W ndroid.systemui: type=1400 audit(0.0:1683): avc: denied { read } for name="u:object_r:graphics_debug_prop:s0" dev="tmpfs" ino=10030 scontext=u:r:platform_app:s0:c512,c768 tcontext=u:object_r:graphics_debug_prop:s0 tclass=file permissive=0
02-21 16:41:04.847   357  1276 I vendor.mediatek.hardware.power@2.0-impl: powerHintAsync hint:8, data:1
02-21 16:41:04.848   357   382 I libPowerHal: 8: cpu_ctrl set freq: 2001000 -1
02-21 16:41:04.849  1009  1009 E libc    : Access denied finding property "vendor.debug.sf.stc_interval"
02-21 16:41:04.847  1009  1009 W ndroid.systemui: type=1400 audit(0.0:1684): avc: denied { read } for name="u:object_r:debug_bq_dump_prop:s0" dev="tmpfs" ino=9990 scontext=u:r:platform_app:s0:c512,c768 tcontext=u:object_r:debug_bq_dump_prop:s0 tclass=file permissive=0
02-21 16:41:04.851  1009  1009 E libc    : Access denied finding property "vendor.debug.bq.dump"
02-21 16:41:04.851  1009  1009 I BufferQueueConsumer: [unnamed-1009-29](this:0x84f16000,id:29,api:0,p:-1,c:1009) connect(C): consumer=(1009:com.android.systemui) controlledByApp=false
02-21 16:41:04.851  1009  1009 W ndroid.systemui: type=1400 audit(0.0:1685): avc: denied { read } for name="u:object_r:debug_bq_dump_prop:s0" dev="tmpfs" ino=9990 scontext=u:r:platform_app:s0:c512,c768 tcontext=u:object_r:debug_bq_dump_prop:s0 tclass=file permissive=0
02-21 16:41:04.852  1009  1009 E libc    : Access denied finding property "vendor.debug.bq.dump"
02-21 16:41:04.853  1009  1009 I BufferQueueConsumer: [unnamed-1009-29](this:0x84f16000,id:29,api:0,p:-1,c:1009) setConsumerName: unnamed-1009-29
02-21 16:41:04.853  1009  1009 E libc    : Access denied finding property "vendor.debug.bq.line"
02-21 16:41:04.853  1009  1009 I BufferQueueConsumer: [unnamed-1009-29](this:0x84f16000,id:29,api:0,p:-1,c:1009) setDefaultBufferSize: width=656 height=112
02-21 16:41:04.851  1009  1009 W ndroid.systemui: type=1400 audit(0.0:1686): avc: denied { read } for name="u:object_r:graphics_debug_prop:s0" dev="tmpfs" ino=10030 scontext=u:r:platform_app:s0:c512,c768 tcontext=u:object_r:graphics_debug_prop:s0 tclass=file permissive=0
02-21 16:41:04.859   822  1639 I PowerWrap: PowerHal_Wrap_mtkPowerHint
02-21 16:41:04.859   822  1639 V WindowManager: Set focused app to: AppWindowToken{de83c7e token=Token{3ad2e39 ActivityRecord{e6a3600 u0 com.android.systemui/.recents.RecentsActivity t35}}} old focus=AppWindowToken{7e645d8 token=Token{5867cbb ActivityRecord{c29854a u0 com.anonymous.innobet/.MainActivity t118}}} moveFocusNow=true
02-21 16:41:04.860   822  1639 V WindowManager: findFocusedWindow: Reached focused app=AppWindowToken{de83c7e token=Token{3ad2e39 ActivityRecord{e6a3600 u0 com.android.systemui/.recents.RecentsActivity t35}}}
02-21 16:41:04.860   822  1639 V WindowManager: Changing focus from Window{457689e u0 com.anonymous.innobet/com.anonymous.innobet.MainActivity} to null Callers=com.android.server.wm.WindowManagerService.setFocusedApp:2630 com.android.server.am.ActivityManagerService.setResumedActivityUncheckLocked:3634 com.android.server.am.ActivityStack.onActivityStateChanged:503 com.android.server.am.TaskRecord.onActivityStateChanged:1794 
02-21 16:41:04.860   822  1639 D WindowManager: Input focus has changed to null
02-21 16:41:04.859   822  1639 I chatty  : uid=1000(system) Binder:822_B identical 1 line
02-21 16:41:04.859   822  1639 I PowerWrap: PowerHal_Wrap_mtkPowerHint
02-21 16:41:04.861  1009  1009 W RenderThread: type=1400 audit(0.0:1687): avc: denied { read } for name="u:object_r:graphics_debug_prop:s0" dev="tmpfs" ino=10030 scontext=u:r:platform_app:s0:c512,c768 tcontext=u:object_r:graphics_debug_prop:s0 tclass=file permissive=0
02-21 16:41:04.863  1009  1342 D Surface : Surface::connect(this=0x865c5800,api=1)
02-21 16:41:04.863  1009  1342 I BufferQueueProducer: [unnamed-1009-29](this:0x84f16000,id:29,api:1,p:1009,c:1009) connect(P): api=1 producer=(1009:com.android.systemui) producerControlledByApp=false
02-21 16:41:04.864   822   901 I WindowManager: Focus moving from Window{457689e u0 com.anonymous.innobet/com.anonymous.innobet.MainActivity} to null
02-21 16:41:04.865  1009  1342 E libc    : Access denied finding property "vendor.debug.bq.line"
02-21 16:41:04.873   357  1276 I vendor.mediatek.hardware.power@2.0-impl: notifyAppState pack:com.android.systemui, act:com.android.systemui.recents.RecentsActivity, pid:1009, state:1
02-21 16:41:04.875   357   382 I libPowerHal: [perfNotifyAppState] foreground:com.android.systemui, pid:1009
02-21 16:41:04.881  1009  1342 D Surface : Surface::disconnect(this=0x865c5800,api=1)
02-21 16:41:04.881  1009  1342 I BufferQueueProducer: [unnamed-1009-29](this:0x84f16000,id:29,api:1,p:1009,c:1009) disconnect(P): api 1
02-21 16:41:04.881  1009  1342 D BufferQueueConsumer: [unnamed-1009-29](this:0x84f16000,id:29,api:1,p:-1,c:1009) getReleasedBuffers: returning mask 0xffffffffffffffff
02-21 16:41:04.883  1009  1009 I BufferQueueConsumer: [unnamed-1009-29](this:0x84f16000,id:29,api:1,p:-1,c:-1) disconnect(C)
02-21 16:41:04.883  1009  1009 I BufferQueue: [unnamed-1009-29](this:0x84f16000,id:29,api:1,p:-1,c:-1) ~BufferQueueCore
02-21 16:41:04.906  1009  1009 V PhoneWindow: DecorView setVisiblity: visibility = 0, Parent = android.view.ViewRootImpl@e2a2d20, this = DecorView@1b0c9dd[RecentsActivity]
02-21 16:41:04.910   822  1643 I WindowManager: Relayout Window{b91f8e2 u0 com.android.systemui/com.android.systemui.recents.RecentsActivity}: oldVis=4 newVis=0 focusMayChange = true
02-21 16:41:04.914   366  1278 I BufferQueue: [unnamed-366-781](this:0xae90b000,id:781,api:0,p:-1,c:-1) BufferQueue core=(366:/system/bin/surfaceflinger)
02-21 16:41:04.914   366  1278 I BufferQueueConsumer: [unnamed-366-781](this:0xae90b000,id:781,api:0,p:-1,c:366) connect(C): consumer=(366:/system/bin/surfaceflinger) controlledByApp=false
02-21 16:41:04.915   366  1278 I BufferQueueConsumer: [unnamed-366-781](this:0xae90b000,id:781,api:0,p:-1,c:366) setConsumerName: unnamed-366-781
02-21 16:41:04.915   366  1278 I BufferQueueConsumer: [com.android.systemui/com.android.systemui.recents.RecentsActivity#0](this:0xae90b000,id:781,api:0,p:-1,c:366) setConsumerName: com.android.systemui/com.android.systemui.recents.RecentsActivity#0
02-21 16:41:04.915   366  1278 I BufferQueueConsumer: [com.android.systemui/com.android.systemui.recents.RecentsActivity#0](this:0xae90b000,id:781,api:0,p:-1,c:366) setDefaultBufferSize: width=720 height=1440
02-21 16:41:04.916   822  1643 V WindowManager: Changing focus from null to Window{b91f8e2 u0 com.android.systemui/com.android.systemui.recents.RecentsActivity} Callers=com.android.server.wm.WindowManagerService.relayoutWindow:2134 com.android.server.wm.Session.relayout:244 android.view.IWindowSession$Stub.onTransact:309 com.android.server.wm.Session.onTransact:164 
02-21 16:41:04.916   822  1643 D WindowManager: Input focus has changed to Window{b91f8e2 u0 com.android.systemui/com.android.systemui.recents.RecentsActivity}
02-21 16:41:04.917   822   901 I WindowManager: Focus moving from null to Window{b91f8e2 u0 com.android.systemui/com.android.systemui.recents.RecentsActivity}
02-21 16:41:04.921  1009  1342 D Surface : Surface::connect(this=0x865c5800,api=1)
02-21 16:41:04.921  1009  1009 D Surface : Surface::allocateBuffers(this=0x865c5800)
02-21 16:41:04.921   822  1005 D AudioTrack: setVolume(): 0x9b4f8780, left = 0.000000, right = 0.000000
02-21 16:41:04.921   822  1005 D AudioTrack: stop(): 0x9b4f8780, mState = 0
02-21 16:41:04.922   822  1005 D AudioTrack: audiotrack 0x9b4f8780 stop done
02-21 16:41:04.922   366   387 I BufferQueueProducer: [com.android.systemui/com.android.systemui.recents.RecentsActivity#0](this:0xae90b000,id:781,api:1,p:1009,c:366) connect(P): api=1 producer=(1009:com.android.systemui) producerControlledByApp=true
02-21 16:41:04.924 31870 31870 V PhoneWindow: DecorView setVisiblity: visibility = 4, Parent = android.view.ViewRootImpl@46a9010, this = DecorView@5a46709[MainActivity]
02-21 16:41:04.932  1009  1009 V StatusBar: mStatusBarWindow: com.android.systemui.statusbar.phone.StatusBarWindowView{e5a08aa V.ED..... ........ 0,0-720,48} canPanelBeCollapsed(): false
02-21 16:41:04.932  1009  1009 I vol.Events: writeEvent dismiss_dialog volume_controller
02-21 16:41:04.942 31870 31888 D Surface : Surface::disconnect(this=0x9b4c5000,api=1)
02-21 16:41:04.943   366  1289 I BufferQueueProducer: [com.anonymous.innobet/com.anonymous.innobet.MainActivity#0](this:0xae248000,id:778,api:1,p:31870,c:366) disconnect(P): api 1
02-21 16:41:04.943   366  1289 D BufferQueueConsumer: [com.anonymous.innobet/com.anonymous.innobet.MainActivity#0](this:0xae248000,id:778,api:1,p:-1,c:366) getReleasedBuffers: returning mask 0xffffffffffffffff
02-21 16:41:04.963 31870 31903 I ReactNativeJNI: Memory warning (pressure level: TRIM_MEMORY_UI_HIDDEN) received by JS VM, ignoring because it's non-severe
02-21 16:41:04.963   366  1289 I BufferQueue: [unnamed-366-782](this:0xae977000,id:782,api:0,p:-1,c:-1) BufferQueue core=(366:/system/bin/surfaceflinger)
02-21 16:41:04.963   366  1289 I BufferQueueConsumer: [unnamed-366-782](this:0xae977000,id:782,api:0,p:-1,c:366) connect(C): consumer=(366:/system/bin/surfaceflinger) controlledByApp=false
02-21 16:41:04.963   366  1289 I BufferQueueConsumer: [unnamed-366-782](this:0xae977000,id:782,api:0,p:-1,c:366) setConsumerName: unnamed-366-782
02-21 16:41:04.963   366  1289 I BufferQueueConsumer: [thumbnail anim: AppWindowToken{7e645d8 token=Token{5867cbb ActivityRecord{c29854a u0 com.anonymous.innobet/.MainActivity t118}}}#0](this:0xae977000,id:782,api:0,p:-1,c:366) setConsumerName: thumbnail anim: AppWindowToken{7e645d8 token=Token{5867cbb ActivityRecord{c29854a u0 com.anonymous.innobet/.MainActivity t118}}}#0
02-21 16:41:04.964   366  1289 I BufferQueueConsumer: [thumbnail anim: AppWindowToken{7e645d8 token=Token{5867cbb ActivityRecord{c29854a u0 com.anonymous.innobet/.MainActivity t118}}}#0](this:0xae977000,id:782,api:0,p:-1,c:366) setDefaultBufferSize: width=656 height=112
02-21 16:41:04.964   822   938 D Surface : Surface::connect(this=0x7efde800,api=2)
02-21 16:41:04.965   366  1278 I BufferQueueProducer: [thumbnail anim: AppWindowToken{7e645d8 token=Token{5867cbb ActivityRecord{c29854a u0 com.anonymous.innobet/.MainActivity t118}}}#0](this:0xae977000,id:782,api:2,p:822,c:366) connect(P): api=2 producer=(822:system_server) producerControlledByApp=false
02-21 16:41:04.967   822   938 D Surface : Surface::disconnect(this=0x7efde800,api=2)
02-21 16:41:04.967   366   615 I BufferQueueProducer: [thumbnail anim: AppWindowToken{7e645d8 token=Token{5867cbb ActivityRecord{c29854a u0 com.anonymous.innobet/.MainActivity t118}}}#0](this:0xae977000,id:782,api:2,p:822,c:366) disconnect(P): api 2
02-21 16:41:04.967   366   615 D BufferQueueConsumer: [thumbnail anim: AppWindowToken{7e645d8 token=Token{5867cbb ActivityRecord{c29854a u0 com.anonymous.innobet/.MainActivity t118}}}#0](this:0xae977000,id:782,api:2,p:-1,c:366) getReleasedBuffers: returning mask 0xffffffffffffffff
02-21 16:41:04.975   366   366 I SurfaceFlinger: screenshot (com.anonymous.innobet/com.anonymous.innobet.MainActivity#0)
02-21 16:41:04.995   366   387 I BufferQueueProducer: [StatusBar#0](this:0xae1f3000,id:4,api:1,p:1009,c:366) queueBuffer: fps=0.60 dur=4972.23 max=4943.34 min=11.48
02-21 16:41:05.009   357  1276 I vendor.mediatek.hardware.power@2.0-impl: powerHintAsync hint:8, data:0
02-21 16:41:05.010   822  1639 I PowerWrap: PowerHal_Wrap_mtkPowerHint
02-21 16:41:05.011   361   413 D APM_AudioPolicyManager: stopOutput() output 13, stream 1, session 145
02-21 16:41:05.011   361   413 V APM::AudioOutputDescriptor: changeRefCount() stream 1, count 0
02-21 16:41:05.014   357   382 I libPowerHal: 16: cpu_ctrl set freq: -1 -1
02-21 16:41:05.023   366   366 I BufferQueueProducer: [FramebufferSurface](this:0xaf297000,id:0,api:1,p:366,c:366) queueBuffer: fps=0.11 dur=182421.11 max=182111.70 min=14.27
02-21 16:41:05.176  1009  1053 I ndroid.systemu: NativeAlloc concurrent copying GC freed 15289(1100KB) AllocSpace objects, 0(0B) LOS objects, 50% free, 4MB/9MB, paused 212us total 141.102ms
02-21 16:41:05.316   366  1289 W SurfaceFlinger: Attempting to set client state on removed layer: thumbnail anim: AppWindowToken{7e645d8 token=Token{5867cbb ActivityRecord{c29854a u0 com.anonymous.innobet/.MainActivity t118}}}#0
02-21 16:41:05.318   366  1289 W SurfaceFlinger: Attempting to set client state on removed layer: com.anonymous.innobet/com.anonymous.innobet.MainActivity#0
02-21 16:41:05.318   366  1289 W SurfaceFlinger: Attempting to destroy on removed layer: thumbnail anim: AppWindowToken{7e645d8 token=Token{5867cbb ActivityRecord{c29854a u0 com.anonymous.innobet/.MainActivity t118}}}#0
02-21 16:41:05.318   366  1289 W SurfaceFlinger: Attempting to destroy on removed layer: com.anonymous.innobet/com.anonymous.innobet.MainActivity#0
02-21 16:41:05.325   366   366 I BufferQueueConsumer: [com.anonymous.innobet/com.anonymous.innobet.MainActivity#0](this:0xae248000,id:778,api:1,p:-1,c:-1) disconnect(C)
02-21 16:41:05.326   366   366 I BufferQueueConsumer: [thumbnail anim: AppWindowToken{7e645d8 token=Token{5867cbb ActivityRecord{c29854a u0 com.anonymous.innobet/.MainActivity t118}}}#0](this:0xae977000,id:782,api:2,p:-1,c:-1) disconnect(C)
02-21 16:41:05.329   366   366 I BufferQueue: [thumbnail anim: AppWindowToken{7e645d8 token=Token{5867cbb ActivityRecord{c29854a u0 com.anonymous.innobet/.MainActivity t118}}}#0](this:0xae977000,id:782,api:2,p:-1,c:-1) ~BufferQueueCore
02-21 16:41:05.343   822  2518 I OpenGLRenderer: Initialized EGL, version 1.4
02-21 16:41:05.343   822  2518 D OpenGLRenderer: Swap behavior 2
02-21 16:41:05.524   344   670 D AudioALSAStreamOut: standby(), flag 6
02-21 16:41:05.524   344   670 D AudioALSAStreamOut: standbyStreamOut(), flag 6
02-21 16:41:05.524   344   670 D AudioALSAStreamOut: close(), flags 6
02-21 16:41:05.524   344   670 D AudioALSAPlaybackHandlerNormal: +close(), flag 6, mDevice = 0x2
02-21 16:41:05.524   344   670 D AudioVoiceUIDL: [SetInputStandBy] ReadRefFromRing to exit? (0) 
02-21 16:41:05.524   344   670 D AudioALSAHardwareResourceManager: +stopOutputDevice(), mOutputDevices = 0x2, mStartOutputDevicesCount = 1
02-21 16:41:05.524   344   670 D AudioALSADeviceConfigManager: ApplyDeviceTurnoffSequenceByName(), DeviceName = ext_speaker_output descriptor->DeviceStatusCounter = 1
02-21 16:41:05.524   344   670 D AudioALSADeviceConfigManager: ApplyDeviceTurnoffSequenceByName(), DeviceName = speaker_output descriptor->DeviceStatusCounter = 1
02-21 16:41:05.525   344   670 D AudioALSAStreamManager: speakerStatusChangeCb(), status = 1
02-21 16:41:05.525   344   670 D AudioALSAPlaybackHandlerBase: -closePcmDriver(), mPcm = 0x0
02-21 16:41:05.525   344   670 D AudioALSAPlaybackHandlerNormal: SetLowJitterMode(), bypass low jitter mode, bEnable = 0, device = 0x2, SampleRate = 48000
02-21 16:41:05.525   344   670 D AudioALSAPlaybackHandlerBase: DestroyAurisysLibManager()
02-21 16:41:05.525   344   670 D aurisys_lib_handler: aurisys_arsi_destroy_handler(), lib_name mtk_bessound, 0xb4842380, arsi_destroy_handler, arsi_handler = 0xb47cf3c0, retval = 0
02-21 16:41:05.526   344   670 D aurisys_lib_manager: delete_aurisys_lib_manager(), manager 0xb59ed420
02-21 16:41:05.526   344   670 D AudioALSAPlaybackHandlerNormal: -close()
02-21 16:41:05.667   822   822 I PowerWrap: PowerHal_TouchBoost
02-21 16:41:05.677   822   822 I PowerWrap: PowerHal_TouchBoost
02-21 16:41:05.846   366   366 I SurfaceFlinger: [Built-in Screen (type:0)] fps:60.534664,dur:1007.69,max:31.69,min:11.74
02-21 16:41:05.873   822   878 I system_server: NativeAlloc concurrent copying GC freed 60963(2MB) AllocSpace objects, 8(352KB) LOS objects, 31% free, 12MB/18MB, paused 350us total 373.440ms
02-21 16:41:05.892   822   968 E WifiVendorHal: getWifiLinkLayerStats(l.937) failed {.code = ERROR_NOT_SUPPORTED, .description = }
02-21 16:41:05.904   822  3054 I ActivityManager: START u0 {act=android.intent.action.MAIN cat=[android.intent.category.HOME] flg=0x10200000 cmp=com.android.launcher3/.Launcher} from uid 10014
02-21 16:41:05.905   357  1276 I vendor.mediatek.hardware.power@2.0-impl: powerHintAsync hint:8, data:1
02-21 16:41:05.907   357   382 I libPowerHal: 8: cpu_ctrl set freq: 2001000 -1
02-21 16:41:05.914   822  3054 I PowerWrap: PowerHal_Wrap_mtkPowerHint
02-21 16:41:05.915   822  3054 V WindowManager: Set focused app to: AppWindowToken{5c2ba5d token=Token{6938c34 ActivityRecord{ff5b307 u0 com.android.launcher3/.Launcher t2}}} old focus=AppWindowToken{de83c7e token=Token{3ad2e39 ActivityRecord{e6a3600 u0 com.android.systemui/.recents.RecentsActivity t35}}} moveFocusNow=true
02-21 16:41:05.915   822  3054 V WindowManager: findFocusedWindow: Reached focused app=AppWindowToken{5c2ba5d token=Token{6938c34 ActivityRecord{ff5b307 u0 com.android.launcher3/.Launcher t2}}}
02-21 16:41:05.916   822  3054 V WindowManager: Changing focus from Window{b91f8e2 u0 com.android.systemui/com.android.systemui.recents.RecentsActivity} to null Callers=com.android.server.wm.WindowManagerService.setFocusedApp:2630 com.android.server.am.ActivityManagerService.setResumedActivityUncheckLocked:3634 com.android.server.am.ActivityStack.onActivityStateChanged:503 com.android.server.am.TaskRecord.onActivityStateChanged:1794 
02-21 16:41:05.916   822  3054 D WindowManager: Input focus has changed to null
02-21 16:41:05.914   822  3054 I PowerWrap: PowerHal_Wrap_mtkPowerHint
02-21 16:41:05.919   357  1276 I vendor.mediatek.hardware.power@2.0-impl: notifyAppState pack:com.android.launcher3, act:com.android.launcher3.Launcher, pid:1620, state:1
02-21 16:41:05.920   357   382 I libPowerHal: [perfNotifyAppState] foreground:com.android.launcher3, pid:1620
02-21 16:41:05.921   822   901 I WindowManager: Focus moving from Window{b91f8e2 u0 com.android.systemui/com.android.systemui.recents.RecentsActivity} to null
02-21 16:41:05.930  1009  1009 V StatusBar: mStatusBarWindow: com.android.systemui.statusbar.phone.StatusBarWindowView{e5a08aa V.ED..... ........ 0,0-720,48} canPanelBeCollapsed(): false
02-21 16:41:05.931  1009  1009 I vol.Events: writeEvent dismiss_dialog volume_controller
02-21 16:41:05.943   822  1643 I ActivityManager: Killing 31870:com.anonymous.innobet/u0a64 (adj 900): remove task
02-21 16:41:05.946   822   895 W libprocessgroup: kill(-31870, 9) failed: No such process
02-21 16:41:05.956  1620  1620 V PhoneWindow: DecorView setVisiblity: visibility = 0, Parent = android.view.ViewRootImpl@6387714, this = DecorView@7cafbbd[Launcher]
02-21 16:41:05.958   366  1289 I BufferQueueProducer: [com.android.systemui/com.android.systemui.recents.RecentsActivity#0](this:0xae90b000,id:781,api:1,p:1009,c:366) queueBuffer: fps=46.96 dur=1000.90 max=241.73 min=5.98
02-21 16:41:05.961   822  3074 I WindowManager: Relayout Window{8e39278 u0 com.android.launcher3/com.android.launcher3.Launcher}: oldVis=4 newVis=0 focusMayChange = true
02-21 16:41:05.965   366  1289 I BufferQueue: [unnamed-366-783](this:0xae249000,id:783,api:0,p:-1,c:-1) BufferQueue core=(366:/system/bin/surfaceflinger)
02-21 16:41:05.966   366  1289 I BufferQueueConsumer: [unnamed-366-783](this:0xae249000,id:783,api:0,p:-1,c:366) connect(C): consumer=(366:/system/bin/surfaceflinger) controlledByApp=false
02-21 16:41:05.966   366  1289 I BufferQueueConsumer: [unnamed-366-783](this:0xae249000,id:783,api:0,p:-1,c:366) setConsumerName: unnamed-366-783
02-21 16:41:05.966   366  1289 I BufferQueueConsumer: [com.android.launcher3/com.android.launcher3.Launcher#0](this:0xae249000,id:783,api:0,p:-1,c:366) setConsumerName: com.android.launcher3/com.android.launcher3.Launcher#0
02-21 16:41:05.966   366  1289 I BufferQueueConsumer: [com.android.launcher3/com.android.launcher3.Launcher#0](this:0xae249000,id:783,api:0,p:-1,c:366) setDefaultBufferSize: width=720 height=1440
02-21 16:41:05.967   822  3074 V WindowManager: Changing focus from null to Window{8e39278 u0 com.android.launcher3/com.android.launcher3.Launcher} Callers=com.android.server.wm.WindowManagerService.relayoutWindow:2134 com.android.server.wm.Session.relayout:244 android.view.IWindowSession$Stub.onTransact:309 com.android.server.wm.Session.onTransact:164 
02-21 16:41:05.967   822  3074 D WindowManager: Input focus has changed to Window{8e39278 u0 com.android.launcher3/com.android.launcher3.Launcher}
02-21 16:41:05.969   822   901 I WindowManager: Focus moving from null to Window{8e39278 u0 com.android.launcher3/com.android.launcher3.Launcher}
02-21 16:41:05.970  1009  1009 V PhoneWindow: DecorView setVisiblity: visibility = 4, Parent = android.view.ViewRootImpl@e2a2d20, this = DecorView@1b0c9dd[RecentsActivity]
02-21 16:41:05.970  1620  1846 D Surface : Surface::connect(this=0x9b4c5000,api=1)
02-21 16:41:05.970  1620  1620 D Surface : Surface::allocateBuffers(this=0x9b4c5000)
02-21 16:41:05.971   366   386 I BufferQueueProducer: [com.android.launcher3/com.android.launcher3.Launcher#0](this:0xae249000,id:783,api:1,p:1620,c:366) connect(P): api=1 producer=(1620:com.android.launcher3) producerControlledByApp=true
02-21 16:41:05.979  1009  1342 D Surface : Surface::disconnect(this=0x865c5800,api=1)
02-21 16:41:05.980   366   615 I BufferQueueProducer: [com.android.systemui/com.android.systemui.recents.RecentsActivity#0](this:0xae90b000,id:781,api:1,p:1009,c:366) disconnect(P): api 1
02-21 16:41:05.980   366   615 D BufferQueueConsumer: [com.android.systemui/com.android.systemui.recents.RecentsActivity#0](this:0xae90b000,id:781,api:1,p:-1,c:366) getReleasedBuffers: returning mask 0xffffffffffffffff
02-21 16:41:05.980  1009  1342 D OpenGLRenderer: endAllActiveAnimators on 0x9b4f4f80 (RippleDrawable) with handle 0x867fa370
02-21 16:41:05.991   822   895 W libprocessgroup: kill(-31870, 9) failed: No such process
02-21 16:41:06.013   357  1276 I vendor.mediatek.hardware.power@2.0-impl: powerHintAsync hint:8, data:0
02-21 16:41:06.023   822  1643 I PowerWrap: PowerHal_Wrap_mtkPowerHint
02-21 16:41:06.024   357   382 I libPowerHal: 16: cpu_ctrl set freq: -1 -1
02-21 16:41:06.041   822   895 W libprocessgroup: kill(-31870, 9) failed: No such process
02-21 16:41:06.052   822   953 W InputDispatcher: channel '457689e com.anonymous.innobet/com.anonymous.innobet.MainActivity (server)' ~ Consumer closed input channel or an error occurred.  events=0x9
02-21 16:41:06.052   822   953 E InputDispatcher: channel '457689e com.anonymous.innobet/com.anonymous.innobet.MainActivity (server)' ~ Channel is unrecoverably broken and will be disposed!
02-21 16:41:06.053   822  4240 D MtkConnectivityService: ConnectivityService NetworkRequestInfo binderDied(NetworkRequest [ TRACK_DEFAULT id=286, [ Capabilities: INTERNET&NOT_RESTRICTED&TRUSTED Unwanted:  Uid: 10064] ], android.os.BinderProxy@388fc3b)
02-21 16:41:06.054   366  1289 I BufferQueue: [com.anonymous.innobet/com.anonymous.innobet.MainActivity#0](this:0xae248000,id:778,api:1,p:-1,c:-1) ~BufferQueueCore
02-21 16:41:06.055   366   366 I BufferQueueConsumer: [com.android.systemui/com.android.systemui.recents.RecentsActivity#0](this:0xae90b000,id:781,api:1,p:-1,c:-1) disconnect(C)
02-21 16:41:06.056   822   971 D MtkConnectivityService: releasing NetworkRequest [ TRACK_DEFAULT id=286, [ Capabilities: INTERNET&NOT_RESTRICTED&TRUSTED Unwanted:  Uid: 10064] ] (release request)
02-21 16:41:06.065   822  3054 I WindowManager: WIN DEATH: Window{457689e u0 com.anonymous.innobet/com.anonymous.innobet.MainActivity}
02-21 16:41:06.066   822  3054 W InputDispatcher: Attempted to unregister already unregistered input channel '457689e com.anonymous.innobet/com.anonymous.innobet.MainActivity (server)'
02-21 16:41:06.074   366   387 I SurfaceFlinger: [SF client] Remove(0xae946e10) for (822:system_server)
02-21 16:41:06.088   822   895 W libprocessgroup: kill(-31870, 9) failed: No such process
02-21 16:41:06.088   822   895 I libprocessgroup: Successfully killed process cgroup uid 10064 pid 31870 in 142ms
02-21 16:41:06.095   822   901 W ActivityManager: setHasOverlayUi called on unknown pid: 31870
02-21 16:41:06.096   361  3006 D APM_AudioPolicyManager: AudioPolicyManager:setRecordSilenced(uid:10064, silenced:1)
02-21 16:41:06.096   361  3006 D AudioFlinger: AudioFlinger::setRecordSilenced(uid:10064, silenced:1)
02-21 16:41:06.125  1009  3707 I ndroid.systemu: Explicit concurrent copying GC freed 4630(313KB) AllocSpace objects, 0(0B) LOS objects, 49% free, 4MB/9MB, paused 161us total 152.420ms
02-21 16:41:06.529  1582 30765 D ACCS_TEST: MessageHandler onSend
02-21 16:41:06.575   822   822 I PowerWrap: PowerHal_TouchBoost
02-21 16:41:06.591   822   822 I PowerWrap: PowerHal_TouchBoost
02-21 16:41:06.596   822   980 D AudioTrack: setVolume(): 0x9b4f8780, left = 0.501187, right = 0.501187
02-21 16:41:06.597   822   980 E AudioTrack: start(): 0x9b4f8780, mState = 1
02-21 16:41:06.597   361  2359 D APM_AudioPolicyManager: startOutput() output 13, stream 1, session 145
02-21 16:41:06.597   361  2359 V APM::AudioOutputDescriptor: changeRefCount() stream 1, count 1
02-21 16:41:06.599   344  3116 D AudioALSAStreamManager: +syncSharedOutDevice(), routingSharedOutDevice: 2
02-21 16:41:06.599   344  3116 D AudioALSAStreamManager: -syncSharedOutDevice()
02-21 16:41:06.599   344  3116 D AudioALSAStreamManager: setMasterVolume(), volume = 1.000000
