02-21 16:23:31.504   822   964 W NetworkStatsRecorder: unknown interfaces [lo], ignoring those stats
02-21 16:23:31.505   822   964 W NetworkStatsRecorder: unknown interfaces [lo], ignoring those stats
02-21 16:23:31.779   822   964 I NetworkStatsRecorder: recordSnapshotLocked: ident[[{type=WIFI, subType=COMBINED, networkId="MAIS_NET_TELECOM_5.8G", metered=false, defaultNetwork=true}]]
02-21 16:23:31.779   822   964 W NetworkStatsRecorder: unknown interfaces [lo], ignoring those stats
02-21 16:23:31.779   822   964 I NetworkStatsRecorder: recordSnapshotLocked: ident[[{type=WIFI, subType=COMBINED, networkId="MAIS_NET_TELECOM_5.8G", metered=false, defaultNetwork=true}]]
02-21 16:23:31.779   822   964 W NetworkStatsRecorder: unknown interfaces [lo], ignoring those stats
02-21 16:23:31.779   822   964 I NetworkStatsRecorder: recordSnapshotLocked: ident[[{type=WIFI, subType=COMBINED, networkId="MAIS_NET_TELECOM_5.8G", metered=false, defaultNetwork=true}]]
02-21 16:23:31.779   822   964 W NetworkStatsRecorder: unknown interfaces [lo], ignoring those stats
02-21 16:23:31.779   822   964 W NetworkStatsRecorder: unknown interfaces [lo], ignoring those stats
02-21 16:23:32.056   822   964 I NetworkStatsRecorder: recordSnapshotLocked: ident[[{type=WIFI, subType=COMBINED, networkId="MAIS_NET_TELECOM_5.8G", metered=false, defaultNetwork=true}]]
02-21 16:23:32.056   822   964 W NetworkStatsRecorder: unknown interfaces [lo], ignoring those stats
02-21 16:23:32.056   822   964 I NetworkStatsRecorder: recordSnapshotLocked: ident[[{type=WIFI, subType=COMBINED, networkId="MAIS_NET_TELECOM_5.8G", metered=false, defaultNetwork=true}]]
02-21 16:23:32.056   822   964 W NetworkStatsRecorder: unknown interfaces [lo], ignoring those stats
02-21 16:23:32.057   822   964 I NetworkStatsRecorder: recordSnapshotLocked: ident[[{type=WIFI, subType=COMBINED, networkId="MAIS_NET_TELECOM_5.8G", metered=false, defaultNetwork=true}]]
02-21 16:23:32.057   822   964 W NetworkStatsRecorder: unknown interfaces [lo], ignoring those stats
02-21 16:23:32.057   822   964 W NetworkStatsRecorder: unknown interfaces [lo], ignoring those stats
02-21 16:23:32.267   822   964 I NetworkStatsRecorder: recordSnapshotLocked: ident[[{type=WIFI, subType=COMBINED, networkId="MAIS_NET_TELECOM_5.8G", metered=false, defaultNetwork=true}]]
02-21 16:23:32.267   822   964 W NetworkStatsRecorder: unknown interfaces [lo], ignoring those stats
02-21 16:23:32.268   822   964 I NetworkStatsRecorder: recordSnapshotLocked: ident[[{type=WIFI, subType=COMBINED, networkId="MAIS_NET_TELECOM_5.8G", metered=false, defaultNetwork=true}]]
02-21 16:23:32.268   822   964 W NetworkStatsRecorder: unknown interfaces [lo], ignoring those stats
02-21 16:23:32.268   822   964 I NetworkStatsRecorder: recordSnapshotLocked: ident[[{type=WIFI, subType=COMBINED, networkId="MAIS_NET_TELECOM_5.8G", metered=false, defaultNetwork=true}]]
02-21 16:23:32.268   822   964 W NetworkStatsRecorder: unknown interfaces [lo], ignoring those stats
02-21 16:23:32.268   822   964 W NetworkStatsRecorder: unknown interfaces [lo], ignoring those stats
02-21 16:23:32.481   822   964 I NetworkStatsRecorder: recordSnapshotLocked: ident[[{type=WIFI, subType=COMBINED, networkId="MAIS_NET_TELECOM_5.8G", metered=false, defaultNetwork=true}]]
02-21 16:23:32.481   822   964 W NetworkStatsRecorder: unknown interfaces [lo], ignoring those stats
02-21 16:23:32.481   822   964 I NetworkStatsRecorder: recordSnapshotLocked: ident[[{type=WIFI, subType=COMBINED, networkId="MAIS_NET_TELECOM_5.8G", metered=false, defaultNetwork=true}]]
02-21 16:23:32.481   822   964 W NetworkStatsRecorder: unknown interfaces [lo], ignoring those stats
02-21 16:23:32.482   822   964 I NetworkStatsRecorder: recordSnapshotLocked: ident[[{type=WIFI, subType=COMBINED, networkId="MAIS_NET_TELECOM_5.8G", metered=false, defaultNetwork=true}]]
02-21 16:23:32.482   822   964 W NetworkStatsRecorder: unknown interfaces [lo], ignoring those stats
02-21 16:23:32.482   822   964 W NetworkStatsRecorder: unknown interfaces [lo], ignoring those stats
02-21 16:23:32.692   822   964 I NetworkStatsRecorder: recordSnapshotLocked: ident[[{type=WIFI, subType=COMBINED, networkId="MAIS_NET_TELECOM_5.8G", metered=false, defaultNetwork=true}]]
02-21 16:23:32.692   822   964 W NetworkStatsRecorder: unknown interfaces [lo], ignoring those stats
02-21 16:23:32.692   822   964 I NetworkStatsRecorder: recordSnapshotLocked: ident[[{type=WIFI, subType=COMBINED, networkId="MAIS_NET_TELECOM_5.8G", metered=false, defaultNetwork=true}]]
02-21 16:23:32.692   822   964 W NetworkStatsRecorder: unknown interfaces [lo], ignoring those stats
02-21 16:23:32.692   822   964 I NetworkStatsRecorder: recordSnapshotLocked: ident[[{type=WIFI, subType=COMBINED, networkId="MAIS_NET_TELECOM_5.8G", metered=false, defaultNetwork=true}]]
02-21 16:23:32.694   822   964 W NetworkStatsRecorder: unknown interfaces [lo], ignoring those stats
02-21 16:23:32.695   822   964 W NetworkStatsRecorder: unknown interfaces [lo], ignoring those stats
02-21 16:23:32.931   822   964 I NetworkStatsRecorder: recordSnapshotLocked: ident[[{type=WIFI, subType=COMBINED, networkId="MAIS_NET_TELECOM_5.8G", metered=false, defaultNetwork=true}]]
02-21 16:23:32.931   822   964 W NetworkStatsRecorder: unknown interfaces [lo], ignoring those stats
02-21 16:23:32.931   822   964 I NetworkStatsRecorder: recordSnapshotLocked: ident[[{type=WIFI, subType=COMBINED, networkId="MAIS_NET_TELECOM_5.8G", metered=false, defaultNetwork=true}]]
02-21 16:23:32.931   822   964 W NetworkStatsRecorder: unknown interfaces [lo], ignoring those stats
02-21 16:23:32.931   822   964 I NetworkStatsRecorder: recordSnapshotLocked: ident[[{type=WIFI, subType=COMBINED, networkId="MAIS_NET_TELECOM_5.8G", metered=false, defaultNetwork=true}]]
02-21 16:23:32.931   822   964 W NetworkStatsRecorder: unknown interfaces [lo], ignoring those stats
02-21 16:23:32.932   822   964 W NetworkStatsRecorder: unknown interfaces [lo], ignoring those stats
02-21 16:23:33.161   822   964 I NetworkStatsRecorder: recordSnapshotLocked: ident[[{type=WIFI, subType=COMBINED, networkId="MAIS_NET_TELECOM_5.8G", metered=false, defaultNetwork=true}]]
02-21 16:23:33.162   822   964 W NetworkStatsRecorder: unknown interfaces [lo], ignoring those stats
02-21 16:23:33.162   822   964 I NetworkStatsRecorder: recordSnapshotLocked: ident[[{type=WIFI, subType=COMBINED, networkId="MAIS_NET_TELECOM_5.8G", metered=false, defaultNetwork=true}]]
02-21 16:23:33.162   822   964 W NetworkStatsRecorder: unknown interfaces [lo], ignoring those stats
02-21 16:23:33.163   822   964 I NetworkStatsRecorder: recordSnapshotLocked: ident[[{type=WIFI, subType=COMBINED, networkId="MAIS_NET_TELECOM_5.8G", metered=false, defaultNetwork=true}]]
02-21 16:23:33.163   822   964 W NetworkStatsRecorder: unknown interfaces [lo], ignoring those stats
02-21 16:23:33.163   822   964 W NetworkStatsRecorder: unknown interfaces [lo], ignoring those stats
02-21 16:23:33.396   822   964 I NetworkStatsRecorder: recordSnapshotLocked: ident[[{type=WIFI, subType=COMBINED, networkId="MAIS_NET_TELECOM_5.8G", metered=false, defaultNetwork=true}]]
02-21 16:23:33.397   822   964 W NetworkStatsRecorder: unknown interfaces [lo], ignoring those stats
02-21 16:23:33.397   822   964 I NetworkStatsRecorder: recordSnapshotLocked: ident[[{type=WIFI, subType=COMBINED, networkId="MAIS_NET_TELECOM_5.8G", metered=false, defaultNetwork=true}]]
02-21 16:23:33.397   822   964 W NetworkStatsRecorder: unknown interfaces [lo], ignoring those stats
02-21 16:23:33.398   822   964 I NetworkStatsRecorder: recordSnapshotLocked: ident[[{type=WIFI, subType=COMBINED, networkId="MAIS_NET_TELECOM_5.8G", metered=false, defaultNetwork=true}]]
02-21 16:23:33.398   822   964 W NetworkStatsRecorder: unknown interfaces [lo], ignoring those stats
02-21 16:23:33.398   822   964 W NetworkStatsRecorder: unknown interfaces [lo], ignoring those stats
02-21 16:23:33.629   822   964 I NetworkStatsRecorder: recordSnapshotLocked: ident[[{type=WIFI, subType=COMBINED, networkId="MAIS_NET_TELECOM_5.8G", metered=false, defaultNetwork=true}]]
02-21 16:23:33.630   822   964 W NetworkStatsRecorder: unknown interfaces [lo], ignoring those stats
02-21 16:23:33.630   822   964 I NetworkStatsRecorder: recordSnapshotLocked: ident[[{type=WIFI, subType=COMBINED, networkId="MAIS_NET_TELECOM_5.8G", metered=false, defaultNetwork=true}]]
02-21 16:23:33.630   822   964 W NetworkStatsRecorder: unknown interfaces [lo], ignoring those stats
02-21 16:23:33.630   822   964 I NetworkStatsRecorder: recordSnapshotLocked: ident[[{type=WIFI, subType=COMBINED, networkId="MAIS_NET_TELECOM_5.8G", metered=false, defaultNetwork=true}]]
02-21 16:23:33.630   822   964 W NetworkStatsRecorder: unknown interfaces [lo], ignoring those stats
02-21 16:23:33.630   822   964 W NetworkStatsRecorder: unknown interfaces [lo], ignoring those stats
02-21 16:23:33.883   822   964 I NetworkStatsRecorder: recordSnapshotLocked: ident[[{type=WIFI, subType=COMBINED, networkId="MAIS_NET_TELECOM_5.8G", metered=false, defaultNetwork=true}]]
02-21 16:23:33.883   822   964 W NetworkStatsRecorder: unknown interfaces [lo], ignoring those stats
02-21 16:23:33.883   822   964 I NetworkStatsRecorder: recordSnapshotLocked: ident[[{type=WIFI, subType=COMBINED, networkId="MAIS_NET_TELECOM_5.8G", metered=false, defaultNetwork=true}]]
02-21 16:23:33.883   822   964 W NetworkStatsRecorder: unknown interfaces [lo], ignoring those stats
02-21 16:23:33.884   822   964 I NetworkStatsRecorder: recordSnapshotLocked: ident[[{type=WIFI, subType=COMBINED, networkId="MAIS_NET_TELECOM_5.8G", metered=false, defaultNetwork=true}]]
02-21 16:23:33.884   822   964 W NetworkStatsRecorder: unknown interfaces [lo], ignoring those stats
02-21 16:23:33.884   822   964 W NetworkStatsRecorder: unknown interfaces [lo], ignoring those stats
02-21 16:23:34.103   822   964 I NetworkStatsRecorder: recordSnapshotLocked: ident[[{type=WIFI, subType=COMBINED, networkId="MAIS_NET_TELECOM_5.8G", metered=false, defaultNetwork=true}]]
02-21 16:23:34.103   822   964 W NetworkStatsRecorder: unknown interfaces [lo], ignoring those stats
02-21 16:23:34.103   822   964 I NetworkStatsRecorder: recordSnapshotLocked: ident[[{type=WIFI, subType=COMBINED, networkId="MAIS_NET_TELECOM_5.8G", metered=false, defaultNetwork=true}]]
02-21 16:23:34.103   822   964 W NetworkStatsRecorder: unknown interfaces [lo], ignoring those stats
02-21 16:23:34.104   822   964 I NetworkStatsRecorder: recordSnapshotLocked: ident[[{type=WIFI, subType=COMBINED, networkId="MAIS_NET_TELECOM_5.8G", metered=false, defaultNetwork=true}]]
02-21 16:23:34.104   822   964 W NetworkStatsRecorder: unknown interfaces [lo], ignoring those stats
02-21 16:23:34.104   822   964 W NetworkStatsRecorder: unknown interfaces [lo], ignoring those stats
02-21 16:23:34.302   822   964 I NetworkStatsRecorder: recordSnapshotLocked: ident[[{type=WIFI, subType=COMBINED, networkId="MAIS_NET_TELECOM_5.8G", metered=false, defaultNetwork=true}]]
02-21 16:23:34.303   822   964 W NetworkStatsRecorder: unknown interfaces [lo], ignoring those stats
02-21 16:23:34.303   822   964 I NetworkStatsRecorder: recordSnapshotLocked: ident[[{type=WIFI, subType=COMBINED, networkId="MAIS_NET_TELECOM_5.8G", metered=false, defaultNetwork=true}]]
02-21 16:23:34.303   822   964 W NetworkStatsRecorder: unknown interfaces [lo], ignoring those stats
02-21 16:23:34.304   822   964 I NetworkStatsRecorder: recordSnapshotLocked: ident[[{type=WIFI, subType=COMBINED, networkId="MAIS_NET_TELECOM_5.8G", metered=false, defaultNetwork=true}]]
02-21 16:23:34.304   822   964 W NetworkStatsRecorder: unknown interfaces [lo], ignoring those stats
02-21 16:23:34.304   822   964 W NetworkStatsRecorder: unknown interfaces [lo], ignoring those stats
02-21 16:23:34.619   822   964 I NetworkStatsRecorder: recordSnapshotLocked: ident[[{type=WIFI, subType=COMBINED, networkId="MAIS_NET_TELECOM_5.8G", metered=false, defaultNetwork=true}]]
02-21 16:23:34.619   822   964 W NetworkStatsRecorder: unknown interfaces [lo], ignoring those stats
02-21 16:23:34.619   822   964 I NetworkStatsRecorder: recordSnapshotLocked: ident[[{type=WIFI, subType=COMBINED, networkId="MAIS_NET_TELECOM_5.8G", metered=false, defaultNetwork=true}]]
02-21 16:23:34.619   822   964 W NetworkStatsRecorder: unknown interfaces [lo], ignoring those stats
02-21 16:23:34.620   822   964 I NetworkStatsRecorder: recordSnapshotLocked: ident[[{type=WIFI, subType=COMBINED, networkId="MAIS_NET_TELECOM_5.8G", metered=false, defaultNetwork=true}]]
02-21 16:23:34.620   822   964 W NetworkStatsRecorder: unknown interfaces [lo], ignoring those stats
02-21 16:23:34.620   822   964 W NetworkStatsRecorder: unknown interfaces [lo], ignoring those stats
02-21 16:23:34.895   822   964 I NetworkStatsRecorder: recordSnapshotLocked: ident[[{type=WIFI, subType=COMBINED, networkId="MAIS_NET_TELECOM_5.8G", metered=false, defaultNetwork=true}]]
02-21 16:23:34.895   822   964 W NetworkStatsRecorder: unknown interfaces [lo], ignoring those stats
02-21 16:23:34.895   822   964 I NetworkStatsRecorder: recordSnapshotLocked: ident[[{type=WIFI, subType=COMBINED, networkId="MAIS_NET_TELECOM_5.8G", metered=false, defaultNetwork=true}]]
02-21 16:23:34.895   822   964 W NetworkStatsRecorder: unknown interfaces [lo], ignoring those stats
02-21 16:23:34.896   822   964 I NetworkStatsRecorder: recordSnapshotLocked: ident[[{type=WIFI, subType=COMBINED, networkId="MAIS_NET_TELECOM_5.8G", metered=false, defaultNetwork=true}]]
02-21 16:23:34.897   822   964 W NetworkStatsRecorder: unknown interfaces [lo], ignoring those stats
02-21 16:23:34.897   822   964 W NetworkStatsRecorder: unknown interfaces [lo], ignoring those stats
02-21 16:23:35.120   822   964 I NetworkStatsRecorder: recordSnapshotLocked: ident[[{type=WIFI, subType=COMBINED, networkId="MAIS_NET_TELECOM_5.8G", metered=false, defaultNetwork=true}]]
02-21 16:23:35.122   822   964 W NetworkStatsRecorder: unknown interfaces [lo], ignoring those stats
02-21 16:23:35.122   822   964 I NetworkStatsRecorder: recordSnapshotLocked: ident[[{type=WIFI, subType=COMBINED, networkId="MAIS_NET_TELECOM_5.8G", metered=false, defaultNetwork=true}]]
02-21 16:23:35.122   822   964 W NetworkStatsRecorder: unknown interfaces [lo], ignoring those stats
02-21 16:23:35.122   822   964 I NetworkStatsRecorder: recordSnapshotLocked: ident[[{type=WIFI, subType=COMBINED, networkId="MAIS_NET_TELECOM_5.8G", metered=false, defaultNetwork=true}]]
02-21 16:23:35.122   822   964 W NetworkStatsRecorder: unknown interfaces [lo], ignoring those stats
02-21 16:23:35.122   822   964 W NetworkStatsRecorder: unknown interfaces [lo], ignoring those stats
02-21 16:23:35.460   822   964 I NetworkStatsRecorder: recordSnapshotLocked: ident[[{type=WIFI, subType=COMBINED, networkId="MAIS_NET_TELECOM_5.8G", metered=false, defaultNetwork=true}]]
02-21 16:23:35.460   822   964 W NetworkStatsRecorder: unknown interfaces [lo], ignoring those stats
02-21 16:23:35.461   822   964 I NetworkStatsRecorder: recordSnapshotLocked: ident[[{type=WIFI, subType=COMBINED, networkId="MAIS_NET_TELECOM_5.8G", metered=false, defaultNetwork=true}]]
02-21 16:23:35.461   822   964 W NetworkStatsRecorder: unknown interfaces [lo], ignoring those stats
02-21 16:23:35.461   822   964 I NetworkStatsRecorder: recordSnapshotLocked: ident[[{type=WIFI, subType=COMBINED, networkId="MAIS_NET_TELECOM_5.8G", metered=false, defaultNetwork=true}]]
02-21 16:23:35.461   822   964 W NetworkStatsRecorder: unknown interfaces [lo], ignoring those stats
02-21 16:23:35.461   822   964 W NetworkStatsRecorder: unknown interfaces [lo], ignoring those stats
02-21 16:23:35.769   822   964 I NetworkStatsRecorder: recordSnapshotLocked: ident[[{type=WIFI, subType=COMBINED, networkId="MAIS_NET_TELECOM_5.8G", metered=false, defaultNetwork=true}]]
02-21 16:23:35.770   822   964 W NetworkStatsRecorder: unknown interfaces [lo], ignoring those stats
02-21 16:23:35.770   822   964 I NetworkStatsRecorder: recordSnapshotLocked: ident[[{type=WIFI, subType=COMBINED, networkId="MAIS_NET_TELECOM_5.8G", metered=false, defaultNetwork=true}]]
02-21 16:23:35.770   822   964 W NetworkStatsRecorder: unknown interfaces [lo], ignoring those stats
02-21 16:23:35.770   822   964 I NetworkStatsRecorder: recordSnapshotLocked: ident[[{type=WIFI, subType=COMBINED, networkId="MAIS_NET_TELECOM_5.8G", metered=false, defaultNetwork=true}]]
02-21 16:23:35.770   822   964 W NetworkStatsRecorder: unknown interfaces [lo], ignoring those stats
02-21 16:23:35.770   822   964 W NetworkStatsRecorder: unknown interfaces [lo], ignoring those stats
02-21 16:23:35.773  1582  2367 W ContextImpl: Calling a method in the system process without a qualified user: android.app.ContextImpl.bindService:1612 android.content.ContextWrapper.bindService:698 com.taobao.accs.messenger.a.a:86 com.taobao.accs.messenger.e.b:41 com.taobao.accs.messenger.e.a:35 
02-21 16:23:35.775   822  3708 W ActivityManager: Unable to start service Intent { act=com.taobao.accs.intent.action.START_SERVICE cmp=com.xcheng.mdm/com.taobao.accs.ChannelService (has extras) } U=0: not found
02-21 16:23:36.039   822   964 I NetworkStatsRecorder: recordSnapshotLocked: ident[[{type=WIFI, subType=COMBINED, networkId="MAIS_NET_TELECOM_5.8G", metered=false, defaultNetwork=true}]]
02-21 16:23:36.039   822   964 W NetworkStatsRecorder: unknown interfaces [lo], ignoring those stats
02-21 16:23:36.039   822   964 I NetworkStatsRecorder: recordSnapshotLocked: ident[[{type=WIFI, subType=COMBINED, networkId="MAIS_NET_TELECOM_5.8G", metered=false, defaultNetwork=true}]]
02-21 16:23:36.039   822   964 W NetworkStatsRecorder: unknown interfaces [lo], ignoring those stats
02-21 16:23:36.039   822   964 I NetworkStatsRecorder: recordSnapshotLocked: ident[[{type=WIFI, subType=COMBINED, networkId="MAIS_NET_TELECOM_5.8G", metered=false, defaultNetwork=true}]]
02-21 16:23:36.039   822   964 W NetworkStatsRecorder: unknown interfaces [lo], ignoring those stats
02-21 16:23:36.039   822   964 W NetworkStatsRecorder: unknown interfaces [lo], ignoring those stats
02-21 16:23:36.242   822   964 I NetworkStatsRecorder: recordSnapshotLocked: ident[[{type=WIFI, subType=COMBINED, networkId="MAIS_NET_TELECOM_5.8G", metered=false, defaultNetwork=true}]]
02-21 16:23:36.242   822   964 W NetworkStatsRecorder: unknown interfaces [lo], ignoring those stats
02-21 16:23:36.242   822   964 I NetworkStatsRecorder: recordSnapshotLocked: ident[[{type=WIFI, subType=COMBINED, networkId="MAIS_NET_TELECOM_5.8G", metered=false, defaultNetwork=true}]]
02-21 16:23:36.242   822   964 W NetworkStatsRecorder: unknown interfaces [lo], ignoring those stats
02-21 16:23:36.242   822   964 I NetworkStatsRecorder: recordSnapshotLocked: ident[[{type=WIFI, subType=COMBINED, networkId="MAIS_NET_TELECOM_5.8G", metered=false, defaultNetwork=true}]]
02-21 16:23:36.242   822   964 W NetworkStatsRecorder: unknown interfaces [lo], ignoring those stats
02-21 16:23:36.242   822   964 W NetworkStatsRecorder: unknown interfaces [lo], ignoring those stats
02-21 16:23:36.452   822   964 I NetworkStatsRecorder: recordSnapshotLocked: ident[[{type=WIFI, subType=COMBINED, networkId="MAIS_NET_TELECOM_5.8G", metered=false, defaultNetwork=true}]]
02-21 16:23:36.452   822   964 W NetworkStatsRecorder: unknown interfaces [lo], ignoring those stats
02-21 16:23:36.452   822   964 I NetworkStatsRecorder: recordSnapshotLocked: ident[[{type=WIFI, subType=COMBINED, networkId="MAIS_NET_TELECOM_5.8G", metered=false, defaultNetwork=true}]]
02-21 16:23:36.452   822   964 W NetworkStatsRecorder: unknown interfaces [lo], ignoring those stats
02-21 16:23:36.452   822   964 I NetworkStatsRecorder: recordSnapshotLocked: ident[[{type=WIFI, subType=COMBINED, networkId="MAIS_NET_TELECOM_5.8G", metered=false, defaultNetwork=true}]]
02-21 16:23:36.452   822   964 W NetworkStatsRecorder: unknown interfaces [lo], ignoring those stats
02-21 16:23:36.452   822   964 W NetworkStatsRecorder: unknown interfaces [lo], ignoring those stats
02-21 16:23:36.676   822   964 I NetworkStatsRecorder: recordSnapshotLocked: ident[[{type=WIFI, subType=COMBINED, networkId="MAIS_NET_TELECOM_5.8G", metered=false, defaultNetwork=true}]]
02-21 16:23:36.676   822   964 W NetworkStatsRecorder: unknown interfaces [lo], ignoring those stats
02-21 16:23:36.677   822   964 I NetworkStatsRecorder: recordSnapshotLocked: ident[[{type=WIFI, subType=COMBINED, networkId="MAIS_NET_TELECOM_5.8G", metered=false, defaultNetwork=true}]]
02-21 16:23:36.678   822   964 W NetworkStatsRecorder: unknown interfaces [lo], ignoring those stats
02-21 16:23:36.678   822   964 I NetworkStatsRecorder: recordSnapshotLocked: ident[[{type=WIFI, subType=COMBINED, networkId="MAIS_NET_TELECOM_5.8G", metered=false, defaultNetwork=true}]]
02-21 16:23:36.678   822   964 W NetworkStatsRecorder: unknown interfaces [lo], ignoring those stats
02-21 16:23:36.678   822   964 W NetworkStatsRecorder: unknown interfaces [lo], ignoring those stats
02-21 16:23:36.903   822   964 I NetworkStatsRecorder: recordSnapshotLocked: ident[[{type=WIFI, subType=COMBINED, networkId="MAIS_NET_TELECOM_5.8G", metered=false, defaultNetwork=true}]]
02-21 16:23:36.903   822   964 W NetworkStatsRecorder: unknown interfaces [lo], ignoring those stats
02-21 16:23:36.903   822   964 I NetworkStatsRecorder: recordSnapshotLocked: ident[[{type=WIFI, subType=COMBINED, networkId="MAIS_NET_TELECOM_5.8G", metered=false, defaultNetwork=true}]]
02-21 16:23:36.903   822   964 W NetworkStatsRecorder: unknown interfaces [lo], ignoring those stats
02-21 16:23:36.906   822   964 I NetworkStatsRecorder: recordSnapshotLocked: ident[[{type=WIFI, subType=COMBINED, networkId="MAIS_NET_TELECOM_5.8G", metered=false, defaultNetwork=true}]]
02-21 16:23:36.907   822   964 W NetworkStatsRecorder: unknown interfaces [lo], ignoring those stats
02-21 16:23:36.907   822   964 W NetworkStatsRecorder: unknown interfaces [lo], ignoring those stats
02-21 16:23:37.187   822   964 I NetworkStatsRecorder: recordSnapshotLocked: ident[[{type=WIFI, subType=COMBINED, networkId="MAIS_NET_TELECOM_5.8G", metered=false, defaultNetwork=true}]]
02-21 16:23:37.189   822   964 W NetworkStatsRecorder: unknown interfaces [lo], ignoring those stats
02-21 16:23:37.191   822   964 I NetworkStatsRecorder: recordSnapshotLocked: ident[[{type=WIFI, subType=COMBINED, networkId="MAIS_NET_TELECOM_5.8G", metered=false, defaultNetwork=true}]]
02-21 16:23:37.191   822   964 W NetworkStatsRecorder: unknown interfaces [lo], ignoring those stats
02-21 16:23:37.191   822   964 I NetworkStatsRecorder: recordSnapshotLocked: ident[[{type=WIFI, subType=COMBINED, networkId="MAIS_NET_TELECOM_5.8G", metered=false, defaultNetwork=true}]]
02-21 16:23:37.191   822   964 W NetworkStatsRecorder: unknown interfaces [lo], ignoring those stats
02-21 16:23:37.191   822   964 W NetworkStatsRecorder: unknown interfaces [lo], ignoring those stats
02-21 16:23:37.390   822   964 I NetworkStatsRecorder: recordSnapshotLocked: ident[[{type=WIFI, subType=COMBINED, networkId="MAIS_NET_TELECOM_5.8G", metered=false, defaultNetwork=true}]]
02-21 16:23:37.390   822   964 W NetworkStatsRecorder: unknown interfaces [lo], ignoring those stats
02-21 16:23:37.390   822   964 I NetworkStatsRecorder: recordSnapshotLocked: ident[[{type=WIFI, subType=COMBINED, networkId="MAIS_NET_TELECOM_5.8G", metered=false, defaultNetwork=true}]]
02-21 16:23:37.390   822   964 W NetworkStatsRecorder: unknown interfaces [lo], ignoring those stats
02-21 16:23:37.391   822   964 I NetworkStatsRecorder: recordSnapshotLocked: ident[[{type=WIFI, subType=COMBINED, networkId="MAIS_NET_TELECOM_5.8G", metered=false, defaultNetwork=true}]]
02-21 16:23:37.391   822   964 W NetworkStatsRecorder: unknown interfaces [lo], ignoring those stats
02-21 16:23:37.391   822   964 W NetworkStatsRecorder: unknown interfaces [lo], ignoring those stats
02-21 16:23:37.625   822   964 I NetworkStatsRecorder: recordSnapshotLocked: ident[[{type=WIFI, subType=COMBINED, networkId="MAIS_NET_TELECOM_5.8G", metered=false, defaultNetwork=true}]]
02-21 16:23:37.625   822   964 W NetworkStatsRecorder: unknown interfaces [lo], ignoring those stats
02-21 16:23:37.626   822   964 I NetworkStatsRecorder: recordSnapshotLocked: ident[[{type=WIFI, subType=COMBINED, networkId="MAIS_NET_TELECOM_5.8G", metered=false, defaultNetwork=true}]]
02-21 16:23:37.626   822   964 W NetworkStatsRecorder: unknown interfaces [lo], ignoring those stats
02-21 16:23:37.626   822   964 I NetworkStatsRecorder: recordSnapshotLocked: ident[[{type=WIFI, subType=COMBINED, networkId="MAIS_NET_TELECOM_5.8G", metered=false, defaultNetwork=true}]]
02-21 16:23:37.627   822   964 W NetworkStatsRecorder: unknown interfaces [lo], ignoring those stats
02-21 16:23:37.627   822   964 W NetworkStatsRecorder: unknown interfaces [lo], ignoring those stats
02-21 16:23:37.811   822  1643 I ActivityManager: Process com.android.vending:background (pid 28316) has died: cch+4CEM 
02-21 16:23:37.874   822   964 I NetworkStatsRecorder: recordSnapshotLocked: ident[[{type=WIFI, subType=COMBINED, networkId="MAIS_NET_TELECOM_5.8G", metered=false, defaultNetwork=true}]]
02-21 16:23:37.874   822   964 W NetworkStatsRecorder: unknown interfaces [lo], ignoring those stats
02-21 16:23:37.877   822   964 I NetworkStatsRecorder: recordSnapshotLocked: ident[[{type=WIFI, subType=COMBINED, networkId="MAIS_NET_TELECOM_5.8G", metered=false, defaultNetwork=true}]]
02-21 16:23:37.878   822   964 W NetworkStatsRecorder: unknown interfaces [lo], ignoring those stats
02-21 16:23:37.879   822   964 I NetworkStatsRecorder: recordSnapshotLocked: ident[[{type=WIFI, subType=COMBINED, networkId="MAIS_NET_TELECOM_5.8G", metered=false, defaultNetwork=true}]]
02-21 16:23:37.880   822   964 I NetworkStatsRecorder: recordSnapshotLocked: ident[[{type=WIFI, subType=COMBINED, networkId="MAIS_NET_TELECOM_5.8G", metered=false, defaultNetwork=true}]]
02-21 16:23:37.881   822   964 W NetworkStatsRecorder: unknown interfaces [lo], ignoring those stats
02-21 16:23:37.884   822   964 W NetworkStatsRecorder: unknown interfaces [lo], ignoring those stats
02-21 16:23:38.031   822  3082 I ActivityManager: Process com.android.vending (pid 28197) has died: cch+6CEM 
02-21 16:23:38.115   822   964 I NetworkStatsRecorder: recordSnapshotLocked: ident[[{type=WIFI, subType=COMBINED, networkId="MAIS_NET_TELECOM_5.8G", metered=false, defaultNetwork=true}]]
02-21 16:23:38.115   822   964 W NetworkStatsRecorder: unknown interfaces [lo], ignoring those stats
02-21 16:23:38.115   822   964 I NetworkStatsRecorder: recordSnapshotLocked: ident[[{type=WIFI, subType=COMBINED, networkId="MAIS_NET_TELECOM_5.8G", metered=false, defaultNetwork=true}]]
02-21 16:23:38.115   822   964 W NetworkStatsRecorder: unknown interfaces [lo], ignoring those stats
02-21 16:23:38.115   822   964 I NetworkStatsRecorder: recordSnapshotLocked: ident[[{type=WIFI, subType=COMBINED, networkId="MAIS_NET_TELECOM_5.8G", metered=false, defaultNetwork=true}]]
02-21 16:23:38.115   822   964 W NetworkStatsRecorder: unknown interfaces [lo], ignoring those stats
02-21 16:23:38.117   822   964 W NetworkStatsRecorder: unknown interfaces [lo], ignoring those stats
02-21 16:23:38.373   822   964 I NetworkStatsRecorder: recordSnapshotLocked: ident[[{type=WIFI, subType=COMBINED, networkId="MAIS_NET_TELECOM_5.8G", metered=false, defaultNetwork=true}]]
02-21 16:23:38.373   822   964 W NetworkStatsRecorder: unknown interfaces [lo], ignoring those stats
02-21 16:23:38.373   822   964 I NetworkStatsRecorder: recordSnapshotLocked: ident[[{type=WIFI, subType=COMBINED, networkId="MAIS_NET_TELECOM_5.8G", metered=false, defaultNetwork=true}]]
02-21 16:23:38.373   822   964 W NetworkStatsRecorder: unknown interfaces [lo], ignoring those stats
02-21 16:23:38.373   822   964 I NetworkStatsRecorder: recordSnapshotLocked: ident[[{type=WIFI, subType=COMBINED, networkId="MAIS_NET_TELECOM_5.8G", metered=false, defaultNetwork=true}]]
02-21 16:23:38.378   822   964 I NetworkStatsRecorder: recordSnapshotLocked: ident[[{type=WIFI, subType=COMBINED, networkId="MAIS_NET_TELECOM_5.8G", metered=false, defaultNetwork=true}]]
02-21 16:23:38.378   822   964 W NetworkStatsRecorder: unknown interfaces [lo], ignoring those stats
02-21 16:23:38.378   822   964 W NetworkStatsRecorder: unknown interfaces [lo], ignoring those stats
02-21 16:23:38.605   822   964 I NetworkStatsRecorder: recordSnapshotLocked: ident[[{type=WIFI, subType=COMBINED, networkId="MAIS_NET_TELECOM_5.8G", metered=false, defaultNetwork=true}]]
02-21 16:23:38.605   822   964 W NetworkStatsRecorder: unknown interfaces [lo], ignoring those stats
02-21 16:23:38.606   822   964 I NetworkStatsRecorder: recordSnapshotLocked: ident[[{type=WIFI, subType=COMBINED, networkId="MAIS_NET_TELECOM_5.8G", metered=false, defaultNetwork=true}]]
02-21 16:23:38.606   822   964 W NetworkStatsRecorder: unknown interfaces [lo], ignoring those stats
02-21 16:23:38.606   822   964 I NetworkStatsRecorder: recordSnapshotLocked: ident[[{type=WIFI, subType=COMBINED, networkId="MAIS_NET_TELECOM_5.8G", metered=false, defaultNetwork=true}]]
02-21 16:23:38.606   822   964 I NetworkStatsRecorder: recordSnapshotLocked: ident[[{type=WIFI, subType=COMBINED, networkId="MAIS_NET_TELECOM_5.8G", metered=false, defaultNetwork=true}]]
02-21 16:23:38.606   822   964 W NetworkStatsRecorder: unknown interfaces [lo], ignoring those stats
02-21 16:23:38.606   822   964 W NetworkStatsRecorder: unknown interfaces [lo], ignoring those stats
02-21 16:23:38.834   822   964 I NetworkStatsRecorder: recordSnapshotLocked: ident[[{type=WIFI, subType=COMBINED, networkId="MAIS_NET_TELECOM_5.8G", metered=false, defaultNetwork=true}]]
02-21 16:23:38.835   822   964 W NetworkStatsRecorder: unknown interfaces [lo], ignoring those stats
02-21 16:23:38.835   822   964 I NetworkStatsRecorder: recordSnapshotLocked: ident[[{type=WIFI, subType=COMBINED, networkId="MAIS_NET_TELECOM_5.8G", metered=false, defaultNetwork=true}]]
02-21 16:23:38.835   822   964 W NetworkStatsRecorder: unknown interfaces [lo], ignoring those stats
02-21 16:23:38.835   822   964 I NetworkStatsRecorder: recordSnapshotLocked: ident[[{type=WIFI, subType=COMBINED, networkId="MAIS_NET_TELECOM_5.8G", metered=false, defaultNetwork=true}]]
02-21 16:23:38.835   822   964 W NetworkStatsRecorder: unknown interfaces [lo], ignoring those stats
02-21 16:23:38.835   822   964 W NetworkStatsRecorder: unknown interfaces [lo], ignoring those stats
02-21 16:23:39.048   822   964 I NetworkStatsRecorder: recordSnapshotLocked: ident[[{type=WIFI, subType=COMBINED, networkId="MAIS_NET_TELECOM_5.8G", metered=false, defaultNetwork=true}]]
02-21 16:23:39.048   822   964 W NetworkStatsRecorder: unknown interfaces [lo], ignoring those stats
02-21 16:23:39.048   822   964 I NetworkStatsRecorder: recordSnapshotLocked: ident[[{type=WIFI, subType=COMBINED, networkId="MAIS_NET_TELECOM_5.8G", metered=false, defaultNetwork=true}]]
02-21 16:23:39.048   822   964 W NetworkStatsRecorder: unknown interfaces [lo], ignoring those stats
02-21 16:23:39.050   822   964 I NetworkStatsRecorder: recordSnapshotLocked: ident[[{type=WIFI, subType=COMBINED, networkId="MAIS_NET_TELECOM_5.8G", metered=false, defaultNetwork=true}]]
02-21 16:23:39.050   822   964 I NetworkStatsRecorder: recordSnapshotLocked: ident[[{type=WIFI, subType=COMBINED, networkId="MAIS_NET_TELECOM_5.8G", metered=false, defaultNetwork=true}]]
02-21 16:23:39.050   822   964 W NetworkStatsRecorder: unknown interfaces [lo], ignoring those stats
02-21 16:23:39.052   822   964 W NetworkStatsRecorder: unknown interfaces [lo], ignoring those stats
02-21 16:23:39.273   822   964 I NetworkStatsRecorder: recordSnapshotLocked: ident[[{type=WIFI, subType=COMBINED, networkId="MAIS_NET_TELECOM_5.8G", metered=false, defaultNetwork=true}]]
02-21 16:23:39.273   822   964 W NetworkStatsRecorder: unknown interfaces [lo], ignoring those stats
02-21 16:23:39.273   822   964 I NetworkStatsRecorder: recordSnapshotLocked: ident[[{type=WIFI, subType=COMBINED, networkId="MAIS_NET_TELECOM_5.8G", metered=false, defaultNetwork=true}]]
02-21 16:23:39.273   822   964 W NetworkStatsRecorder: unknown interfaces [lo], ignoring those stats
02-21 16:23:39.273   822   964 I NetworkStatsRecorder: recordSnapshotLocked: ident[[{type=WIFI, subType=COMBINED, networkId="MAIS_NET_TELECOM_5.8G", metered=false, defaultNetwork=true}]]
02-21 16:23:39.273   822   964 W NetworkStatsRecorder: unknown interfaces [lo], ignoring those stats
02-21 16:23:39.273   822   964 W NetworkStatsRecorder: unknown interfaces [lo], ignoring those stats
02-21 16:23:39.525   822   964 I NetworkStatsRecorder: recordSnapshotLocked: ident[[{type=WIFI, subType=COMBINED, networkId="MAIS_NET_TELECOM_5.8G", metered=false, defaultNetwork=true}]]
02-21 16:23:39.525   822   964 W NetworkStatsRecorder: unknown interfaces [lo], ignoring those stats
02-21 16:23:39.527   822   964 I NetworkStatsRecorder: recordSnapshotLocked: ident[[{type=WIFI, subType=COMBINED, networkId="MAIS_NET_TELECOM_5.8G", metered=false, defaultNetwork=true}]]
02-21 16:23:39.529   822   964 W NetworkStatsRecorder: unknown interfaces [lo], ignoring those stats
02-21 16:23:39.530   822   964 I NetworkStatsRecorder: recordSnapshotLocked: ident[[{type=WIFI, subType=COMBINED, networkId="MAIS_NET_TELECOM_5.8G", metered=false, defaultNetwork=true}]]
02-21 16:23:39.533   822   964 I NetworkStatsRecorder: recordSnapshotLocked: ident[[{type=WIFI, subType=COMBINED, networkId="MAIS_NET_TELECOM_5.8G", metered=false, defaultNetwork=true}]]
02-21 16:23:39.534   822   964 W NetworkStatsRecorder: unknown interfaces [lo], ignoring those stats
02-21 16:23:39.535   822   964 W NetworkStatsRecorder: unknown interfaces [lo], ignoring those stats
02-21 16:23:39.777   822   964 I NetworkStatsRecorder: recordSnapshotLocked: ident[[{type=WIFI, subType=COMBINED, networkId="MAIS_NET_TELECOM_5.8G", metered=false, defaultNetwork=true}]]
02-21 16:23:39.778   822   964 W NetworkStatsRecorder: unknown interfaces [lo], ignoring those stats
02-21 16:23:39.778   822   964 I NetworkStatsRecorder: recordSnapshotLocked: ident[[{type=WIFI, subType=COMBINED, networkId="MAIS_NET_TELECOM_5.8G", metered=false, defaultNetwork=true}]]
02-21 16:23:39.778   822   964 W NetworkStatsRecorder: unknown interfaces [lo], ignoring those stats
02-21 16:23:39.779   822   964 I NetworkStatsRecorder: recordSnapshotLocked: ident[[{type=WIFI, subType=COMBINED, networkId="MAIS_NET_TELECOM_5.8G", metered=false, defaultNetwork=true}]]
02-21 16:23:39.779   822   964 W NetworkStatsRecorder: unknown interfaces [lo], ignoring those stats
02-21 16:23:39.779   822   964 W NetworkStatsRecorder: unknown interfaces [lo], ignoring those stats
02-21 16:23:40.090   822   964 I NetworkStatsRecorder: recordSnapshotLocked: ident[[{type=WIFI, subType=COMBINED, networkId="MAIS_NET_TELECOM_5.8G", metered=false, defaultNetwork=true}]]
02-21 16:23:40.090   822   964 W NetworkStatsRecorder: unknown interfaces [lo], ignoring those stats
02-21 16:23:40.090   822   964 I NetworkStatsRecorder: recordSnapshotLocked: ident[[{type=WIFI, subType=COMBINED, networkId="MAIS_NET_TELECOM_5.8G", metered=false, defaultNetwork=true}]]
02-21 16:23:40.090   822   964 W NetworkStatsRecorder: unknown interfaces [lo], ignoring those stats
02-21 16:23:40.090   822   964 I NetworkStatsRecorder: recordSnapshotLocked: ident[[{type=WIFI, subType=COMBINED, networkId="MAIS_NET_TELECOM_5.8G", metered=false, defaultNetwork=true}]]
02-21 16:23:40.090   822   964 W NetworkStatsRecorder: unknown interfaces [lo], ignoring those stats
02-21 16:23:40.090   822   964 W NetworkStatsRecorder: unknown interfaces [lo], ignoring those stats
02-21 16:23:40.309   822   964 I NetworkStatsRecorder: recordSnapshotLocked: ident[[{type=WIFI, subType=COMBINED, networkId="MAIS_NET_TELECOM_5.8G", metered=false, defaultNetwork=true}]]
02-21 16:23:40.309   822   964 W NetworkStatsRecorder: unknown interfaces [lo], ignoring those stats
02-21 16:23:40.309   822   964 I NetworkStatsRecorder: recordSnapshotLocked: ident[[{type=WIFI, subType=COMBINED, networkId="MAIS_NET_TELECOM_5.8G", metered=false, defaultNetwork=true}]]
02-21 16:23:40.309   822   964 W NetworkStatsRecorder: unknown interfaces [lo], ignoring those stats
02-21 16:23:40.310   822   964 I NetworkStatsRecorder: recordSnapshotLocked: ident[[{type=WIFI, subType=COMBINED, networkId="MAIS_NET_TELECOM_5.8G", metered=false, defaultNetwork=true}]]
02-21 16:23:40.311   822   964 W NetworkStatsRecorder: unknown interfaces [lo], ignoring those stats
02-21 16:23:40.312   822   964 W NetworkStatsRecorder: unknown interfaces [lo], ignoring those stats
02-21 16:23:40.527   822  6131 I ActivityManager: START u0 {act=android.intent.action.VIEW dat=content://com.anonymous.innobet.FileSystemFileProvider/expo_files/update.apk typ=application/vnd.android.package-archive flg=0x1 cmp=com.android.packageinstaller/.InstallStart} from uid 10063
02-21 16:23:40.549   822   901 I WindowManager: Focus moving from Window{850b795 u0 com.anonymous.innobet/com.anonymous.innobet.MainActivity} to null
02-21 16:23:40.566   822  4138 I ActivityManager: START u0 {act=android.intent.action.VIEW dat=content://com.anonymous.innobet.FileSystemFileProvider/expo_files/update.apk typ=application/vnd.android.package-archive flg=0x2000000 cmp=com.android.packageinstaller/.InstallStaging (has extras)} from uid 10033
02-21 16:23:40.629   822  4138 I WindowManager: Relayout Window{f28ddfe u0 com.android.packageinstaller/com.android.packageinstaller.InstallStaging}: oldVis=4 newVis=0 focusMayChange = true
02-21 16:23:40.636   822   901 I WindowManager: Focus moving from null to Window{f28ddfe u0 com.android.packageinstaller/com.android.packageinstaller.InstallStaging}
02-21 16:23:40.778  1582  3097 W ContextImpl: Calling a method in the system process without a qualified user: android.app.ContextImpl.bindService:1612 android.content.ContextWrapper.bindService:698 com.taobao.accs.messenger.a.a:86 com.taobao.accs.messenger.e.b:41 com.taobao.accs.messenger.e.a:16 
02-21 16:23:40.780   822  3082 W ActivityManager: Unable to start service Intent { act=com.taobao.accs.intent.action.START_SERVICE cmp=com.xcheng.mdm/com.taobao.accs.ChannelService (has extras) } U=0: not found
02-21 16:23:41.853   822  3082 I ActivityManager: START u0 {act=android.intent.action.VIEW dat=file:///data/user_de/0/com.android.packageinstaller/no_backup/package74889272259842187.apk flg=0x2010000 cmp=com.android.packageinstaller/.DeleteStagedFileOnResult (has extras)} from uid 10033
02-21 16:23:41.872   822   901 I WindowManager: Focus moving from Window{f28ddfe u0 com.android.packageinstaller/com.android.packageinstaller.InstallStaging} to null
02-21 16:23:41.888   822  4138 I ActivityManager: START u0 {act=android.intent.action.VIEW dat=file:///data/user_de/0/com.android.packageinstaller/no_backup/package74889272259842187.apk flg=0x10000 cmp=com.android.packageinstaller/.PackageInstallerActivity (has extras)} from uid 10033
02-21 16:23:41.968   822  4138 I WindowManager: Relayout Window{4087986 u0 com.android.packageinstaller/com.android.packageinstaller.DeleteStagedFileOnResult}: oldVis=4 newVis=0 focusMayChange = true
02-21 16:23:41.998 22337 22337 W PackageParser: Unknown element under <manifest>: queries at /data/user_de/0/com.android.packageinstaller/no_backup/package74889272259842187.apk Binary XML file line #26
02-21 16:23:42.248   822   901 I WindowManager: Focus moving from null to Window{ae7b9d u0 com.android.packageinstaller/com.android.packageinstaller.PackageInstallerActivity}
02-21 16:23:42.293   822  4138 I WindowManager: Relayout Window{5233be3 u0 com.android.packageinstaller/com.android.packageinstaller.PackageInstallerActivity}: oldVis=4 newVis=0 focusMayChange = true
02-21 16:23:45.782  1582  3097 W ContextImpl: Calling a method in the system process without a qualified user: android.app.ContextImpl.bindService:1612 android.content.ContextWrapper.bindService:698 com.taobao.accs.messenger.a.a:86 com.taobao.accs.messenger.e.b:41 com.taobao.accs.messenger.e.a:16 
02-21 16:23:45.783   822  3082 W ActivityManager: Unable to start service Intent { act=com.taobao.accs.intent.action.START_SERVICE cmp=com.xcheng.mdm/com.taobao.accs.ChannelService (has extras) } U=0: not found
02-21 16:23:55.698   489   523 E storaged: getDiskStats failed with result NOT_SUPPORTED and size 0
02-21 16:23:58.719   822  3082 I ActivityManager: START u0 {act=android.settings.MANAGE_UNKNOWN_APP_SOURCES dat=package:com.anonymous.innobet cmp=com.android.settings/.Settings$ManageAppExternalSourcesActivity} from uid 10033
02-21 16:23:58.753   822   901 I WindowManager: Focus moving from Window{ae7b9d u0 com.android.packageinstaller/com.android.packageinstaller.PackageInstallerActivity EXITING} to Window{5233be3 u0 com.android.packageinstaller/com.android.packageinstaller.PackageInstallerActivity}
02-21 16:23:58.759   822   901 I WindowManager: Focus moving from Window{5233be3 u0 com.android.packageinstaller/com.android.packageinstaller.PackageInstallerActivity} to null
02-21 16:23:58.986   822  6131 E UserRestrictionsUtils: Unknown restriction: null
02-21 16:23:59.151   822  4138 I WindowManager: Relayout Window{abb1021 u0 com.android.settings/com.android.settings.Settings$ManageAppExternalSourcesActivity}: oldVis=4 newVis=0 focusMayChange = true
02-21 16:23:59.157   822   901 I WindowManager: Focus moving from null to Window{abb1021 u0 com.android.settings/com.android.settings.Settings$ManageAppExternalSourcesActivity}
02-21 16:24:02.460   822   901 I WindowManager: Focus moving from Window{abb1021 u0 com.android.settings/com.android.settings.Settings$ManageAppExternalSourcesActivity} to null
02-21 16:24:02.516   822  3082 I WindowManager: Relayout Window{5233be3 u0 com.android.packageinstaller/com.android.packageinstaller.PackageInstallerActivity}: oldVis=4 newVis=0 focusMayChange = true
02-21 16:24:02.522   822   901 I WindowManager: Focus moving from null to Window{5233be3 u0 com.android.packageinstaller/com.android.packageinstaller.PackageInstallerActivity}
02-21 16:24:04.013   822  3082 I ActivityManager: START u0 {dat=file:///data/user_de/0/com.android.packageinstaller/no_backup/package74889272259842187.apk flg=0x2000000 cmp=com.android.packageinstaller/.InstallInstalling (has extras)} from uid 10033
02-21 16:24:04.038   822   901 I WindowManager: Focus moving from Window{5233be3 u0 com.android.packageinstaller/com.android.packageinstaller.PackageInstallerActivity} to null
02-21 16:24:04.129   822  4138 I WindowManager: Relayout Window{b87b500 u0 com.android.packageinstaller/com.android.packageinstaller.InstallInstalling}: oldVis=4 newVis=0 focusMayChange = true
02-21 16:24:04.135   822   901 I WindowManager: Focus moving from null to Window{b87b500 u0 com.android.packageinstaller/com.android.packageinstaller.InstallInstalling}
02-21 16:24:06.353   822   894 I ActivityManager: Start proc 29009:com.android.defcontainer/u0a23 for service com.android.defcontainer/.DefaultContainerService
02-21 16:24:06.463   822   894 I ActivityManager: Start proc 29025:com.android.vending/u0a21 for broadcast com.android.vending/com.google.android.finsky.verifier.impl.PackageVerificationReceiver
02-21 16:24:07.288   822  6131 I ActivityManager: Killing 28874:com.google.android.gms/u0a15 (adj 904): 83331k from cached
02-21 16:24:07.363   822  1648 W ActivityManager: Scheduling restart of crashed service com.google.android.gms/.chimera.GmsBoundBrokerService in 1000ms
02-21 16:24:07.460 29025 29046 W PackageParser: Unknown element under <manifest>: queries at /data/app/vmdl1632695354.tmp/base.apk Binary XML file line #26
02-21 16:24:07.557   822   894 I ActivityManager: Start proc 29104:com.android.vending:background/u0a21 for service com.android.vending/com.google.frameworks.client.data.android.server.play.BackgroundProcessEndpointService
02-21 16:24:08.380   822   894 I ActivityManager: Start proc 29142:com.google.android.gms/u0a15 for service com.google.android.gms/.chimera.GmsBoundBrokerService
02-21 16:24:11.074   822  1643 I ActivityManager: START u0 {flg=0x10000000 cmp=com.android.vending/com.google.android.finsky.protectdialogs.activity.PlayProtectDialogsActivity (has extras)} from uid 10021
02-21 16:24:11.102   822   901 I WindowManager: Focus moving from Window{b87b500 u0 com.android.packageinstaller/com.android.packageinstaller.InstallInstalling} to null
02-21 16:24:11.444   822   901 I WindowManager: Focus moving from null to Window{f96ecc8 u0 com.android.vending/com.google.android.finsky.protectdialogs.activity.PlayProtectDialogsActivity}
02-21 16:24:11.449   822  1648 I WindowManager: Relayout Window{f50b6ba u0 com.android.vending/com.google.android.finsky.protectdialogs.activity.PlayProtectDialogsActivity}: oldVis=4 newVis=0 focusMayChange = true
02-21 16:24:14.207   822   964 I NetworkStatsRecorder: recordSnapshotLocked: ident[[{type=WIFI, subType=COMBINED, networkId="MAIS_NET_TELECOM_5.8G", metered=false, defaultNetwork=true}]]
02-21 16:24:14.207   822   964 W NetworkStatsRecorder: unknown interfaces [lo], ignoring those stats
02-21 16:24:14.207   822   964 I NetworkStatsRecorder: recordSnapshotLocked: ident[[{type=WIFI, subType=COMBINED, networkId="MAIS_NET_TELECOM_5.8G", metered=false, defaultNetwork=true}]]
02-21 16:24:14.207   822   964 W NetworkStatsRecorder: unknown interfaces [lo], ignoring those stats
02-21 16:24:14.207   822   964 I NetworkStatsRecorder: recordSnapshotLocked: ident[[{type=WIFI, subType=COMBINED, networkId="MAIS_NET_TELECOM_5.8G", metered=false, defaultNetwork=true}]]
02-21 16:24:14.207   822   964 I chatty  : uid=1000(system) NetworkStats identical 5 lines
02-21 16:24:14.208   822   964 I NetworkStatsRecorder: recordSnapshotLocked: ident[[{type=WIFI, subType=COMBINED, networkId="MAIS_NET_TELECOM_5.8G", metered=false, defaultNetwork=true}]]
02-21 16:24:14.208   822   964 W NetworkStatsRecorder: unknown interfaces [lo], ignoring those stats
02-21 16:24:14.208   822   964 I NetworkStatsRecorder: recordSnapshotLocked: ident[[{type=WIFI, subType=COMBINED, networkId="MAIS_NET_TELECOM_5.8G", metered=false, defaultNetwork=true}]]
02-21 16:24:14.208   822   964 W NetworkStatsRecorder: unknown interfaces [lo], ignoring those stats
02-21 16:24:15.987   822   964 I NetworkStatsRecorder: recordSnapshotLocked: ident[[{type=WIFI, subType=COMBINED, networkId="MAIS_NET_TELECOM_5.8G", metered=false, defaultNetwork=true}]]
02-21 16:24:15.987   822   964 W NetworkStatsRecorder: unknown interfaces [lo], ignoring those stats
02-21 16:24:15.987   822   964 I NetworkStatsRecorder: recordSnapshotLocked: ident[[{type=WIFI, subType=COMBINED, networkId="MAIS_NET_TELECOM_5.8G", metered=false, defaultNetwork=true}]]
02-21 16:24:15.987   822   964 W NetworkStatsRecorder: unknown interfaces [lo], ignoring those stats
02-21 16:24:15.988   822   964 I NetworkStatsRecorder: recordSnapshotLocked: ident[[{type=WIFI, subType=COMBINED, networkId="MAIS_NET_TELECOM_5.8G", metered=false, defaultNetwork=true}]]
02-21 16:24:15.988   822   964 W NetworkStatsRecorder: unknown interfaces [lo], ignoring those stats
02-21 16:24:15.988   822   964 W NetworkStatsRecorder: unknown interfaces [lo], ignoring those stats
02-21 16:24:17.614   822   891 W BroadcastQueue: Background execution not allowed: receiving Intent { act=android.intent.action.DROPBOX_ENTRY_ADDED flg=0x10 (has extras) } to com.google.android.gms/.stats.service.DropBoxEntryAddedReceiver
02-21 16:24:17.627   822   891 I chatty  : uid=1000(system) ActivityManager identical 1 line
02-21 16:24:17.643   822   891 W BroadcastQueue: Background execution not allowed: receiving Intent { act=android.intent.action.DROPBOX_ENTRY_ADDED flg=0x10 (has extras) } to com.google.android.gms/.stats.service.DropBoxEntryAddedReceiver
02-21 16:24:18.281   822   964 I NetworkStatsRecorder: recordSnapshotLocked: ident[[{type=WIFI, subType=COMBINED, networkId="MAIS_NET_TELECOM_5.8G", metered=false, defaultNetwork=true}]]
02-21 16:24:18.281   822   964 W NetworkStatsRecorder: unknown interfaces [lo], ignoring those stats
02-21 16:24:18.281   822   964 I NetworkStatsRecorder: recordSnapshotLocked: ident[[{type=WIFI, subType=COMBINED, networkId="MAIS_NET_TELECOM_5.8G", metered=false, defaultNetwork=true}]]
02-21 16:24:18.281   822   964 W NetworkStatsRecorder: unknown interfaces [lo], ignoring those stats
02-21 16:24:18.281   822   964 I NetworkStatsRecorder: recordSnapshotLocked: ident[[{type=WIFI, subType=COMBINED, networkId="MAIS_NET_TELECOM_5.8G", metered=false, defaultNetwork=true}]]
02-21 16:24:18.281   822   964 I NetworkStatsRecorder: recordSnapshotLocked: ident[[{type=WIFI, subType=COMBINED, networkId="MAIS_NET_TELECOM_5.8G", metered=false, defaultNetwork=true}]]
02-21 16:24:18.281   822   964 W NetworkStatsRecorder: unknown interfaces [lo], ignoring those stats
02-21 16:24:18.281   822   964 W NetworkStatsRecorder: unknown interfaces [lo], ignoring those stats
02-21 16:24:20.051   822   964 I NetworkStatsRecorder: recordSnapshotLocked: ident[[{type=WIFI, subType=COMBINED, networkId="MAIS_NET_TELECOM_5.8G", metered=false, defaultNetwork=true}]]
02-21 16:24:20.051   822   964 W NetworkStatsRecorder: unknown interfaces [lo], ignoring those stats
02-21 16:24:20.051   822   964 I NetworkStatsRecorder: recordSnapshotLocked: ident[[{type=WIFI, subType=COMBINED, networkId="MAIS_NET_TELECOM_5.8G", metered=false, defaultNetwork=true}]]
02-21 16:24:20.051   822   964 W NetworkStatsRecorder: unknown interfaces [lo], ignoring those stats
02-21 16:24:20.051   822   964 I NetworkStatsRecorder: recordSnapshotLocked: ident[[{type=WIFI, subType=COMBINED, networkId="MAIS_NET_TELECOM_5.8G", metered=false, defaultNetwork=true}]]
02-21 16:24:20.052   822   964 W NetworkStatsRecorder: unknown interfaces [lo], ignoring those stats
02-21 16:24:20.052   822   964 W NetworkStatsRecorder: unknown interfaces [lo], ignoring those stats
