02-21 16:33:04.604 31363 31363 W SoLoader: SoLoader already initialized
02-21 16:33:04.628  1440  4181 I FontLog : (REDACTED) Received query %s, URI %s
02-21 16:33:04.629  1440  4181 I FontLog : (REDACTED) Query [%s] resolved to %s
02-21 16:33:04.631  1440  4181 I FontLog : (REDACTED) Fetch %s end status %s
02-21 16:33:04.640  1440  4181 I FontLog : (REDACTED) Pulling font file for id = %d, cache size = %d
02-21 16:33:04.649  1440  4181 I FontLog : (REDACTED) Pulling font file for id = %d, cache size = %d
02-21 16:33:06.218 31363 31629 I ExpoModulesCore: Ô£à AppContext was initialized
02-21 16:33:06.305 31363 31637 W unknown:ViewManagerPropertyUpdater: Could not find generated setter for class com.facebook.react.views.drawer.ReactDrawerLayoutManager
02-21 16:33:06.316 31363 31637 W unknown:ViewManagerPropertyUpdater: Could not find generated setter for class com.facebook.react.uimanager.LayoutShadowNode
02-21 16:33:06.322 31363 31637 W unknown:ViewManagerPropertyUpdater: Could not find generated setter for class com.facebook.react.views.scroll.ReactHorizontalScrollViewManager
02-21 16:33:06.330 31363 31637 W unknown:ViewManagerPropertyUpdater: Could not find generated setter for class com.facebook.react.views.scroll.ReactHorizontalScrollContainerViewManager
02-21 16:33:06.335 31363 31637 W unknown:ViewManagerPropertyUpdater: Could not find generated setter for class com.facebook.react.views.progressbar.ReactProgressBarViewManager
02-21 16:33:06.337 31363 31637 W unknown:ViewManagerPropertyUpdater: Could not find generated setter for class com.facebook.react.views.progressbar.ProgressBarShadowNode
02-21 16:33:06.340 31363 31637 W unknown:ViewManagerPropertyUpdater: Could not find generated setter for class com.facebook.react.views.scroll.ReactScrollViewManager
02-21 16:33:06.348 31363 31637 W unknown:ViewManagerPropertyUpdater: Could not find generated setter for class com.facebook.react.views.switchview.ReactSwitchManager
02-21 16:33:06.353 31363 31637 W unknown:ViewManagerPropertyUpdater: Could not find generated setter for class com.facebook.react.views.switchview.ReactSwitchManager$ReactSwitchShadowNode
02-21 16:33:06.355 31363 31637 W unknown:ViewManagerPropertyUpdater: Could not find generated setter for class com.facebook.react.views.safeareaview.ReactSafeAreaViewManager
02-21 16:33:06.357 31363 31637 W unknown:ViewManagerPropertyUpdater: Could not find generated setter for class com.facebook.react.views.safeareaview.ReactSafeAreaViewShadowNode
02-21 16:33:06.358 31363 31637 W unknown:ViewManagerPropertyUpdater: Could not find generated setter for class com.facebook.react.views.swiperefresh.SwipeRefreshLayoutManager
02-21 16:33:06.363 31363 31637 W unknown:ViewManagerPropertyUpdater: Could not find generated setter for class com.facebook.react.views.text.frescosupport.FrescoBasedReactTextInlineImageViewManager
02-21 16:33:06.363 31363 31637 W unknown:ViewManagerPropertyUpdater: Could not find generated setter for class com.facebook.react.views.text.frescosupport.FrescoBasedReactTextInlineImageShadowNode
02-21 16:33:06.366 31363 31637 W unknown:ViewManagerPropertyUpdater: Could not find generated setter for class com.facebook.react.views.image.ReactImageManager
02-21 16:33:06.371 31363 31637 W unknown:ViewManagerPropertyUpdater: Could not find generated setter for class com.facebook.react.views.modal.ReactModalHostManager
02-21 16:33:06.374 31363 31637 W unknown:ViewManagerPropertyUpdater: Could not find generated setter for class com.facebook.react.views.text.ReactRawTextManager
02-21 16:33:06.376 31363 31637 W unknown:ViewManagerPropertyUpdater: Could not find generated setter for class com.facebook.react.views.text.ReactRawTextShadowNode
02-21 16:33:06.378 31363 31637 W unknown:ViewManagerPropertyUpdater: Could not find generated setter for class com.facebook.react.views.textinput.ReactTextInputManager
02-21 16:33:06.384 31363 31637 W unknown:ViewManagerPropertyUpdater: Could not find generated setter for class com.facebook.react.views.textinput.ReactTextInputShadowNode
02-21 16:33:06.388 31363 31637 W unknown:ViewManagerPropertyUpdater: Could not find generated setter for class com.facebook.react.views.text.ReactTextViewManager
02-21 16:33:06.391 31363 31637 W unknown:ViewManagerPropertyUpdater: Could not find generated setter for class com.facebook.react.views.text.ReactTextShadowNode
02-21 16:33:06.393 31363 31637 W unknown:ViewManagerPropertyUpdater: Could not find generated setter for class com.facebook.react.views.view.ReactViewManager
02-21 16:33:06.397 31363 31637 W unknown:ViewManagerPropertyUpdater: Could not find generated setter for class com.facebook.react.views.text.ReactVirtualTextViewManager
02-21 16:33:06.398 31363 31637 W unknown:ViewManagerPropertyUpdater: Could not find generated setter for class com.facebook.react.views.text.ReactVirtualTextShadowNode
02-21 16:33:06.398 31363 31637 W unknown:ViewManagerPropertyUpdater: Could not find generated setter for class com.facebook.react.views.unimplementedview.ReactUnimplementedViewManager
02-21 16:33:06.402 31363 31637 W unknown:ViewManagerPropertyUpdater: Could not find generated setter for class expo.modules.kotlin.views.GroupViewManagerWrapper
02-21 16:33:06.407 31363 31637 W unknown:ViewManagerPropertyUpdater: Could not find generated setter for class com.th3rdwave.safeareacontext.SafeAreaProviderManager
02-21 16:33:06.410 31363 31637 W unknown:ViewManagerPropertyUpdater: Could not find generated setter for class com.th3rdwave.safeareacontext.SafeAreaViewManager
02-21 16:33:06.412 31363 31637 W unknown:ViewManagerPropertyUpdater: Could not find generated setter for class com.th3rdwave.safeareacontext.SafeAreaViewShadowNode
02-21 16:33:06.414 31363 31637 W unknown:ViewManagerPropertyUpdater: Could not find generated setter for class com.swmansion.rnscreens.ScreenContainerViewManager
02-21 16:33:06.416 31363 31637 W unknown:ViewManagerPropertyUpdater: Could not find generated setter for class com.swmansion.rnscreens.ScreenViewManager
02-21 16:33:06.421 31363 31637 W unknown:ViewManagerPropertyUpdater: Could not find generated setter for class com.swmansion.rnscreens.ModalScreenViewManager
02-21 16:33:06.422 31363 31637 W unknown:ViewManagerPropertyUpdater: Could not find generated setter for class com.swmansion.rnscreens.ScreenStackViewManager
02-21 16:33:06.425 31363 31637 W unknown:ViewManagerPropertyUpdater: Could not find generated setter for class com.swmansion.rnscreens.ScreenStackHeaderConfigViewManager
02-21 16:33:06.429 31363 31637 W unknown:ViewManagerPropertyUpdater: Could not find generated setter for class com.swmansion.rnscreens.ScreenStackHeaderSubviewManager
02-21 16:33:06.431 31363 31637 W unknown:ViewManagerPropertyUpdater: Could not find generated setter for class com.swmansion.rnscreens.SearchBarManager
02-21 16:33:06.434 31363 31637 W unknown:ViewManagerPropertyUpdater: Could not find generated setter for class com.swmansion.rnscreens.ScreenFooterManager
02-21 16:33:06.436 31363 31637 W unknown:ViewManagerPropertyUpdater: Could not find generated setter for class com.swmansion.rnscreens.ScreenContentWrapperManager
02-21 16:33:06.439 31363 31637 W unknown:ViewManagerPropertyUpdater: Could not find generated setter for class com.horcrux.svg.RenderableViewManager$DefsViewManager
02-21 16:33:06.443 31363 31637 W unknown:ViewManagerPropertyUpdater: Could not find generated setter for class com.horcrux.svg.VirtualViewManager$RenderableShadowNode
02-21 16:33:06.446 31363 31637 W unknown:ViewManagerPropertyUpdater: Could not find generated setter for class com.horcrux.svg.RenderableViewManager$FeMergeManager
02-21 16:33:06.450 31363 31637 W unknown:ViewManagerPropertyUpdater: Could not find generated setter for class com.horcrux.svg.RenderableViewManager$LinearGradientManager
02-21 16:33:06.454 31363 31637 W unknown:ViewManagerPropertyUpdater: Could not find generated setter for class com.horcrux.svg.RenderableViewManager$FeGaussianBlurManager
02-21 16:33:06.456 31363 31637 W unknown:ViewManagerPropertyUpdater: Could not find generated setter for class com.horcrux.svg.RenderableViewManager$FeColorMatrixManager
02-21 16:33:06.459 31363 31637 W unknown:ViewManagerPropertyUpdater: Could not find generated setter for class com.horcrux.svg.RenderableViewManager$ClipPathViewManager
02-21 16:33:06.464 31363 31637 W unknown:ViewManagerPropertyUpdater: Could not find generated setter for class com.horcrux.svg.RenderableViewManager$SymbolManager
02-21 16:33:06.469 31363 31637 W unknown:ViewManagerPropertyUpdater: Could not find generated setter for class com.horcrux.svg.RenderableViewManager$PatternManager
02-21 16:33:06.474 31363 31637 W unknown:ViewManagerPropertyUpdater: Could not find generated setter for class com.horcrux.svg.RenderableViewManager$FeBlendManager
02-21 16:33:06.477 31363 31637 W unknown:ViewManagerPropertyUpdater: Could not find generated setter for class com.horcrux.svg.SvgViewManager
02-21 16:33:06.481 31363 31637 W unknown:ViewManagerPropertyUpdater: Could not find generated setter for class com.horcrux.svg.RenderableViewManager$UseViewManager
02-21 16:33:06.486 31363 31637 W unknown:ViewManagerPropertyUpdater: Could not find generated setter for class com.horcrux.svg.RenderableViewManager$CircleViewManager
02-21 16:33:06.490 31363 31637 W unknown:ViewManagerPropertyUpdater: Could not find generated setter for class com.horcrux.svg.RenderableViewManager$TSpanViewManager
02-21 16:33:06.497 31363 31637 W unknown:ViewManagerPropertyUpdater: Could not find generated setter for class com.horcrux.svg.RenderableViewManager$FilterManager
02-21 16:33:06.500 31363 31637 W unknown:ViewManagerPropertyUpdater: Could not find generated setter for class com.horcrux.svg.RenderableViewManager$MarkerManager
02-21 16:33:06.504 31363 31637 W unknown:ViewManagerPropertyUpdater: Could not find generated setter for class com.horcrux.svg.RenderableViewManager$ForeignObjectManager
02-21 16:33:06.508 31363 31637 W unknown:ViewManagerPropertyUpdater: Could not find generated setter for class com.horcrux.svg.RenderableViewManager$EllipseViewManager
02-21 16:33:06.511 31363 31637 W unknown:ViewManagerPropertyUpdater: Could not find generated setter for class com.horcrux.svg.RenderableViewManager$LineViewManager
02-21 16:33:06.515 31363 31637 W unknown:ViewManagerPropertyUpdater: Could not find generated setter for class com.horcrux.svg.RenderableViewManager$FeFloodManager
02-21 16:33:06.518 31363 31637 W unknown:ViewManagerPropertyUpdater: Could not find generated setter for class com.horcrux.svg.RenderableViewManager$GroupViewManager
02-21 16:33:06.520 31363 31637 W unknown:ViewManagerPropertyUpdater: Could not find generated setter for class com.horcrux.svg.RenderableViewManager$TextViewManager
02-21 16:33:06.523 31363 31637 W unknown:ViewManagerPropertyUpdater: Could not find generated setter for class com.horcrux.svg.RenderableViewManager$ImageViewManager
02-21 16:33:06.527 31363 31637 W unknown:ViewManagerPropertyUpdater: Could not find generated setter for class com.horcrux.svg.RenderableViewManager$RadialGradientManager
02-21 16:33:06.530 31363 31637 W unknown:ViewManagerPropertyUpdater: Could not find generated setter for class com.horcrux.svg.RenderableViewManager$MaskManager
02-21 16:33:06.534 31363 31637 W unknown:ViewManagerPropertyUpdater: Could not find generated setter for class com.horcrux.svg.RenderableViewManager$RectViewManager
02-21 16:33:06.538 31363 31637 W unknown:ViewManagerPropertyUpdater: Could not find generated setter for class com.horcrux.svg.RenderableViewManager$TextPathViewManager
02-21 16:33:06.542 31363 31637 W unknown:ViewManagerPropertyUpdater: Could not find generated setter for class com.horcrux.svg.RenderableViewManager$FeOffsetManager
02-21 16:33:06.545 31363 31637 W unknown:ViewManagerPropertyUpdater: Could not find generated setter for class com.horcrux.svg.RenderableViewManager$PathViewManager
02-21 16:33:06.598   822   968 E WifiVendorHal: getWifiLinkLayerStats(l.937) failed {.code = ERROR_NOT_SUPPORTED, .description = }
02-21 16:33:06.680 31363 31375 I onymous.innobe: Background concurrent copying GC freed 63574(3MB) AllocSpace objects, 2(40KB) LOS objects, 47% free, 6MB/12MB, paused 121us total 123.683ms
02-21 16:33:06.855 31363 31636 I ExpoModulesCore: Ô£à JSI interop was installed
02-21 16:33:06.856 31363 31636 W ExpoModulesCore: ÔÜá´©Å JSI interop was already installed
02-21 16:33:06.870 31363 31636 I ExpoModulesCore: Ô£à Constants were exported
02-21 16:33:06.877 31363 31636 I dev.expo.updates: {"timestamp":1771702386876,"message":"UpdatesModule: getConstants called","code":"None","level":"info"}
02-21 16:33:07.001 31363 31636 I ReactNativeJS: Running "main"
02-21 16:33:07.390 31363 31620 E ion     : ioctl c0044901 failed with code -1: Invalid argument
02-21 16:33:07.391 31363 31620 E GED     : Failed to get GED Log Buf, err(0)
02-21 16:33:07.393   366   366 I SurfaceFlinger: [Built-in Screen (type:0)] fps:9.207561,dur:3475.40,max:2972.84,min:15.50
02-21 16:33:07.418   357  1276 I vendor.mediatek.hardware.power@2.0-impl: powerHintAsync hint:8, data:0
02-21 16:33:07.424   822   961 I PowerWrap: PowerHal_Wrap_mtkPowerHint
02-21 16:33:07.425   357   382 I libPowerHal: 16: cpu_ctrl set freq: -1 -1
02-21 16:33:07.431   822   901 I ActivityManager: Displayed com.anonymous.innobet/.MainActivity: +3s489ms
02-21 16:33:07.432   357  1276 E IMGMemtrackHAL: GetGLMemtrackRecords: Subtracting per-pid stats from global stats would wrap. Clamping global stats to zero.
02-21 16:33:07.432   357  1276 I chatty  : uid=1000(system) HwBinder:357_3 identical 3 lines
02-21 16:33:07.432   357  1276 E IMGMemtrackHAL: GetGLMemtrackRecords: Subtracting per-pid stats from global stats would wrap. Clamping global stats to zero.
02-21 16:33:07.451 31363 31636 W ReactNativeJS: `transition-transform` unknown or invalid utility
02-21 16:33:07.471   366   366 I BufferQueueConsumer: [com.android.launcher3/com.android.launcher3.Launcher#0](this:0xae907000,id:769,api:1,p:-1,c:-1) disconnect(C)
02-21 16:33:07.471   366   366 I BufferQueue: [com.android.launcher3/com.android.launcher3.Launcher#0](this:0xae907000,id:769,api:1,p:-1,c:-1) ~BufferQueueCore
02-21 16:33:07.493 31363 31636 W ReactNativeJS: `placeholder-gray-600` unknown or invalid utility
02-21 16:33:07.625   366  1289 I BufferQueueProducer: [Splash Screen com.anonymous.innobet#0](this:0xae2fb000,id:770,api:2,p:822,c:366) disconnect(P): api 2
02-21 16:33:07.627   366   386 W SurfaceFlinger: Attempting to set client state on removed layer: Splash Screen com.anonymous.innobet#0
02-21 16:33:07.627   366   386 W SurfaceFlinger: Attempting to destroy on removed layer: Splash Screen com.anonymous.innobet#0
02-21 16:33:07.634   366   366 I BufferQueueConsumer: [Splash Screen com.anonymous.innobet#0](this:0xae2fb000,id:770,api:2,p:-1,c:-1) disconnect(C)
02-21 16:33:07.635   366   366 I BufferQueue: [Splash Screen com.anonymous.innobet#0](this:0xae2fb000,id:770,api:2,p:-1,c:-1) ~BufferQueueCore
02-21 16:33:07.663   366  1289 I BufferQueueProducer: [StatusBar#0](this:0xae1f3000,id:4,api:1,p:1009,c:366) queueBuffer: fps=2.60 dur=3460.75 max=3285.33 min=8.12
02-21 16:33:07.710 31363 31637 W unknown:ReactNative: Attempt to set local data for view with unknown tag: -1
02-21 16:33:07.712 31363 31637 W unknown:ReactNative: Attempt to set local data for view with unknown tag: -1
02-21 16:33:07.716 31363 31637 W unknown:ViewManagerPropertyUpdater: Could not find generated setter for class com.swmansion.rnscreens.ScreenStackHeaderConfigShadowNode
02-21 16:33:07.720 31363 31637 W unknown:ReactNative: Attempt to set local data for view with unknown tag: -1
02-21 16:33:07.720 31363 31637 W unknown:ReactNative: Attempt to set local data for view with unknown tag: -1
02-21 16:33:07.723 31363 31637 W unknown:ViewManagerPropertyUpdater: Could not find generated setter for class com.swmansion.rnscreens.ScreensShadowNode
02-21 16:33:07.940 31363 31636 I ReactNativeJS: '[Network] Connection changed:', { isConnected: true, isInternetReachable: true, type: 'wifi' }
02-21 16:33:07.949 31363 31636 I chatty  : uid=10064(com.anonymous.innobet) identical 2 lines
02-21 16:33:07.952 31363 31636 I ReactNativeJS: '[Network] Connection changed:', { isConnected: true, isInternetReachable: true, type: 'wifi' }
02-21 16:33:07.953 31363 31636 I ReactNativeJS: [SettingsContext] No token found, using default settings
02-21 16:33:08.343 31363 31636 E ReactNativeJS: 'Erro ao pegar token Expo:', { [Error: Make sure to complete the guide at https://docs.expo.dev/push-notifications/fcm-credentials/ : Default FirebaseApp is not initialized in this process com.anonymous.innobet. Make sure to call FirebaseApp.initializeApp(Context) first.] code: 'E_REGISTRATION_FAILED' }
02-21 16:33:08.352 31363 31636 I ReactNativeJS: BLE Printer initialized
02-21 16:33:08.366 31363 31620 E GED     : Failed to get GED Log Buf, err(0)
02-21 16:33:08.398   366   366 I SurfaceFlinger: [Built-in Screen (type:0)] fps:24.873295,dur:1005.09,max:487.62,min:2.12
02-21 16:33:08.464 31363 31637 E unknown:ReactNative: console.error: Erro ao pegar token Expo: Error: Make sure to complete the guide at https://docs.expo.dev/push-notifications/fcm-credentials/ : Default FirebaseApp is not initialized in this process com.anonymous.innobet. Make sure to call FirebaseApp.initializeApp(Context) first., js engine: hermes, stack:
02-21 16:33:08.464 31363 31637 E unknown:ReactNative: _construct@1:99485
02-21 16:33:08.464 31363 31637 E unknown:ReactNative: Wrapper@1:99139
02-21 16:33:08.464 31363 31637 E unknown:ReactNative: _callSuper@1:97140
02-21 16:33:08.464 31363 31637 E unknown:ReactNative: SyntheticError@1:98626
02-21 16:33:08.464 31363 31637 E unknown:ReactNative: reactConsoleErrorHandler@1:98287
02-21 16:33:08.464 31363 31637 E unknown:ReactNative: ?anon_0_@1:1585719
02-21 16:33:08.464 31363 31637 E unknown:ReactNative: asyncGeneratorStep@1:565825
02-21 16:33:08.464 31363 31637 E unknown:ReactNative: _throw@1:566130
02-21 16:33:08.464 31363 31637 E unknown:ReactNative: anonymous@1:120943
02-21 16:33:08.464 31363 31637 E unknown:ReactNative: _callTimer@1:119942
02-21 16:33:08.464 31363 31637 E unknown:ReactNative: _callReactNativeMicrotasksPass@1:120086
02-21 16:33:08.464 31363 31637 E unknown:ReactNative: callReactNativeMicrotasks@1:122017
02-21 16:33:08.464 31363 31637 E unknown:ReactNative: __callReactNativeMicrotasks@1:91596
02-21 16:33:08.464 31363 31637 E unknown:ReactNative: anonymous@1:90731
02-21 16:33:08.464 31363 31637 E unknown:ReactNative: __guard@1:91470
02-21 16:33:08.464 31363 31637 E unknown:ReactNative: flushedQueue@1:90642
02-21 16:33:08.516 31363 31637 W unknown:ReactNative: Attempt to set local data for view with unknown tag: -1
02-21 16:33:08.516 31363 31637 W unknown:ReactNative: Attempt to set local data for view with unknown tag: -1
02-21 16:33:08.676   366  1278 I BufferQueueProducer: [com.anonymous.innobet/com.anonymous.innobet.MainActivity#0](this:0xae945000,id:771,api:1,p:31363,c:366) queueBuffer: fps=4.75 dur=1262.36 max=560.48 min=11.55
02-21 16:33:08.808 31363 31636 W ReactNativeJS: `transform` unknown or invalid utility
02-21 16:33:08.863 31363 31636 I ReactNativeJS: '[Updater] Checking for updates at:', 'https://www.inforcomputer.com/Atualizacoes/InnoBet/version.json?t=1771702388863'
02-21 16:33:08.889 31363 31650 W onymous.innobe: Unknown chunk type '200'.
02-21 16:33:08.894 31363 31650 I WebViewFactory: Loading com.google.android.webview version 138.0.7204.179 (code 720417900)
02-21 16:33:08.894 31363 31650 W onymous.innobe: Unknown chunk type '200'.
02-21 16:33:08.945   366   386 I BufferQueue: [unnamed-366-772](this:0xae91a000,id:772,api:0,p:-1,c:-1) BufferQueue core=(366:/system/bin/surfaceflinger)
02-21 16:33:08.945   366   386 I BufferQueueConsumer: [unnamed-366-772](this:0xae91a000,id:772,api:0,p:-1,c:366) connect(C): consumer=(366:/system/bin/surfaceflinger) controlledByApp=false
02-21 16:33:08.945   366   386 I BufferQueueConsumer: [unnamed-366-772](this:0xae91a000,id:772,api:0,p:-1,c:366) setConsumerName: unnamed-366-772
02-21 16:33:08.945   366   386 I BufferQueueConsumer: [com.anonymous.innobet/com.anonymous.innobet.MainActivity#1](this:0xae91a000,id:772,api:0,p:-1,c:366) setConsumerName: com.anonymous.innobet/com.anonymous.innobet.MainActivity#1
02-21 16:33:08.945   366   386 I BufferQueueConsumer: [com.anonymous.innobet/com.anonymous.innobet.MainActivity#1](this:0xae91a000,id:772,api:0,p:-1,c:366) setDefaultBufferSize: width=720 height=1440
02-21 16:33:08.948   822   901 I WindowManager: Focus moving from Window{39f6ec2 u0 com.anonymous.innobet/com.anonymous.innobet.MainActivity} to Window{ab5b7ca u0 com.anonymous.innobet/com.anonymous.innobet.MainActivity}
02-21 16:33:08.950   366  1289 I BufferQueueProducer: [com.anonymous.innobet/com.anonymous.innobet.MainActivity#1](this:0xae91a000,id:772,api:1,p:31363,c:366) connect(P): api=1 producer=(31363:com.anonymous.innobet) producerControlledByApp=true
02-21 16:33:08.957 31363 31650 I onymous.innobe: Rejecting re-init on previously-failed class java.lang.Class<WV.AM>: java.lang.NoClassDefFoundError: Failed resolution of: Landroid/webkit/PacProcessor;
02-21 16:33:08.957 31363 31650 I onymous.innobe:   at java.lang.Class java.lang.Class.classForName(java.lang.String, boolean, java.lang.ClassLoader) (Class.java:-2)
02-21 16:33:08.958 31363 31650 I onymous.innobe:   at java.lang.Class java.lang.Class.forName(java.lang.String, boolean, java.lang.ClassLoader) (Class.java:453)
02-21 16:33:08.958 31363 31650 I onymous.innobe:   at java.lang.Class android.webkit.WebViewFactory.getWebViewProviderClass(java.lang.ClassLoader) (WebViewFactory.java:176)
02-21 16:33:08.958 31363 31650 I onymous.innobe:   at java.lang.Class android.webkit.WebViewFactory.getProviderClass() (WebViewFactory.java:459)
02-21 16:33:08.958 31363 31650 I onymous.innobe:   at android.webkit.WebViewFactoryProvider android.webkit.WebViewFactory.getProvider() (WebViewFactory.java:251)
02-21 16:33:08.958 31363 31650 I onymous.innobe:   at android.webkit.CookieManager android.webkit.CookieManager.getInstance() (CookieManager.java:40)
02-21 16:33:08.958 31363 31650 I onymous.innobe:   at android.webkit.CookieManager com.facebook.react.modules.network.ForwardingCookieHandler.getCookieManager() (ForwardingCookieHandler.java:102)
02-21 16:33:08.958 31363 31650 I onymous.innobe:   at java.util.Map com.facebook.react.modules.network.ForwardingCookieHandler.get(java.net.URI, java.util.Map) (ForwardingCookieHandler.java:43)
02-21 16:33:08.958 31363 31650 I onymous.innobe:   at java.util.List okhttp3.JavaNetCookieJar.loadForRequest(okhttp3.HttpUrl) (JavaNetCookieJar.kt:47)
02-21 16:33:08.958 31363 31650 I onymous.innobe:   at java.util.List com.facebook.react.modules.network.ReactCookieJarContainer.loadForRequest(okhttp3.HttpUrl) (ReactCookieJarContainer.java:44)
02-21 16:33:08.958 31363 31650 I onymous.innobe:   at okhttp3.Response okhttp3.internal.http.BridgeInterceptor.intercept(okhttp3.Interceptor$Chain) (BridgeInterceptor.kt:74)
02-21 16:33:08.958 31363 31650 I onymous.innobe:   at okhttp3.Response okhttp3.internal.http.RealInterceptorChain.proceed(okhttp3.Request) (RealInterceptorChain.kt:109)
02-21 16:33:08.958 31363 31650 I onymous.innobe:   at okhttp3.Response okhttp3.internal.http.RetryAndFollowUpInterceptor.intercept(okhttp3.Interceptor$Chain) (RetryAndFollowUpInterceptor.kt:76)
02-21 16:33:08.959 31363 31650 I onymous.innobe:   at okhttp3.Response okhttp3.internal.http.RealInterceptorChain.proceed(okhttp3.Request) (RealInterceptorChain.kt:109)
02-21 16:33:08.959 31363 31650 I onymous.innobe:   at okhttp3.Response okhttp3.internal.connection.RealCall.getResponseWithInterceptorChain$okhttp() (RealCall.kt:201)
02-21 16:33:08.959 31363 31650 I onymous.innobe:   at void okhttp3.internal.connection.RealCall$AsyncCall.run() (RealCall.kt:517)
02-21 16:33:08.959 31363 31650 I onymous.innobe:   at void java.util.concurrent.ThreadPoolExecutor.runWorker(java.util.concurrent.ThreadPoolExecutor$Worker) (ThreadPoolExecutor.java:1167)
02-21 16:33:08.959 31363 31650 I onymous.innobe:   at void java.util.concurrent.ThreadPoolExecutor$Worker.run() (ThreadPoolExecutor.java:641)
02-21 16:33:08.959 31363 31650 I onymous.innobe:   at void java.lang.Thread.run() (Thread.java:764)
02-21 16:33:08.959 31363 31650 I onymous.innobe: Caused by: java.lang.ClassNotFoundException: Didn't find class "android.webkit.PacProcessor" on path: DexPathList[[zip file "/data/app/com.google.android.webview-5Qheia9dr00Xpw0tBcysAQ==/base.apk"],nativeLibraryDirectories=[/data/app/com.google.android.webview-5Qheia9dr00Xpw0tBcysAQ==/lib/arm, /data/app/com.google.android.webview-5Qheia9dr00Xpw0tBcysAQ==/base.apk!/lib/armeabi-v7a, /system/lib]]
02-21 16:33:08.959 31363 31650 I onymous.innobe:   at java.lang.Class dalvik.system.BaseDexClassLoader.findClass(java.lang.String) (BaseDexClassLoader.java:134)
02-21 16:33:08.960 31363 31650 I onymous.innobe:   at java.lang.Class java.lang.ClassLoader.loadClass(java.lang.String, boolean) (ClassLoader.java:379)
02-21 16:33:08.960 31363 31650 I onymous.innobe:   at java.lang.Class java.lang.ClassLoader.loadClass(java.lang.String) (ClassLoader.java:312)
02-21 16:33:08.960 31363 31650 I onymous.innobe:   at java.lang.Class java.lang.Class.classForName(java.lang.String, boolean, java.lang.ClassLoader) (Class.java:-2)
02-21 16:33:08.960 31363 31650 I onymous.innobe:   at java.lang.Class java.lang.Class.forName(java.lang.String, boolean, java.lang.ClassLoader) (Class.java:453)
02-21 16:33:08.960 31363 31650 I onymous.innobe:   at java.lang.Class android.webkit.WebViewFactory.getWebViewProviderClass(java.lang.ClassLoader) (WebViewFactory.java:176)
02-21 16:33:08.960 31363 31650 I onymous.innobe:   at java.lang.Class android.webkit.WebViewFactory.getProviderClass() (WebViewFactory.java:459)
02-21 16:33:08.960 31363 31650 I onymous.innobe:   at android.webkit.WebViewFactoryProvider android.webkit.WebViewFactory.getProvider() (WebViewFactory.java:251)
02-21 16:33:08.960 31363 31650 I onymous.innobe:   at android.webkit.CookieManager android.webkit.CookieManager.getInstance() (CookieManager.java:40)
02-21 16:33:08.960 31363 31650 I onymous.innobe:   at android.webkit.CookieManager com.facebook.react.modules.network.ForwardingCookieHandler.getCookieManager() (ForwardingCookieHandler.java:102)
02-21 16:33:08.960 31363 31650 I onymous.innobe:   at java.util.Map com.facebook.react.modules.network.ForwardingCookieHandler.get(java.net.URI, java.util.Map) (ForwardingCookieHandler.java:43)
02-21 16:33:08.960 31363 31650 I onymous.innobe:   at java.util.List okhttp3.JavaNetCookieJar.loadForRequest(okhttp3.HttpUrl) (JavaNetCookieJar.kt:47)
02-21 16:33:08.960 31363 31650 I onymous.innobe:   at java.util.List com.facebook.react.modules.network.ReactCookieJarContainer.loadForRequest(okhttp3.HttpUrl) (ReactCookieJarContainer.java:44)
02-21 16:33:08.960 31363 31650 I onymous.innobe:   at okhttp3.Response okhttp3.internal.http.BridgeInterceptor.intercept(okhttp3.Interceptor$Chain) (BridgeInterceptor.kt:74)
02-21 16:33:08.960 31363 31650 I onymous.innobe:   at okhttp3.Response okhttp3.internal.http.RealInterceptorChain.proceed(okhttp3.Request) (RealInterceptorChain.kt:109)
02-21 16:33:08.960 31363 31650 I onymous.innobe:   at okhttp3.Response okhttp3.internal.http.RetryAndFollowUpInterceptor.intercept(okhttp3.Interceptor$Chain) (RetryAndFollowUpInterceptor.kt:76)
02-21 16:33:08.963 31363 31650 I onymous.innobe:   at okhttp3.Response okhttp3.internal.http.RealInterceptorChain.proceed(okhttp3.Request) (RealInterceptorChain.kt:109)
02-21 16:33:08.963 31363 31650 I onymous.innobe:   at okhttp3.Response okhttp3.internal.connection.RealCall.getResponseWithInterceptorChain$okhttp() (RealCall.kt:201)
02-21 16:33:08.963 31363 31650 I onymous.innobe:   at void okhttp3.internal.connection.RealCall$AsyncCall.run() (RealCall.kt:517)
02-21 16:33:08.963 31363 31650 I onymous.innobe:   at void java.util.concurrent.ThreadPoolExecutor.runWorker(java.util.concurrent.ThreadPoolExecutor$Worker) (ThreadPoolExecutor.java:1167)
02-21 16:33:08.963 31363 31650 I onymous.innobe:   at void java.util.concurrent.ThreadPoolExecutor$Worker.run() (ThreadPoolExecutor.java:641)
02-21 16:33:08.963 31363 31650 I onymous.innobe:   at void java.lang.Thread.run() (Thread.java:764)
02-21 16:33:08.963 31363 31650 I onymous.innobe: 
02-21 16:33:08.964 31363 31650 I onymous.innobe: Rejecting re-init on previously-failed class java.lang.Class<WV.AM>: java.lang.NoClassDefFoundError: Failed resolution of: Landroid/webkit/PacProcessor;
02-21 16:33:08.964 31363 31650 I onymous.innobe:   at java.lang.Class java.lang.Class.classForName(java.lang.String, boolean, java.lang.ClassLoader) (Class.java:-2)
02-21 16:33:08.964 31363 31650 I onymous.innobe:   at java.lang.Class java.lang.Class.forName(java.lang.String, boolean, java.lang.ClassLoader) (Class.java:453)
02-21 16:33:08.964 31363 31650 I onymous.innobe:   at java.lang.Class android.webkit.WebViewFactory.getWebViewProviderClass(java.lang.ClassLoader) (WebViewFactory.java:176)
02-21 16:33:08.964 31363 31650 I onymous.innobe:   at java.lang.Class android.webkit.WebViewFactory.getProviderClass() (WebViewFactory.java:459)
02-21 16:33:08.964 31363 31650 I onymous.innobe:   at android.webkit.WebViewFactoryProvider android.webkit.WebViewFactory.getProvider() (WebViewFactory.java:251)
02-21 16:33:08.964 31363 31650 I onymous.innobe:   at android.webkit.CookieManager android.webkit.CookieManager.getInstance() (CookieManager.java:40)
02-21 16:33:08.964 31363 31650 I onymous.innobe:   at android.webkit.CookieManager com.facebook.react.modules.network.ForwardingCookieHandler.getCookieManager() (ForwardingCookieHandler.java:102)
02-21 16:33:08.964 31363 31650 I onymous.innobe:   at java.util.Map com.facebook.react.modules.network.ForwardingCookieHandler.get(java.net.URI, java.util.Map) (ForwardingCookieHandler.java:43)
02-21 16:33:08.964 31363 31650 I onymous.innobe:   at java.util.List okhttp3.JavaNetCookieJar.loadForRequest(okhttp3.HttpUrl) (JavaNetCookieJar.kt:47)
02-21 16:33:08.964 31363 31650 I onymous.innobe:   at java.util.List com.facebook.react.modules.network.ReactCookieJarContainer.loadForRequest(okhttp3.HttpUrl) (ReactCookieJarContainer.java:44)
02-21 16:33:08.964 31363 31650 I onymous.innobe:   at okhttp3.Response okhttp3.internal.http.BridgeInterceptor.intercept(okhttp3.Interceptor$Chain) (BridgeInterceptor.kt:74)
02-21 16:33:08.964 31363 31650 I onymous.innobe:   at okhttp3.Response okhttp3.internal.http.RealInterceptorChain.proceed(okhttp3.Request) (RealInterceptorChain.kt:109)
02-21 16:33:08.964 31363 31650 I onymous.innobe:   at okhttp3.Response okhttp3.internal.http.RetryAndFollowUpInterceptor.intercept(okhttp3.Interceptor$Chain) (RetryAndFollowUpInterceptor.kt:76)
02-21 16:33:08.964 31363 31650 I onymous.innobe:   at okhttp3.Response okhttp3.internal.http.RealInterceptorChain.proceed(okhttp3.Request) (RealInterceptorChain.kt:109)
02-21 16:33:08.964 31363 31650 I onymous.innobe:   at okhttp3.Response okhttp3.internal.connection.RealCall.getResponseWithInterceptorChain$okhttp() (RealCall.kt:201)
02-21 16:33:08.964 31363 31650 I onymous.innobe:   at void okhttp3.internal.connection.RealCall$AsyncCall.run() (RealCall.kt:517)
02-21 16:33:08.964 31363 31650 I onymous.innobe:   at void java.util.concurrent.ThreadPoolExecutor.runWorker(java.util.concurrent.ThreadPoolExecutor$Worker) (ThreadPoolExecutor.java:1167)
02-21 16:33:08.964 31363 31650 I onymous.innobe:   at void java.util.concurrent.ThreadPoolExecutor$Worker.run() (ThreadPoolExecutor.java:641)
02-21 16:33:08.964 31363 31650 I onymous.innobe:   at void java.lang.Thread.run() (Thread.java:764)
02-21 16:33:08.964 31363 31650 I onymous.innobe: Caused by: java.lang.ClassNotFoundException: Didn't find class "android.webkit.PacProcessor" on path: DexPathList[[zip file "/data/app/com.google.android.webview-5Qheia9dr00Xpw0tBcysAQ==/base.apk"],nativeLibraryDirectories=[/data/app/com.google.android.webview-5Qheia9dr00Xpw0tBcysAQ==/lib/arm, /data/app/com.google.android.webview-5Qheia9dr00Xpw0tBcysAQ==/base.apk!/lib/armeabi-v7a, /system/lib]]
02-21 16:33:08.964 31363 31650 I onymous.innobe:   at java.lang.Class dalvik.system.BaseDexClassLoader.findClass(java.lang.String) (BaseDexClassLoader.java:134)
02-21 16:33:08.965 31363 31650 I onymous.innobe:   at java.lang.Class java.lang.ClassLoader.loadClass(java.lang.String, boolean) (ClassLoader.java:379)
02-21 16:33:08.965 31363 31650 I onymous.innobe:   at java.lang.Class java.lang.ClassLoader.loadClass(java.lang.String) (ClassLoader.java:312)
02-21 16:33:08.965 31363 31650 I onymous.innobe:   at java.lang.Class java.lang.Class.classForName(java.lang.String, boolean, java.lang.ClassLoader) (Class.java:-2)
02-21 16:33:08.965 31363 31650 I onymous.innobe:   at java.lang.Class java.lang.Class.forName(java.lang.String, boolean, java.lang.ClassLoader) (Class.java:453)
02-21 16:33:08.965 31363 31650 I onymous.innobe:   at java.lang.Class android.webkit.WebViewFactory.getWebViewProviderClass(java.lang.ClassLoader) (WebViewFactory.java:176)
02-21 16:33:08.965 31363 31650 I onymous.innobe:   at java.lang.Class android.webkit.WebViewFactory.getProviderClass() (WebViewFactory.java:459)
02-21 16:33:08.965 31363 31650 I onymous.innobe:   at android.webkit.WebViewFactoryProvider android.webkit.WebViewFactory.getProvider() (WebViewFactory.java:251)
02-21 16:33:08.965 31363 31650 I onymous.innobe:   at android.webkit.CookieManager android.webkit.CookieManager.getInstance() (CookieManager.java:40)
02-21 16:33:08.965 31363 31650 I onymous.innobe:   at android.webkit.CookieManager com.facebook.react.modules.network.ForwardingCookieHandler.getCookieManager() (ForwardingCookieHandler.java:102)
02-21 16:33:08.965 31363 31650 I onymous.innobe:   at java.util.Map com.facebook.react.modules.network.ForwardingCookieHandler.get(java.net.URI, java.util.Map) (ForwardingCookieHandler.java:43)
02-21 16:33:08.965 31363 31650 I onymous.innobe:   at java.util.List okhttp3.JavaNetCookieJar.loadForRequest(okhttp3.HttpUrl) (JavaNetCookieJar.kt:47)
02-21 16:33:08.965 31363 31650 I onymous.innobe:   at java.util.List com.facebook.react.modules.network.ReactCookieJarContainer.loadForRequest(okhttp3.HttpUrl) (ReactCookieJarContainer.java:44)
02-21 16:33:08.965 31363 31650 I onymous.innobe:   at okhttp3.Response okhttp3.internal.http.BridgeInterceptor.intercept(okhttp3.Interceptor$Chain) (BridgeInterceptor.kt:74)
02-21 16:33:08.965 31363 31650 I onymous.innobe:   at okhttp3.Response okhttp3.internal.http.RealInterceptorChain.proceed(okhttp3.Request) (RealInterceptorChain.kt:109)
02-21 16:33:08.965 31363 31650 I onymous.innobe:   at okhttp3.Response okhttp3.internal.http.RetryAndFollowUpInterceptor.intercept(okhttp3.Interceptor$Chain) (RetryAndFollowUpInterceptor.kt:76)
02-21 16:33:08.965 31363 31650 I onymous.innobe:   at okhttp3.Response okhttp3.internal.http.RealInterceptorChain.proceed(okhttp3.Request) (RealInterceptorChain.kt:109)
02-21 16:33:08.965 31363 31650 I onymous.innobe:   at okhttp3.Response okhttp3.internal.connection.RealCall.getResponseWithInterceptorChain$okhttp() (RealCall.kt:201)
02-21 16:33:08.965 31363 31650 I onymous.innobe:   at void okhttp3.internal.connection.RealCall$AsyncCall.run() (RealCall.kt:517)
02-21 16:33:08.965 31363 31650 I onymous.innobe:   at void java.util.concurrent.ThreadPoolExecutor.runWorker(java.util.concurrent.ThreadPoolExecutor$Worker) (ThreadPoolExecutor.java:1167)
02-21 16:33:08.965 31363 31650 I onymous.innobe:   at void java.util.concurrent.ThreadPoolExecutor$Worker.run() (ThreadPoolExecutor.java:641)
02-21 16:33:08.965 31363 31650 I onymous.innobe:   at void java.lang.Thread.run() (Thread.java:764)
02-21 16:33:08.965 31363 31650 I onymous.innobe: 
02-21 16:33:08.968 31363 31650 I onymous.innobe: Rejecting re-init on previously-failed class java.lang.Class<WV.AM>: java.lang.NoClassDefFoundError: Failed resolution of: Landroid/webkit/PacProcessor;
02-21 16:33:08.968 31363 31650 I onymous.innobe:   at java.lang.Class java.lang.Class.classForName(java.lang.String, boolean, java.lang.ClassLoader) (Class.java:-2)
02-21 16:33:08.968 31363 31650 I onymous.innobe:   at java.lang.Class java.lang.Class.forName(java.lang.String, boolean, java.lang.ClassLoader) (Class.java:453)
02-21 16:33:08.968 31363 31650 I onymous.innobe:   at java.lang.Class android.webkit.WebViewFactory.getWebViewProviderClass(java.lang.ClassLoader) (WebViewFactory.java:176)
02-21 16:33:08.968 31363 31650 I onymous.innobe:   at java.lang.Class android.webkit.WebViewFactory.getProviderClass() (WebViewFactory.java:459)
02-21 16:33:08.968 31363 31650 I onymous.innobe:   at android.webkit.WebViewFactoryProvider android.webkit.WebViewFactory.getProvider() (WebViewFactory.java:251)
02-21 16:33:08.968 31363 31650 I onymous.innobe:   at android.webkit.CookieManager android.webkit.CookieManager.getInstance() (CookieManager.java:40)
02-21 16:33:08.968 31363 31650 I onymous.innobe:   at android.webkit.CookieManager com.facebook.react.modules.network.ForwardingCookieHandler.getCookieManager() (ForwardingCookieHandler.java:102)
02-21 16:33:08.968 31363 31650 I onymous.innobe:   at java.util.Map com.facebook.react.modules.network.ForwardingCookieHandler.get(java.net.URI, java.util.Map) (ForwardingCookieHandler.java:43)
02-21 16:33:08.968 31363 31650 I onymous.innobe:   at java.util.List okhttp3.JavaNetCookieJar.loadForRequest(okhttp3.HttpUrl) (JavaNetCookieJar.kt:47)
02-21 16:33:08.968 31363 31650 I onymous.innobe:   at java.util.List com.facebook.react.modules.network.ReactCookieJarContainer.loadForRequest(okhttp3.HttpUrl) (ReactCookieJarContainer.java:44)
02-21 16:33:08.968 31363 31650 I onymous.innobe:   at okhttp3.Response okhttp3.internal.http.BridgeInterceptor.intercept(okhttp3.Interceptor$Chain) (BridgeInterceptor.kt:74)
02-21 16:33:08.968 31363 31650 I onymous.innobe:   at okhttp3.Response okhttp3.internal.http.RealInterceptorChain.proceed(okhttp3.Request) (RealInterceptorChain.kt:109)
02-21 16:33:08.969 31363 31650 I onymous.innobe:   at okhttp3.Response okhttp3.internal.http.RetryAndFollowUpInterceptor.intercept(okhttp3.Interceptor$Chain) (RetryAndFollowUpInterceptor.kt:76)
02-21 16:33:08.969 31363 31650 I onymous.innobe:   at okhttp3.Response okhttp3.internal.http.RealInterceptorChain.proceed(okhttp3.Request) (RealInterceptorChain.kt:109)
02-21 16:33:08.969 31363 31650 I onymous.innobe:   at okhttp3.Response okhttp3.internal.connection.RealCall.getResponseWithInterceptorChain$okhttp() (RealCall.kt:201)
02-21 16:33:08.969 31363 31650 I onymous.innobe:   at void okhttp3.internal.connection.RealCall$AsyncCall.run() (RealCall.kt:517)
02-21 16:33:08.969 31363 31650 I onymous.innobe:   at void java.util.concurrent.ThreadPoolExecutor.runWorker(java.util.concurrent.ThreadPoolExecutor$Worker) (ThreadPoolExecutor.java:1167)
02-21 16:33:08.969 31363 31650 I onymous.innobe:   at void java.util.concurrent.ThreadPoolExecutor$Worker.run() (ThreadPoolExecutor.java:641)
02-21 16:33:08.969 31363 31650 I onymous.innobe:   at void java.lang.Thread.run() (Thread.java:764)
02-21 16:33:08.969 31363 31650 I onymous.innobe: Caused by: java.lang.ClassNotFoundException: Didn't find class "android.webkit.PacProcessor" on path: DexPathList[[zip file "/data/app/com.google.android.webview-5Qheia9dr00Xpw0tBcysAQ==/base.apk"],nativeLibraryDirectories=[/data/app/com.google.android.webview-5Qheia9dr00Xpw0tBcysAQ==/lib/arm, /data/app/com.google.android.webview-5Qheia9dr00Xpw0tBcysAQ==/base.apk!/lib/armeabi-v7a, /system/lib]]
02-21 16:33:08.969 31363 31650 I onymous.innobe:   at java.lang.Class dalvik.system.BaseDexClassLoader.findClass(java.lang.String) (BaseDexClassLoader.java:134)
02-21 16:33:08.969 31363 31650 I onymous.innobe:   at java.lang.Class java.lang.ClassLoader.loadClass(java.lang.String, boolean) (ClassLoader.java:379)
02-21 16:33:08.969 31363 31650 I onymous.innobe:   at java.lang.Class java.lang.ClassLoader.loadClass(java.lang.String) (ClassLoader.java:312)
02-21 16:33:08.969 31363 31650 I onymous.innobe:   at java.lang.Class java.lang.Class.classForName(java.lang.String, boolean, java.lang.ClassLoader) (Class.java:-2)
02-21 16:33:08.969 31363 31650 I onymous.innobe:   at java.lang.Class java.lang.Class.forName(java.lang.String, boolean, java.lang.ClassLoader) (Class.java:453)
02-21 16:33:08.969 31363 31650 I onymous.innobe:   at java.lang.Class android.webkit.WebViewFactory.getWebViewProviderClass(java.lang.ClassLoader) (WebViewFactory.java:176)
02-21 16:33:08.969 31363 31650 I onymous.innobe:   at java.lang.Class android.webkit.WebViewFactory.getProviderClass() (WebViewFactory.java:459)
02-21 16:33:08.969 31363 31650 I onymous.innobe:   at android.webkit.WebViewFactoryProvider android.webkit.WebViewFactory.getProvider() (WebViewFactory.java:251)
02-21 16:33:08.969 31363 31650 I onymous.innobe:   at android.webkit.CookieManager android.webkit.CookieManager.getInstance() (CookieManager.java:40)
02-21 16:33:08.969 31363 31650 I onymous.innobe:   at android.webkit.CookieManager com.facebook.react.modules.network.ForwardingCookieHandler.getCookieManager() (ForwardingCookieHandler.java:102)
02-21 16:33:08.969 31363 31650 I onymous.innobe:   at java.util.Map com.facebook.react.modules.network.ForwardingCookieHandler.get(java.net.URI, java.util.Map) (ForwardingCookieHandler.java:43)
02-21 16:33:08.969 31363 31650 I onymous.innobe:   at java.util.List okhttp3.JavaNetCookieJar.loadForRequest(okhttp3.HttpUrl) (JavaNetCookieJar.kt:47)
02-21 16:33:08.969 31363 31650 I onymous.innobe:   at java.util.List com.facebook.react.modules.network.ReactCookieJarContainer.loadForRequest(okhttp3.HttpUrl) (ReactCookieJarContainer.java:44)
02-21 16:33:08.969 31363 31650 I onymous.innobe:   at okhttp3.Response okhttp3.internal.http.BridgeInterceptor.intercept(okhttp3.Interceptor$Chain) (BridgeInterceptor.kt:74)
02-21 16:33:08.969 31363 31650 I onymous.innobe:   at okhttp3.Response okhttp3.internal.http.RealInterceptorChain.proceed(okhttp3.Request) (RealInterceptorChain.kt:109)
02-21 16:33:08.969 31363 31650 I onymous.innobe:   at okhttp3.Response okhttp3.internal.http.RetryAndFollowUpInterceptor.intercept(okhttp3.Interceptor$Chain) (RetryAndFollowUpInterceptor.kt:76)
02-21 16:33:08.969 31363 31650 I onymous.innobe:   at okhttp3.Response okhttp3.internal.http.RealInterceptorChain.proceed(okhttp3.Request) (RealInterceptorChain.kt:109)
02-21 16:33:08.969 31363 31650 I onymous.innobe:   at okhttp3.Response okhttp3.internal.connection.RealCall.getResponseWithInterceptorChain$okhttp() (RealCall.kt:201)
02-21 16:33:08.969 31363 31650 I onymous.innobe:   at void okhttp3.internal.connection.RealCall$AsyncCall.run() (RealCall.kt:517)
02-21 16:33:08.969 31363 31650 I onymous.innobe:   at void java.util.concurrent.ThreadPoolExecutor.runWorker(java.util.concurrent.ThreadPoolExecutor$Worker) (ThreadPoolExecutor.java:1167)
02-21 16:33:08.969 31363 31650 I onymous.innobe:   at void java.util.concurrent.ThreadPoolExecutor$Worker.run() (ThreadPoolExecutor.java:641)
02-21 16:33:08.969 31363 31650 I onymous.innobe:   at void java.lang.Thread.run() (Thread.java:764)
02-21 16:33:08.969 31363 31650 I onymous.innobe: 
02-21 16:33:08.969 31363 31650 I onymous.innobe: Rejecting re-init on previously-failed class java.lang.Class<WV.AM>: java.lang.NoClassDefFoundError: Failed resolution of: Landroid/webkit/PacProcessor;
02-21 16:33:08.969 31363 31650 I onymous.innobe:   at java.lang.Class java.lang.Class.classForName(java.lang.String, boolean, java.lang.ClassLoader) (Class.java:-2)
02-21 16:33:08.969 31363 31650 I onymous.innobe:   at java.lang.Class java.lang.Class.forName(java.lang.String, boolean, java.lang.ClassLoader) (Class.java:453)
02-21 16:33:08.969 31363 31650 I onymous.innobe:   at java.lang.Class android.webkit.WebViewFactory.getWebViewProviderClass(java.lang.ClassLoader) (WebViewFactory.java:176)
02-21 16:33:08.969 31363 31650 I onymous.innobe:   at java.lang.Class android.webkit.WebViewFactory.getProviderClass() (WebViewFactory.java:459)
02-21 16:33:08.969 31363 31650 I onymous.innobe:   at android.webkit.WebViewFactoryProvider android.webkit.WebViewFactory.getProvider() (WebViewFactory.java:251)
02-21 16:33:08.969 31363 31650 I onymous.innobe:   at android.webkit.CookieManager android.webkit.CookieManager.getInstance() (CookieManager.java:40)
02-21 16:33:08.969 31363 31650 I onymous.innobe:   at android.webkit.CookieManager com.facebook.react.modules.network.ForwardingCookieHandler.getCookieManager() (ForwardingCookieHandler.java:102)
02-21 16:33:08.969 31363 31650 I onymous.innobe:   at java.util.Map com.facebook.react.modules.network.ForwardingCookieHandler.get(java.net.URI, java.util.Map) (ForwardingCookieHandler.java:43)
02-21 16:33:08.969 31363 31650 I onymous.innobe:   at java.util.List okhttp3.JavaNetCookieJar.loadForRequest(okhttp3.HttpUrl) (JavaNetCookieJar.kt:47)
02-21 16:33:08.970 31363 31650 I onymous.innobe:   at java.util.List com.facebook.react.modules.network.ReactCookieJarContainer.loadForRequest(okhttp3.HttpUrl) (ReactCookieJarContainer.java:44)
02-21 16:33:08.970 31363 31650 I onymous.innobe:   at okhttp3.Response okhttp3.internal.http.BridgeInterceptor.intercept(okhttp3.Interceptor$Chain) (BridgeInterceptor.kt:74)
02-21 16:33:08.970 31363 31650 I onymous.innobe:   at okhttp3.Response okhttp3.internal.http.RealInterceptorChain.proceed(okhttp3.Request) (RealInterceptorChain.kt:109)
02-21 16:33:08.970 31363 31650 I onymous.innobe:   at okhttp3.Response okhttp3.internal.http.RetryAndFollowUpInterceptor.intercept(okhttp3.Interceptor$Chain) (RetryAndFollowUpInterceptor.kt:76)
02-21 16:33:08.970 31363 31650 I onymous.innobe:   at okhttp3.Response okhttp3.internal.http.RealInterceptorChain.proceed(okhttp3.Request) (RealInterceptorChain.kt:109)
02-21 16:33:08.970 31363 31650 I onymous.innobe:   at okhttp3.Response okhttp3.internal.connection.RealCall.getResponseWithInterceptorChain$okhttp() (RealCall.kt:201)
02-21 16:33:08.970 31363 31650 I onymous.innobe:   at void okhttp3.internal.connection.RealCall$AsyncCall.run() (RealCall.kt:517)
02-21 16:33:08.970 31363 31650 I onymous.innobe:   at void java.util.concurrent.ThreadPoolExecutor.runWorker(java.util.concurrent.ThreadPoolExecutor$Worker) (ThreadPoolExecutor.java:1167)
02-21 16:33:08.970 31363 31650 I onymous.innobe:   at void java.util.concurrent.ThreadPoolExecutor$Worker.run() (ThreadPoolExecutor.java:641)
02-21 16:33:08.970 31363 31650 I onymous.innobe:   at void java.lang.Thread.run() (Thread.java:764)
02-21 16:33:08.970 31363 31650 I onymous.innobe: Caused by: java.lang.ClassNotFoundException: Didn't find class "android.webkit.PacProcessor" on path: DexPathList[[zip file "/data/app/com.google.android.webview-5Qheia9dr00Xpw0tBcysAQ==/base.apk"],nativeLibraryDirectories=[/data/app/com.google.android.webview-5Qheia9dr00Xpw0tBcysAQ==/lib/arm, /data/app/com.google.android.webview-5Qheia9dr00Xpw0tBcysAQ==/base.apk!/lib/armeabi-v7a, /system/lib]]
02-21 16:33:08.970 31363 31650 I onymous.innobe:   at java.lang.Class dalvik.system.BaseDexClassLoader.findClass(java.lang.String) (BaseDexClassLoader.java:134)
02-21 16:33:08.970 31363 31650 I onymous.innobe:   at java.lang.Class java.lang.ClassLoader.loadClass(java.lang.String, boolean) (ClassLoader.java:379)
02-21 16:33:08.970 31363 31650 I onymous.innobe:   at java.lang.Class java.lang.ClassLoader.loadClass(java.lang.String) (ClassLoader.java:312)
02-21 16:33:08.970 31363 31650 I onymous.innobe:   at java.lang.Class java.lang.Class.classForName(java.lang.String, boolean, java.lang.ClassLoader) (Class.java:-2)
02-21 16:33:08.970 31363 31650 I onymous.innobe:   at java.lang.Class java.lang.Class.forName(java.lang.String, boolean, java.lang.ClassLoader) (Class.java:453)
02-21 16:33:08.970 31363 31650 I onymous.innobe:   at java.lang.Class android.webkit.WebViewFactory.getWebViewProviderClass(java.lang.ClassLoader) (WebViewFactory.java:176)
02-21 16:33:08.970 31363 31650 I onymous.innobe:   at java.lang.Class android.webkit.WebViewFactory.getProviderClass() (WebViewFactory.java:459)
02-21 16:33:08.970 31363 31650 I onymous.innobe:   at android.webkit.WebViewFactoryProvider android.webkit.WebViewFactory.getProvider() (WebViewFactory.java:251)
02-21 16:33:08.970 31363 31650 I onymous.innobe:   at android.webkit.CookieManager android.webkit.CookieManager.getInstance() (CookieManager.java:40)
02-21 16:33:08.970 31363 31650 I onymous.innobe:   at android.webkit.CookieManager com.facebook.react.modules.network.ForwardingCookieHandler.getCookieManager() (ForwardingCookieHandler.java:102)
02-21 16:33:08.970 31363 31650 I onymous.innobe:   at java.util.Map com.facebook.react.modules.network.ForwardingCookieHandler.get(java.net.URI, java.util.Map) (ForwardingCookieHandler.java:43)
02-21 16:33:08.970 31363 31650 I onymous.innobe:   at java.util.List okhttp3.JavaNetCookieJar.loadForRequest(okhttp3.HttpUrl) (JavaNetCookieJar.kt:47)
02-21 16:33:08.970 31363 31650 I onymous.innobe:   at java.util.List com.facebook.react.modules.network.ReactCookieJarContainer.loadForRequest(okhttp3.HttpUrl) (ReactCookieJarContainer.java:44)
02-21 16:33:08.970 31363 31650 I onymous.innobe:   at okhttp3.Response okhttp3.internal.http.BridgeInterceptor.intercept(okhttp3.Interceptor$Chain) (BridgeInterceptor.kt:74)
02-21 16:33:08.970 31363 31650 I onymous.innobe:   at okhttp3.Response okhttp3.internal.http.RealInterceptorChain.proceed(okhttp3.Request) (RealInterceptorChain.kt:109)
02-21 16:33:08.970 31363 31650 I onymous.innobe:   at okhttp3.Response okhttp3.internal.http.RetryAndFollowUpInterceptor.intercept(okhttp3.Interceptor$Chain) (RetryAndFollowUpInterceptor.kt:76)
02-21 16:33:08.970 31363 31650 I onymous.innobe:   at okhttp3.Response okhttp3.internal.http.RealInterceptorChain.proceed(okhttp3.Request) (RealInterceptorChain.kt:109)
